Archive member included to satisfy reference by file (symbol)

/mnt/e/git/for-build/edk2-lithium/workspace/Build/XiaomiMIXPkg/DEBUG_GCC5/AARCH64/ArmPlatformPkg/PrePi/PeiUniCore/OUTPUT/ArmPlatformPrePiUniCore.lib(ModuleEntryPoint.obj)
                              (_ModuleEntryPoint)
/mnt/e/git/for-build/edk2-lithium/workspace/Build/XiaomiMIXPkg/DEBUG_GCC5/AARCH64/ArmPlatformPkg/PrePi/PeiUniCore/OUTPUT/ArmPlatformPrePiUniCore.lib(PrePi.obj)
                              /mnt/e/git/for-build/edk2-lithium/workspace/Build/XiaomiMIXPkg/DEBUG_GCC5/AARCH64/ArmPlatformPkg/PrePi/PeiUniCore/OUTPUT/ArmPlatformPrePiUniCore.lib(ModuleEntryPoint.obj) (mSystemMemoryEnd)
/mnt/e/git/for-build/edk2-lithium/workspace/Build/XiaomiMIXPkg/DEBUG_GCC5/AARCH64/ArmPlatformPkg/PrePi/PeiUniCore/OUTPUT/ArmPlatformPrePiUniCore.lib(MainUniCore.obj)
                              PrePi.obj (symbol from plugin) (PrimaryMain)
/mnt/e/git/for-build/edk2-lithium/workspace/Build/XiaomiMIXPkg/DEBUG_GCC5/AARCH64/ArmPlatformPkg/PrePi/PeiUniCore/OUTPUT/ArmPlatformPrePiUniCore.lib(ArchPrePi.obj)
                              PrePi.obj (symbol from plugin) (ArchInitialize)
/mnt/e/git/for-build/edk2-lithium/workspace/Build/XiaomiMIXPkg/DEBUG_GCC5/AARCH64/ArmPlatformPkg/PrePi/PeiUniCore/OUTPUT/ArmPlatformPrePiUniCore.lib(AutoGen.obj)
                              PrePi.obj (symbol from plugin) (ProcessLibraryConstructorList)
/mnt/e/git/for-build/edk2-lithium/workspace/Build/XiaomiMIXPkg/DEBUG_GCC5/AARCH64/MdePkg/Library/BaseMemoryLib/BaseMemoryLib/OUTPUT/BaseMemoryLib.lib(MemLibGuid.obj)
                              PrePi.obj (symbol from plugin) (CompareGuid)
/mnt/e/git/for-build/edk2-lithium/workspace/Build/XiaomiMIXPkg/DEBUG_GCC5/AARCH64/MdePkg/Library/BaseLib/BaseLib/OUTPUT/BaseLib.lib(Unaligned.obj)
                              MemLibGuid.obj (symbol from plugin) (ReadUnaligned64)
/mnt/e/git/for-build/edk2-lithium/workspace/Build/XiaomiMIXPkg/DEBUG_GCC5/AARCH64/MdePkg/Library/BaseLib/BaseLib/OUTPUT/BaseLib.lib(RShiftU64.obj)
                              Unaligned.obj (symbol from plugin) (RShiftU64)
/mnt/e/git/for-build/edk2-lithium/workspace/Build/XiaomiMIXPkg/DEBUG_GCC5/AARCH64/MdePkg/Library/BaseLib/BaseLib/OUTPUT/BaseLib.lib(LShiftU64.obj)
                              Unaligned.obj (symbol from plugin) (LShiftU64)
/mnt/e/git/for-build/edk2-lithium/workspace/Build/XiaomiMIXPkg/DEBUG_GCC5/AARCH64/MdePkg/Library/BaseLib/BaseLib/OUTPUT/BaseLib.lib(Math64.obj)
                              LShiftU64.obj (symbol from plugin) (InternalMathLShiftU64)
/mnt/e/git/for-build/edk2-lithium/workspace/Build/XiaomiMIXPkg/DEBUG_GCC5/AARCH64/MdePkg/Library/BaseLib/BaseLib/OUTPUT/BaseLib.lib(SwapBytes32.obj)
                              Math64.obj (symbol from plugin) (SwapBytes32)
/mnt/e/git/for-build/edk2-lithium/workspace/Build/XiaomiMIXPkg/DEBUG_GCC5/AARCH64/MdePkg/Library/BaseLib/BaseLib/OUTPUT/BaseLib.lib(SwapBytes16.obj)
                              SwapBytes32.obj (symbol from plugin) (SwapBytes16)
/mnt/e/git/for-build/edk2-lithium/workspace/Build/XiaomiMIXPkg/DEBUG_GCC5/AARCH64/ArmPkg/Library/ArmLib/ArmBaseLib/OUTPUT/ArmBaseLib.lib(ArmLibSupport.obj)
                              PrePi.obj (symbol from plugin) (ArmCallWFE)
/mnt/e/git/for-build/edk2-lithium/workspace/Build/XiaomiMIXPkg/DEBUG_GCC5/AARCH64/ArmPkg/Library/ArmLib/ArmBaseLib/OUTPUT/ArmBaseLib.lib(ArmLibSupportV8.obj)
                              PrePi.obj (symbol from plugin) (ArmIsMpCore)
/mnt/e/git/for-build/edk2-lithium/workspace/Build/XiaomiMIXPkg/DEBUG_GCC5/AARCH64/ArmPkg/Library/ArmLib/ArmBaseLib/OUTPUT/ArmBaseLib.lib(AArch64Support.obj)
                              PrePi.obj (symbol from plugin) (ArmInvalidateInstructionCache)
/mnt/e/git/for-build/edk2-lithium/workspace/Build/XiaomiMIXPkg/DEBUG_GCC5/AARCH64/ArmPlatformPkg/Library/PrePiHobListPointerLib/PrePiHobListPointerLib/OUTPUT/PrePiHobListPointerLib.lib(PrePiHobListPointer.obj)
                              PrePi.obj (symbol from plugin) (PrePeiSetHobList)
/mnt/e/git/for-build/edk2-lithium/workspace/Build/XiaomiMIXPkg/DEBUG_GCC5/AARCH64/ArmPkg/Library/CompilerIntrinsicsLib/CompilerIntrinsicsLib/OUTPUT/CompilerIntrinsicsLib.lib(memcpy.obj)
                              /mnt/e/git/for-build/edk2/ArmPkg/Library/GccLto/liblto-aarch64.a (memcpy)
/mnt/e/git/for-build/edk2-lithium/workspace/Build/XiaomiMIXPkg/DEBUG_GCC5/AARCH64/ArmPkg/Library/CompilerIntrinsicsLib/CompilerIntrinsicsLib/OUTPUT/CompilerIntrinsicsLib.lib(memset.obj)
                              /mnt/e/git/for-build/edk2/ArmPkg/Library/GccLto/liblto-aarch64.a (memset)
/mnt/e/git/for-build/edk2-lithium/workspace/Build/XiaomiMIXPkg/DEBUG_GCC5/AARCH64/EmbeddedPkg/Library/PrePiHobLib/PrePiHobLib/OUTPUT/PrePiHobLib.lib(Hob.obj)
                              PrePi.obj (symbol from plugin) (HobConstructor)
/mnt/e/git/for-build/edk2-lithium/workspace/Build/XiaomiMIXPkg/DEBUG_GCC5/AARCH64/ArmPkg/Library/ArmCacheMaintenanceLib/ArmCacheMaintenanceLib/OUTPUT/ArmCacheMaintenanceLib.lib(ArmCacheMaintenanceLib.obj)
                              PrePi.obj (symbol from plugin) (InvalidateDataCacheRange)
/mnt/e/git/for-build/edk2-lithium/workspace/Build/XiaomiMIXPkg/DEBUG_GCC5/AARCH64/MdePkg/Library/BasePrintLib/BasePrintLib/OUTPUT/BasePrintLib.lib(PrintLib.obj)
                              PrePi.obj (symbol from plugin) (AsciiSPrint)
/mnt/e/git/for-build/edk2-lithium/workspace/Build/XiaomiMIXPkg/DEBUG_GCC5/AARCH64/MdePkg/Library/BasePrintLib/BasePrintLib/OUTPUT/BasePrintLib.lib(PrintLibInternal.obj)
                              PrintLib.obj (symbol from plugin) (BasePrintLibConvertValueToString)
/mnt/e/git/for-build/edk2-lithium/workspace/Build/XiaomiMIXPkg/DEBUG_GCC5/AARCH64/XiaomiMIXPkg/Library/FrameBufferSerialPortLib/FrameBufferSerialPortLib/OUTPUT/FrameBufferSerialPortLib.lib(FrameBufferSerialPortLib.obj)
                              PrePi.obj (symbol from plugin) (SerialPortInitialize)
/mnt/e/git/for-build/edk2-lithium/workspace/Build/XiaomiMIXPkg/DEBUG_GCC5/AARCH64/MdePkg/Library/BaseDebugLibSerialPort/BaseDebugLibSerialPort/OUTPUT/BaseDebugLibSerialPort.lib(DebugLib.obj)
                              AutoGen.obj (symbol from plugin) (BaseDebugLibSerialPortConstructor)
/mnt/e/git/for-build/edk2-lithium/workspace/Build/XiaomiMIXPkg/DEBUG_GCC5/AARCH64/MdePkg/Library/BasePerformanceLibNull/BasePerformanceLibNull/OUTPUT/BasePerformanceLibNull.lib(PerformanceLib.obj)
                              PrePi.obj (symbol from plugin) (StartPerformanceMeasurement)
/mnt/e/git/for-build/edk2-lithium/workspace/Build/XiaomiMIXPkg/DEBUG_GCC5/AARCH64/MdePkg/Library/BasePeCoffLib/BasePeCoffLib/OUTPUT/BasePeCoffLib.lib(BasePeCoff.obj)
                              Hob.obj (symbol from plugin) (PeCoffLoaderGetImageInfo)
/mnt/e/git/for-build/edk2-lithium/workspace/Build/XiaomiMIXPkg/DEBUG_GCC5/AARCH64/MdePkg/Library/BasePeCoffLib/BasePeCoffLib/OUTPUT/BasePeCoffLib.lib(PeCoffLoaderEx.obj)
                              BasePeCoff.obj (symbol from plugin) (PeCoffLoaderRelocateImageEx)
/mnt/e/git/for-build/edk2-lithium/workspace/Build/XiaomiMIXPkg/DEBUG_GCC5/AARCH64/EmbeddedPkg/Library/PrePiExtractGuidedSectionLib/PrePiExtractGuidedSectionLib/OUTPUT/PrePiExtractGuidedSectionLib.lib(PrePiExtractGuidedSectionLib.obj)
                              AutoGen.obj (symbol from plugin) (ExtractGuidedSectionLibConstructor)
/mnt/e/git/for-build/edk2-lithium/workspace/Build/XiaomiMIXPkg/DEBUG_GCC5/AARCH64/ArmPkg/Library/ArmArchTimerLib/ArmArchTimerLib/OUTPUT/ArmArchTimerLib.lib(ArmArchTimerLib.obj)
                              PrePi.obj (symbol from plugin) (TimerConstructor)
/mnt/e/git/for-build/edk2-lithium/workspace/Build/XiaomiMIXPkg/DEBUG_GCC5/AARCH64/EmbeddedPkg/Library/PrePiLib/PrePiLib/OUTPUT/PrePiLib.lib(PrePiLib.obj)
                              PrePi.obj (symbol from plugin) (LoadDxeCoreFromFv)
/mnt/e/git/for-build/edk2-lithium/workspace/Build/XiaomiMIXPkg/DEBUG_GCC5/AARCH64/EmbeddedPkg/Library/PrePiLib/PrePiLib/OUTPUT/PrePiLib.lib(FwVol.obj)
                              PrePiLib.obj (symbol from plugin) (FfsFindSectionData)
/mnt/e/git/for-build/edk2-lithium/workspace/Build/XiaomiMIXPkg/DEBUG_GCC5/AARCH64/EmbeddedPkg/Library/PrePiMemoryAllocationLib/PrePiMemoryAllocationLib/OUTPUT/PrePiMemoryAllocationLib.lib(MemoryAllocationLib.obj)
                              PrePiLib.obj (symbol from plugin) (AllocatePages)
/mnt/e/git/for-build/edk2-lithium/workspace/Build/XiaomiMIXPkg/DEBUG_GCC5/AARCH64/XiaomiMIXPkg/Library/XiaomiMIXLib/XiaomiMIXLib/OUTPUT/XiaomiMIXLib.lib(XiaomiMIX.obj)
                              PrePi.obj (symbol from plugin) (ArmPlatformGetBootMode)
/mnt/e/git/for-build/edk2-lithium/workspace/Build/XiaomiMIXPkg/DEBUG_GCC5/AARCH64/XiaomiMIXPkg/Library/XiaomiMIXLib/XiaomiMIXLib/OUTPUT/XiaomiMIXLib.lib(XiaomiMIXHelper.obj)
                              /mnt/e/git/for-build/edk2-lithium/workspace/Build/XiaomiMIXPkg/DEBUG_GCC5/AARCH64/ArmPlatformPkg/PrePi/PeiUniCore/OUTPUT/ArmPlatformPrePiUniCore.lib(ModuleEntryPoint.obj) (ArmPlatformPeiBootAction)
/mnt/e/git/for-build/edk2-lithium/workspace/Build/XiaomiMIXPkg/DEBUG_GCC5/AARCH64/ArmPkg/Library/ArmMmuLib/ArmMmuBaseLib/OUTPUT/ArmMmuBaseLib.lib(ArmMmuLibCore.obj)
                              AutoGen.obj (symbol from plugin) (ArmMmuBaseLibConstructor)
/mnt/e/git/for-build/edk2-lithium/workspace/Build/XiaomiMIXPkg/DEBUG_GCC5/AARCH64/ArmPkg/Library/ArmMmuLib/ArmMmuBaseLib/OUTPUT/ArmMmuBaseLib.lib(ArmMmuLibReplaceEntry.obj)
                              ArmMmuLibCore.obj (symbol from plugin) (ArmReplaceLiveTranslationEntry)
/mnt/e/git/for-build/edk2-lithium/workspace/Build/XiaomiMIXPkg/DEBUG_GCC5/AARCH64/MdeModulePkg/Library/DebugAgentLibNull/DebugAgentLibNull/OUTPUT/DebugAgentLibNull.lib(DebugAgentLibNull.obj)
                              PrePi.obj (symbol from plugin) (InitializeDebugAgent)
/mnt/e/git/for-build/edk2-lithium/workspace/Build/XiaomiMIXPkg/DEBUG_GCC5/AARCH64/MdeModulePkg/Library/LzmaCustomDecompressLib/LzmaCustomDecompressLib/OUTPUT/LzmaDecompressLib.lib(GuidedSectionExtraction.obj)
                              AutoGen.obj (symbol from plugin) (LzmaDecompressLibConstructor)
/mnt/e/git/for-build/edk2-lithium/workspace/Build/XiaomiMIXPkg/DEBUG_GCC5/AARCH64/MdeModulePkg/Library/LzmaCustomDecompressLib/LzmaCustomDecompressLib/OUTPUT/LzmaDecompressLib.lib(LzmaDecompress.obj)
                              GuidedSectionExtraction.obj (symbol from plugin) (LzmaUefiDecompressGetInfo)
/mnt/e/git/for-build/edk2-lithium/workspace/Build/XiaomiMIXPkg/DEBUG_GCC5/AARCH64/MdeModulePkg/Library/LzmaCustomDecompressLib/LzmaCustomDecompressLib/OUTPUT/LzmaDecompressLib.lib(LzmaDec.obj)
                              LzmaDecompress.obj (symbol from plugin) (LzmaDecode)
/mnt/e/git/for-build/edk2-lithium/workspace/Build/XiaomiMIXPkg/DEBUG_GCC5/AARCH64/ArmPlatformPkg/Library/ArmPlatformStackLib/ArmPlatformStackLib/OUTPUT/ArmPlatformStackLib.lib(ArmPlatformStackLib.obj)
                              /mnt/e/git/for-build/edk2-lithium/workspace/Build/XiaomiMIXPkg/DEBUG_GCC5/AARCH64/ArmPlatformPkg/PrePi/PeiUniCore/OUTPUT/ArmPlatformPrePiUniCore.lib(ModuleEntryPoint.obj) (ArmPlatformStackSet)
/mnt/e/git/for-build/edk2-lithium/workspace/Build/XiaomiMIXPkg/DEBUG_GCC5/AARCH64/ArmPlatformPkg/PlatformPei/PlatformPeiLib/OUTPUT/ArmPlatformPeiLib.lib(PlatformPeiLib.obj)
                              PrePi.obj (symbol from plugin) (PlatformPeim)
/mnt/e/git/for-build/edk2-lithium/workspace/Build/XiaomiMIXPkg/DEBUG_GCC5/AARCH64/ArmPlatformPkg/MemoryInitPei/MemoryInitPeiLib/OUTPUT/ArmMemoryInitPeiLib.lib(MemoryInitPeiLib.obj)
                              PrePi.obj (symbol from plugin) (MemoryPeim)
/mnt/e/git/for-build/edk2-lithium/workspace/Build/XiaomiMIXPkg/DEBUG_GCC5/AARCH64/MdePkg/Library/BaseStackCheckLib/BaseStackCheckLib/OUTPUT/BaseStackCheckLib.lib(BaseStackCheckGcc.obj)
                              /mnt/e/git/for-build/edk2/ArmPkg/Library/GccLto/liblto-aarch64.a (__stack_chk_fail)
/mnt/e/git/for-build/edk2-lithium/workspace/Build/XiaomiMIXPkg/DEBUG_GCC5/AARCH64/MdePkg/Library/BaseMemoryLib/BaseMemoryLib/OUTPUT/BaseMemoryLib.lib(ZeroMemWrapper.obj)
                              Hob.obj (symbol from plugin) (ZeroMem)
/mnt/e/git/for-build/edk2-lithium/workspace/Build/XiaomiMIXPkg/DEBUG_GCC5/AARCH64/MdePkg/Library/BaseMemoryLib/BaseMemoryLib/OUTPUT/BaseMemoryLib.lib(SetMemWrapper.obj)
                              DebugLib.obj (symbol from plugin) (SetMem)
/mnt/e/git/for-build/edk2-lithium/workspace/Build/XiaomiMIXPkg/DEBUG_GCC5/AARCH64/MdePkg/Library/BaseMemoryLib/BaseMemoryLib/OUTPUT/BaseMemoryLib.lib(CopyMemWrapper.obj)
                              Hob.obj (symbol from plugin) (CopyMem)
/mnt/e/git/for-build/edk2-lithium/workspace/Build/XiaomiMIXPkg/DEBUG_GCC5/AARCH64/MdePkg/Library/BaseMemoryLib/BaseMemoryLib/OUTPUT/BaseMemoryLib.lib(MemLibGeneric.obj)
                              ZeroMemWrapper.obj (symbol from plugin) (InternalMemZeroMem)
/mnt/e/git/for-build/edk2-lithium/workspace/Build/XiaomiMIXPkg/DEBUG_GCC5/AARCH64/MdePkg/Library/BaseMemoryLib/BaseMemoryLib/OUTPUT/BaseMemoryLib.lib(CopyMem.obj)
                              CopyMemWrapper.obj (symbol from plugin) (InternalMemCopyMem)
/mnt/e/git/for-build/edk2-lithium/workspace/Build/XiaomiMIXPkg/DEBUG_GCC5/AARCH64/MdePkg/Library/BaseMemoryLib/BaseMemoryLib/OUTPUT/BaseMemoryLib.lib(SetMem.obj)
                              SetMemWrapper.obj (symbol from plugin) (InternalMemSetMem)
/mnt/e/git/for-build/edk2-lithium/workspace/Build/XiaomiMIXPkg/DEBUG_GCC5/AARCH64/MdePkg/Library/BaseMemoryLib/BaseMemoryLib/OUTPUT/BaseMemoryLib.lib(SetMem64Wrapper.obj)
                              SetMemWrapper.obj (symbol from plugin) (SetMem64)
/mnt/e/git/for-build/edk2-lithium/workspace/Build/XiaomiMIXPkg/DEBUG_GCC5/AARCH64/MdePkg/Library/BaseLib/BaseLib/OUTPUT/BaseLib.lib(SwitchStack.obj)
                              PrePiLib.obj (symbol from plugin) (SwitchStack)
/mnt/e/git/for-build/edk2-lithium/workspace/Build/XiaomiMIXPkg/DEBUG_GCC5/AARCH64/MdePkg/Library/BaseLib/BaseLib/OUTPUT/BaseLib.lib(MultU64x64.obj)
                              ArmArchTimerLib.obj (symbol from plugin) (MultU64x64)
/mnt/e/git/for-build/edk2-lithium/workspace/Build/XiaomiMIXPkg/DEBUG_GCC5/AARCH64/MdePkg/Library/BaseLib/BaseLib/OUTPUT/BaseLib.lib(DivU64x32Remainder.obj)
                              PrintLibInternal.obj (symbol from plugin) (DivU64x32Remainder)
/mnt/e/git/for-build/edk2-lithium/workspace/Build/XiaomiMIXPkg/DEBUG_GCC5/AARCH64/MdePkg/Library/BaseLib/BaseLib/OUTPUT/BaseLib.lib(DivU64x32.obj)
                              ArmArchTimerLib.obj (symbol from plugin) (DivU64x32)
/mnt/e/git/for-build/edk2-lithium/workspace/Build/XiaomiMIXPkg/DEBUG_GCC5/AARCH64/MdePkg/Library/BaseLib/BaseLib/OUTPUT/BaseLib.lib(CpuDeadLoop.obj)
                              DebugLib.obj (symbol from plugin) (CpuDeadLoop)
/mnt/e/git/for-build/edk2-lithium/workspace/Build/XiaomiMIXPkg/DEBUG_GCC5/AARCH64/MdePkg/Library/BaseLib/BaseLib/OUTPUT/BaseLib.lib(SafeString.obj)
                              PrintLibInternal.obj (symbol from plugin) (StrnLenS)
/mnt/e/git/for-build/edk2-lithium/workspace/Build/XiaomiMIXPkg/DEBUG_GCC5/AARCH64/MdePkg/Library/BaseLib/BaseLib/OUTPUT/BaseLib.lib(String.obj)
                              SafeString.obj (symbol from plugin) (InternalIsDecimalDigitCharacter)
/mnt/e/git/for-build/edk2-lithium/workspace/Build/XiaomiMIXPkg/DEBUG_GCC5/AARCH64/MdePkg/Library/BaseLib/BaseLib/OUTPUT/BaseLib.lib(InternalSwitchStack.obj)
                              SwitchStack.obj (symbol from plugin) (InternalSwitchStack)
/mnt/e/git/for-build/edk2-lithium/workspace/Build/XiaomiMIXPkg/DEBUG_GCC5/AARCH64/MdePkg/Library/BaseLib/BaseLib/OUTPUT/BaseLib.lib(SwitchStack.obj)
                              InternalSwitchStack.obj (symbol from plugin) (InternalSwitchStackAsm)
/mnt/e/git/for-build/edk2-lithium/workspace/Build/XiaomiMIXPkg/DEBUG_GCC5/AARCH64/MdePkg/Library/BaseLib/BaseLib/OUTPUT/BaseLib.lib(CpuBreakpoint.obj)
                              DebugLib.obj (symbol from plugin) (CpuBreakpoint)
/mnt/e/git/for-build/edk2-lithium/workspace/Build/XiaomiMIXPkg/DEBUG_GCC5/AARCH64/MdePkg/Library/BaseLib/BaseLib/OUTPUT/BaseLib.lib(MultU64x32.obj)
                              SafeString.obj (symbol from plugin) (MultU64x32)
/mnt/e/git/for-build/edk2-lithium/workspace/Build/XiaomiMIXPkg/DEBUG_GCC5/AARCH64/ArmPkg/Library/ArmLib/ArmBaseLib/OUTPUT/ArmBaseLib.lib(ArmLib.obj)
                              ArmCacheMaintenanceLib.obj (symbol from plugin) (ArmDataCacheLineLength)
/mnt/e/git/for-build/edk2-lithium/workspace/Build/XiaomiMIXPkg/DEBUG_GCC5/AARCH64/MdePkg/Library/BaseDebugPrintErrorLevelLib/BaseDebugPrintErrorLevelLib/OUTPUT/BaseDebugPrintErrorLevelLib.lib(BaseDebugPrintErrorLevelLib.obj)
                              DebugLib.obj (symbol from plugin) (GetDebugPrintErrorLevel)
/mnt/e/git/for-build/edk2-lithium/workspace/Build/XiaomiMIXPkg/DEBUG_GCC5/AARCH64/ArmPkg/Library/DebugPeCoffExtraActionLib/DebugPeCoffExtraActionLib/OUTPUT/DebugUnixPeCoffExtraActionLib.lib(DebugPeCoffExtraActionLib.obj)
                              BasePeCoff.obj (symbol from plugin) (PeCoffLoaderRelocateImageExtraAction)
/mnt/e/git/for-build/edk2-lithium/workspace/Build/XiaomiMIXPkg/DEBUG_GCC5/AARCH64/ArmPkg/Library/ArmGenericTimerPhyCounterLib/ArmGenericTimerPhyCounterLib/OUTPUT/ArmGenericTimerPhyCounterLib.lib(ArmGenericTimerPhyCounterLib.obj)
                              ArmArchTimerLib.obj (symbol from plugin) (ArmGenericTimerGetTimerFreq)
/mnt/e/git/for-build/edk2-lithium/workspace/Build/XiaomiMIXPkg/DEBUG_GCC5/AARCH64/MdePkg/Library/BaseUefiDecompressLib/BaseUefiDecompressLib/OUTPUT/BaseUefiDecompressLib.lib(BaseUefiDecompressLib.obj)
                              FwVol.obj (symbol from plugin) (UefiDecompressGetInfo)
/mnt/e/git/for-build/edk2-lithium/workspace/Build/XiaomiMIXPkg/DEBUG_GCC5/AARCH64/XiaomiMIXPkg/Library/XiaomiMIXLib/XiaomiMIXLib/OUTPUT/XiaomiMIXLib.lib(XiaomiMIXMem.obj)
                              MemoryInitPeiLib.obj (symbol from plugin) (ArmPlatformGetVirtualMemoryMap)
/mnt/e/git/for-build/edk2-lithium/workspace/Build/XiaomiMIXPkg/DEBUG_GCC5/AARCH64/MdePkg/Library/BaseMemoryLib/BaseMemoryLib/OUTPUT/BaseMemoryLib.lib(SetMem16Wrapper.obj)
                              BaseUefiDecompressLib.obj (symbol from plugin) (SetMem16)
/mnt/e/git/for-build/edk2-lithium/workspace/Build/XiaomiMIXPkg/DEBUG_GCC5/AARCH64/ArmPkg/Library/ArmLib/ArmBaseLib/OUTPUT/ArmBaseLib.lib(AArch64ArchTimerSupport.obj)
                              ArmGenericTimerPhyCounterLib.obj (symbol from plugin) (ArmReadCntFrq)

Discarded input sections

 .text          0x0000000000000000       0x10 /mnt/e/git/for-build/edk2/ArmPkg/Library/GccLto/liblto-aarch64.a
 .data          0x0000000000000000        0x0 /mnt/e/git/for-build/edk2/ArmPkg/Library/GccLto/liblto-aarch64.a
 .bss           0x0000000000000000        0x0 /mnt/e/git/for-build/edk2/ArmPkg/Library/GccLto/liblto-aarch64.a
 .text          0x0000000000000000        0x0 /tmp/cc4YNsy2.ltrans0.ltrans.o
 .data          0x0000000000000000        0x0 /tmp/cc4YNsy2.ltrans0.ltrans.o
 .bss           0x0000000000000000        0x0 /tmp/cc4YNsy2.ltrans0.ltrans.o
 .text.StrnLenS
                0x0000000000000000       0x7c /tmp/cc4YNsy2.ltrans0.ltrans.o
 .text.__memset
                0x0000000000000000       0x1c /tmp/cc4YNsy2.ltrans0.ltrans.o
 .rodata.StrnLenS.str1.1
                0x0000000000000000       0x61 /tmp/cc4YNsy2.ltrans0.ltrans.o
 .comment       0x0000000000000000       0x31 /tmp/cc4YNsy2.ltrans0.ltrans.o
 .note.GNU-stack
                0x0000000000000000        0x0 /tmp/cc4YNsy2.ltrans0.ltrans.o
 .text          0x0000000000000000        0x0 /mnt/e/git/for-build/edk2-lithium/workspace/Build/XiaomiMIXPkg/DEBUG_GCC5/AARCH64/ArmPlatformPkg/PrePi/PeiUniCore/OUTPUT/ArmPlatformPrePiUniCore.lib(ModuleEntryPoint.obj)
 .data          0x0000000000000000        0x0 /mnt/e/git/for-build/edk2-lithium/workspace/Build/XiaomiMIXPkg/DEBUG_GCC5/AARCH64/ArmPlatformPkg/PrePi/PeiUniCore/OUTPUT/ArmPlatformPrePiUniCore.lib(ModuleEntryPoint.obj)
 .bss           0x0000000000000000        0x0 /mnt/e/git/for-build/edk2-lithium/workspace/Build/XiaomiMIXPkg/DEBUG_GCC5/AARCH64/ArmPlatformPkg/PrePi/PeiUniCore/OUTPUT/ArmPlatformPrePiUniCore.lib(ModuleEntryPoint.obj)
 .text          0x0000000000000000        0x0 /mnt/e/git/for-build/edk2-lithium/workspace/Build/XiaomiMIXPkg/DEBUG_GCC5/AARCH64/ArmPkg/Library/ArmLib/ArmBaseLib/OUTPUT/ArmBaseLib.lib(ArmLibSupport.obj)
 .data          0x0000000000000000        0x0 /mnt/e/git/for-build/edk2-lithium/workspace/Build/XiaomiMIXPkg/DEBUG_GCC5/AARCH64/ArmPkg/Library/ArmLib/ArmBaseLib/OUTPUT/ArmBaseLib.lib(ArmLibSupport.obj)
 .bss           0x0000000000000000        0x0 /mnt/e/git/for-build/edk2-lithium/workspace/Build/XiaomiMIXPkg/DEBUG_GCC5/AARCH64/ArmPkg/Library/ArmLib/ArmBaseLib/OUTPUT/ArmBaseLib.lib(ArmLibSupport.obj)
 .text.ArmReadMidr
                0x0000000000000000        0x8 /mnt/e/git/for-build/edk2-lithium/workspace/Build/XiaomiMIXPkg/DEBUG_GCC5/AARCH64/ArmPkg/Library/ArmLib/ArmBaseLib/OUTPUT/ArmBaseLib.lib(ArmLibSupport.obj)
 .text.ArmGetFiqState
                0x0000000000000000       0x10 /mnt/e/git/for-build/edk2-lithium/workspace/Build/XiaomiMIXPkg/DEBUG_GCC5/AARCH64/ArmPkg/Library/ArmLib/ArmBaseLib/OUTPUT/ArmBaseLib.lib(ArmLibSupport.obj)
 .text.ArmWriteCpacr
                0x0000000000000000        0x8 /mnt/e/git/for-build/edk2-lithium/workspace/Build/XiaomiMIXPkg/DEBUG_GCC5/AARCH64/ArmPkg/Library/ArmLib/ArmBaseLib/OUTPUT/ArmBaseLib.lib(ArmLibSupport.obj)
 .text.ArmWriteAuxCr
                0x0000000000000000       0x28 /mnt/e/git/for-build/edk2-lithium/workspace/Build/XiaomiMIXPkg/DEBUG_GCC5/AARCH64/ArmPkg/Library/ArmLib/ArmBaseLib/OUTPUT/ArmBaseLib.lib(ArmLibSupport.obj)
 .text.ArmReadAuxCr
                0x0000000000000000       0x28 /mnt/e/git/for-build/edk2-lithium/workspace/Build/XiaomiMIXPkg/DEBUG_GCC5/AARCH64/ArmPkg/Library/ArmLib/ArmBaseLib/OUTPUT/ArmBaseLib.lib(ArmLibSupport.obj)
 .text.ArmGetMAIR
                0x0000000000000000       0x34 /mnt/e/git/for-build/edk2-lithium/workspace/Build/XiaomiMIXPkg/DEBUG_GCC5/AARCH64/ArmPkg/Library/ArmLib/ArmBaseLib/OUTPUT/ArmBaseLib.lib(ArmLibSupport.obj)
 .text.ArmInvalidateTlb
                0x0000000000000000       0x38 /mnt/e/git/for-build/edk2-lithium/workspace/Build/XiaomiMIXPkg/DEBUG_GCC5/AARCH64/ArmPkg/Library/ArmLib/ArmBaseLib/OUTPUT/ArmBaseLib.lib(ArmLibSupport.obj)
 .text.ArmWriteCptr
                0x0000000000000000        0x8 /mnt/e/git/for-build/edk2-lithium/workspace/Build/XiaomiMIXPkg/DEBUG_GCC5/AARCH64/ArmPkg/Library/ArmLib/ArmBaseLib/OUTPUT/ArmBaseLib.lib(ArmLibSupport.obj)
 .text.ArmWriteScr
                0x0000000000000000        0xc /mnt/e/git/for-build/edk2-lithium/workspace/Build/XiaomiMIXPkg/DEBUG_GCC5/AARCH64/ArmPkg/Library/ArmLib/ArmBaseLib/OUTPUT/ArmBaseLib.lib(ArmLibSupport.obj)
 .text.ArmWriteMVBar
                0x0000000000000000        0x8 /mnt/e/git/for-build/edk2-lithium/workspace/Build/XiaomiMIXPkg/DEBUG_GCC5/AARCH64/ArmPkg/Library/ArmLib/ArmBaseLib/OUTPUT/ArmBaseLib.lib(ArmLibSupport.obj)
 .text.ArmReadCpuActlr
                0x0000000000000000        0x8 /mnt/e/git/for-build/edk2-lithium/workspace/Build/XiaomiMIXPkg/DEBUG_GCC5/AARCH64/ArmPkg/Library/ArmLib/ArmBaseLib/OUTPUT/ArmBaseLib.lib(ArmLibSupport.obj)
 .text.ArmWriteCpuActlr
                0x0000000000000000       0x10 /mnt/e/git/for-build/edk2-lithium/workspace/Build/XiaomiMIXPkg/DEBUG_GCC5/AARCH64/ArmPkg/Library/ArmLib/ArmBaseLib/OUTPUT/ArmBaseLib.lib(ArmLibSupport.obj)
 .text.ArmReadSctlr
                0x0000000000000000       0x30 /mnt/e/git/for-build/edk2-lithium/workspace/Build/XiaomiMIXPkg/DEBUG_GCC5/AARCH64/ArmPkg/Library/ArmLib/ArmBaseLib/OUTPUT/ArmBaseLib.lib(ArmLibSupport.obj)
 .text.ArmWriteSctlr
                0x0000000000000000       0x30 /mnt/e/git/for-build/edk2-lithium/workspace/Build/XiaomiMIXPkg/DEBUG_GCC5/AARCH64/ArmPkg/Library/ArmLib/ArmBaseLib/OUTPUT/ArmBaseLib.lib(ArmLibSupport.obj)
 .text          0x0000000000000000        0x0 /mnt/e/git/for-build/edk2-lithium/workspace/Build/XiaomiMIXPkg/DEBUG_GCC5/AARCH64/ArmPkg/Library/ArmLib/ArmBaseLib/OUTPUT/ArmBaseLib.lib(ArmLibSupportV8.obj)
 .data          0x0000000000000000        0x0 /mnt/e/git/for-build/edk2-lithium/workspace/Build/XiaomiMIXPkg/DEBUG_GCC5/AARCH64/ArmPkg/Library/ArmLib/ArmBaseLib/OUTPUT/ArmBaseLib.lib(ArmLibSupportV8.obj)
 .bss           0x0000000000000000        0x0 /mnt/e/git/for-build/edk2-lithium/workspace/Build/XiaomiMIXPkg/DEBUG_GCC5/AARCH64/ArmPkg/Library/ArmLib/ArmBaseLib/OUTPUT/ArmBaseLib.lib(ArmLibSupportV8.obj)
 .text.ArmEnableAsynchronousAbort
                0x0000000000000000        0xc /mnt/e/git/for-build/edk2-lithium/workspace/Build/XiaomiMIXPkg/DEBUG_GCC5/AARCH64/ArmPkg/Library/ArmLib/ArmBaseLib/OUTPUT/ArmBaseLib.lib(ArmLibSupportV8.obj)
 .text.ArmDisableAsynchronousAbort
                0x0000000000000000        0xc /mnt/e/git/for-build/edk2-lithium/workspace/Build/XiaomiMIXPkg/DEBUG_GCC5/AARCH64/ArmPkg/Library/ArmLib/ArmBaseLib/OUTPUT/ArmBaseLib.lib(ArmLibSupportV8.obj)
 .text.ArmEnableIrq
                0x0000000000000000        0xc /mnt/e/git/for-build/edk2-lithium/workspace/Build/XiaomiMIXPkg/DEBUG_GCC5/AARCH64/ArmPkg/Library/ArmLib/ArmBaseLib/OUTPUT/ArmBaseLib.lib(ArmLibSupportV8.obj)
 .text.ArmDisableIrq
                0x0000000000000000        0xc /mnt/e/git/for-build/edk2-lithium/workspace/Build/XiaomiMIXPkg/DEBUG_GCC5/AARCH64/ArmPkg/Library/ArmLib/ArmBaseLib/OUTPUT/ArmBaseLib.lib(ArmLibSupportV8.obj)
 .text.ArmEnableFiq
                0x0000000000000000        0xc /mnt/e/git/for-build/edk2-lithium/workspace/Build/XiaomiMIXPkg/DEBUG_GCC5/AARCH64/ArmPkg/Library/ArmLib/ArmBaseLib/OUTPUT/ArmBaseLib.lib(ArmLibSupportV8.obj)
 .text.ArmDisableFiq
                0x0000000000000000        0xc /mnt/e/git/for-build/edk2-lithium/workspace/Build/XiaomiMIXPkg/DEBUG_GCC5/AARCH64/ArmPkg/Library/ArmLib/ArmBaseLib/OUTPUT/ArmBaseLib.lib(ArmLibSupportV8.obj)
 .text.ArmDisableAllExceptions
                0x0000000000000000        0xc /mnt/e/git/for-build/edk2-lithium/workspace/Build/XiaomiMIXPkg/DEBUG_GCC5/AARCH64/ArmPkg/Library/ArmLib/ArmBaseLib/OUTPUT/ArmBaseLib.lib(ArmLibSupportV8.obj)
 .text.ReadCCSIDR
                0x0000000000000000       0x10 /mnt/e/git/for-build/edk2-lithium/workspace/Build/XiaomiMIXPkg/DEBUG_GCC5/AARCH64/ArmPkg/Library/ArmLib/ArmBaseLib/OUTPUT/ArmBaseLib.lib(ArmLibSupportV8.obj)
 .text.ReadCLIDR
                0x0000000000000000        0x8 /mnt/e/git/for-build/edk2-lithium/workspace/Build/XiaomiMIXPkg/DEBUG_GCC5/AARCH64/ArmPkg/Library/ArmLib/ArmBaseLib/OUTPUT/ArmBaseLib.lib(ArmLibSupportV8.obj)
 .text          0x0000000000000000        0x0 /mnt/e/git/for-build/edk2-lithium/workspace/Build/XiaomiMIXPkg/DEBUG_GCC5/AARCH64/ArmPkg/Library/ArmLib/ArmBaseLib/OUTPUT/ArmBaseLib.lib(AArch64Support.obj)
 .data          0x0000000000000000        0x0 /mnt/e/git/for-build/edk2-lithium/workspace/Build/XiaomiMIXPkg/DEBUG_GCC5/AARCH64/ArmPkg/Library/ArmLib/ArmBaseLib/OUTPUT/ArmBaseLib.lib(AArch64Support.obj)
 .bss           0x0000000000000000        0x0 /mnt/e/git/for-build/edk2-lithium/workspace/Build/XiaomiMIXPkg/DEBUG_GCC5/AARCH64/ArmPkg/Library/ArmLib/ArmBaseLib/OUTPUT/ArmBaseLib.lib(AArch64Support.obj)
 .text.ArmInvalidateDataCacheEntryBySetWay
                0x0000000000000000        0x8 /mnt/e/git/for-build/edk2-lithium/workspace/Build/XiaomiMIXPkg/DEBUG_GCC5/AARCH64/ArmPkg/Library/ArmLib/ArmBaseLib/OUTPUT/ArmBaseLib.lib(AArch64Support.obj)
 .text.ArmCleanInvalidateDataCacheEntryBySetWay
                0x0000000000000000        0x8 /mnt/e/git/for-build/edk2-lithium/workspace/Build/XiaomiMIXPkg/DEBUG_GCC5/AARCH64/ArmPkg/Library/ArmLib/ArmBaseLib/OUTPUT/ArmBaseLib.lib(AArch64Support.obj)
 .text.ArmCleanDataCacheEntryBySetWay
                0x0000000000000000        0x8 /mnt/e/git/for-build/edk2-lithium/workspace/Build/XiaomiMIXPkg/DEBUG_GCC5/AARCH64/ArmPkg/Library/ArmLib/ArmBaseLib/OUTPUT/ArmBaseLib.lib(AArch64Support.obj)
 .text.ArmDisableMmu
                0x0000000000000000       0x74 /mnt/e/git/for-build/edk2-lithium/workspace/Build/XiaomiMIXPkg/DEBUG_GCC5/AARCH64/ArmPkg/Library/ArmLib/ArmBaseLib/OUTPUT/ArmBaseLib.lib(AArch64Support.obj)
 .text.ArmDisableCachesAndMmu
                0x0000000000000000       0x6c /mnt/e/git/for-build/edk2-lithium/workspace/Build/XiaomiMIXPkg/DEBUG_GCC5/AARCH64/ArmPkg/Library/ArmLib/ArmBaseLib/OUTPUT/ArmBaseLib.lib(AArch64Support.obj)
 .text.ArmDisableInstructionCache
                0x0000000000000000       0x68 /mnt/e/git/for-build/edk2-lithium/workspace/Build/XiaomiMIXPkg/DEBUG_GCC5/AARCH64/ArmPkg/Library/ArmLib/ArmBaseLib/OUTPUT/ArmBaseLib.lib(AArch64Support.obj)
 .text.ArmEnableAlignmentCheck
                0x0000000000000000       0x58 /mnt/e/git/for-build/edk2-lithium/workspace/Build/XiaomiMIXPkg/DEBUG_GCC5/AARCH64/ArmPkg/Library/ArmLib/ArmBaseLib/OUTPUT/ArmBaseLib.lib(AArch64Support.obj)
 .text.ArmDisableStackAlignmentCheck
                0x0000000000000000       0x68 /mnt/e/git/for-build/edk2-lithium/workspace/Build/XiaomiMIXPkg/DEBUG_GCC5/AARCH64/ArmPkg/Library/ArmLib/ArmBaseLib/OUTPUT/ArmBaseLib.lib(AArch64Support.obj)
 .text.ArmEnableBranchPrediction
                0x0000000000000000        0x4 /mnt/e/git/for-build/edk2-lithium/workspace/Build/XiaomiMIXPkg/DEBUG_GCC5/AARCH64/ArmPkg/Library/ArmLib/ArmBaseLib/OUTPUT/ArmBaseLib.lib(AArch64Support.obj)
 .text.ArmDisableBranchPrediction
                0x0000000000000000        0x4 /mnt/e/git/for-build/edk2-lithium/workspace/Build/XiaomiMIXPkg/DEBUG_GCC5/AARCH64/ArmPkg/Library/ArmLib/ArmBaseLib/OUTPUT/ArmBaseLib.lib(AArch64Support.obj)
 .text.AArch64AllDataCachesOperation
                0x0000000000000000       0xa8 /mnt/e/git/for-build/edk2-lithium/workspace/Build/XiaomiMIXPkg/DEBUG_GCC5/AARCH64/ArmPkg/Library/ArmLib/ArmBaseLib/OUTPUT/ArmBaseLib.lib(AArch64Support.obj)
 .text.ArmDataMemoryBarrier
                0x0000000000000000        0x8 /mnt/e/git/for-build/edk2-lithium/workspace/Build/XiaomiMIXPkg/DEBUG_GCC5/AARCH64/ArmPkg/Library/ArmLib/ArmBaseLib/OUTPUT/ArmBaseLib.lib(AArch64Support.obj)
 .text.ArmWriteVBar
                0x0000000000000000       0x34 /mnt/e/git/for-build/edk2-lithium/workspace/Build/XiaomiMIXPkg/DEBUG_GCC5/AARCH64/ArmPkg/Library/ArmLib/ArmBaseLib/OUTPUT/ArmBaseLib.lib(AArch64Support.obj)
 .text.ArmReadVBar
                0x0000000000000000       0x30 /mnt/e/git/for-build/edk2-lithium/workspace/Build/XiaomiMIXPkg/DEBUG_GCC5/AARCH64/ArmPkg/Library/ArmLib/ArmBaseLib/OUTPUT/ArmBaseLib.lib(AArch64Support.obj)
 .text.ArmCallWFI
                0x0000000000000000        0x8 /mnt/e/git/for-build/edk2-lithium/workspace/Build/XiaomiMIXPkg/DEBUG_GCC5/AARCH64/ArmPkg/Library/ArmLib/ArmBaseLib/OUTPUT/ArmBaseLib.lib(AArch64Support.obj)
 .text.ArmReadIdPfr1
                0x0000000000000000        0x8 /mnt/e/git/for-build/edk2-lithium/workspace/Build/XiaomiMIXPkg/DEBUG_GCC5/AARCH64/ArmPkg/Library/ArmLib/ArmBaseLib/OUTPUT/ArmBaseLib.lib(AArch64Support.obj)
 .text.ArmReadHcr
                0x0000000000000000        0x8 /mnt/e/git/for-build/edk2-lithium/workspace/Build/XiaomiMIXPkg/DEBUG_GCC5/AARCH64/ArmPkg/Library/ArmLib/ArmBaseLib/OUTPUT/ArmBaseLib.lib(AArch64Support.obj)
 .text.ArmReadCntHctl
                0x0000000000000000        0x8 /mnt/e/git/for-build/edk2-lithium/workspace/Build/XiaomiMIXPkg/DEBUG_GCC5/AARCH64/ArmPkg/Library/ArmLib/ArmBaseLib/OUTPUT/ArmBaseLib.lib(AArch64Support.obj)
 .text          0x0000000000000000        0x0 /mnt/e/git/for-build/edk2-lithium/workspace/Build/XiaomiMIXPkg/DEBUG_GCC5/AARCH64/XiaomiMIXPkg/Library/XiaomiMIXLib/XiaomiMIXLib/OUTPUT/XiaomiMIXLib.lib(XiaomiMIXHelper.obj)
 .data          0x0000000000000000        0x0 /mnt/e/git/for-build/edk2-lithium/workspace/Build/XiaomiMIXPkg/DEBUG_GCC5/AARCH64/XiaomiMIXPkg/Library/XiaomiMIXLib/XiaomiMIXLib/OUTPUT/XiaomiMIXLib.lib(XiaomiMIXHelper.obj)
 .bss           0x0000000000000000        0x0 /mnt/e/git/for-build/edk2-lithium/workspace/Build/XiaomiMIXPkg/DEBUG_GCC5/AARCH64/XiaomiMIXPkg/Library/XiaomiMIXLib/XiaomiMIXLib/OUTPUT/XiaomiMIXLib.lib(XiaomiMIXHelper.obj)
 .text          0x0000000000000000        0x0 /mnt/e/git/for-build/edk2-lithium/workspace/Build/XiaomiMIXPkg/DEBUG_GCC5/AARCH64/ArmPkg/Library/ArmMmuLib/ArmMmuBaseLib/OUTPUT/ArmMmuBaseLib.lib(ArmMmuLibReplaceEntry.obj)
 .data          0x0000000000000000        0x0 /mnt/e/git/for-build/edk2-lithium/workspace/Build/XiaomiMIXPkg/DEBUG_GCC5/AARCH64/ArmPkg/Library/ArmMmuLib/ArmMmuBaseLib/OUTPUT/ArmMmuBaseLib.lib(ArmMmuLibReplaceEntry.obj)
 .bss           0x0000000000000000        0x0 /mnt/e/git/for-build/edk2-lithium/workspace/Build/XiaomiMIXPkg/DEBUG_GCC5/AARCH64/ArmPkg/Library/ArmMmuLib/ArmMmuBaseLib/OUTPUT/ArmMmuBaseLib.lib(ArmMmuLibReplaceEntry.obj)
 .text          0x0000000000000000        0x0 /mnt/e/git/for-build/edk2-lithium/workspace/Build/XiaomiMIXPkg/DEBUG_GCC5/AARCH64/ArmPlatformPkg/Library/ArmPlatformStackLib/ArmPlatformStackLib/OUTPUT/ArmPlatformStackLib.lib(ArmPlatformStackLib.obj)
 .data          0x0000000000000000        0x0 /mnt/e/git/for-build/edk2-lithium/workspace/Build/XiaomiMIXPkg/DEBUG_GCC5/AARCH64/ArmPlatformPkg/Library/ArmPlatformStackLib/ArmPlatformStackLib/OUTPUT/ArmPlatformStackLib.lib(ArmPlatformStackLib.obj)
 .bss           0x0000000000000000        0x0 /mnt/e/git/for-build/edk2-lithium/workspace/Build/XiaomiMIXPkg/DEBUG_GCC5/AARCH64/ArmPlatformPkg/Library/ArmPlatformStackLib/ArmPlatformStackLib/OUTPUT/ArmPlatformStackLib.lib(ArmPlatformStackLib.obj)
 .text          0x0000000000000000       0x30 /mnt/e/git/for-build/edk2-lithium/workspace/Build/XiaomiMIXPkg/DEBUG_GCC5/AARCH64/MdePkg/Library/BaseLib/BaseLib/OUTPUT/BaseLib.lib(SwitchStack.obj)
 .data          0x0000000000000000        0x0 /mnt/e/git/for-build/edk2-lithium/workspace/Build/XiaomiMIXPkg/DEBUG_GCC5/AARCH64/MdePkg/Library/BaseLib/BaseLib/OUTPUT/BaseLib.lib(SwitchStack.obj)
 .bss           0x0000000000000000        0x0 /mnt/e/git/for-build/edk2-lithium/workspace/Build/XiaomiMIXPkg/DEBUG_GCC5/AARCH64/MdePkg/Library/BaseLib/BaseLib/OUTPUT/BaseLib.lib(SwitchStack.obj)
 .text          0x0000000000000000        0x8 /mnt/e/git/for-build/edk2-lithium/workspace/Build/XiaomiMIXPkg/DEBUG_GCC5/AARCH64/MdePkg/Library/BaseLib/BaseLib/OUTPUT/BaseLib.lib(CpuBreakpoint.obj)
 .data          0x0000000000000000        0x0 /mnt/e/git/for-build/edk2-lithium/workspace/Build/XiaomiMIXPkg/DEBUG_GCC5/AARCH64/MdePkg/Library/BaseLib/BaseLib/OUTPUT/BaseLib.lib(CpuBreakpoint.obj)
 .bss           0x0000000000000000        0x0 /mnt/e/git/for-build/edk2-lithium/workspace/Build/XiaomiMIXPkg/DEBUG_GCC5/AARCH64/MdePkg/Library/BaseLib/BaseLib/OUTPUT/BaseLib.lib(CpuBreakpoint.obj)
 .text          0x0000000000000000        0x0 /mnt/e/git/for-build/edk2-lithium/workspace/Build/XiaomiMIXPkg/DEBUG_GCC5/AARCH64/ArmPkg/Library/ArmLib/ArmBaseLib/OUTPUT/ArmBaseLib.lib(AArch64ArchTimerSupport.obj)
 .data          0x0000000000000000        0x0 /mnt/e/git/for-build/edk2-lithium/workspace/Build/XiaomiMIXPkg/DEBUG_GCC5/AARCH64/ArmPkg/Library/ArmLib/ArmBaseLib/OUTPUT/ArmBaseLib.lib(AArch64ArchTimerSupport.obj)
 .bss           0x0000000000000000        0x0 /mnt/e/git/for-build/edk2-lithium/workspace/Build/XiaomiMIXPkg/DEBUG_GCC5/AARCH64/ArmPkg/Library/ArmLib/ArmBaseLib/OUTPUT/ArmBaseLib.lib(AArch64ArchTimerSupport.obj)
 .text.ArmWriteCntFrq
                0x0000000000000000        0x8 /mnt/e/git/for-build/edk2-lithium/workspace/Build/XiaomiMIXPkg/DEBUG_GCC5/AARCH64/ArmPkg/Library/ArmLib/ArmBaseLib/OUTPUT/ArmBaseLib.lib(AArch64ArchTimerSupport.obj)
 .text.ArmReadCntkCtl
                0x0000000000000000        0x8 /mnt/e/git/for-build/edk2-lithium/workspace/Build/XiaomiMIXPkg/DEBUG_GCC5/AARCH64/ArmPkg/Library/ArmLib/ArmBaseLib/OUTPUT/ArmBaseLib.lib(AArch64ArchTimerSupport.obj)
 .text.ArmWriteCntkCtl
                0x0000000000000000        0x8 /mnt/e/git/for-build/edk2-lithium/workspace/Build/XiaomiMIXPkg/DEBUG_GCC5/AARCH64/ArmPkg/Library/ArmLib/ArmBaseLib/OUTPUT/ArmBaseLib.lib(AArch64ArchTimerSupport.obj)
 .text.ArmReadCntpTval
                0x0000000000000000        0x8 /mnt/e/git/for-build/edk2-lithium/workspace/Build/XiaomiMIXPkg/DEBUG_GCC5/AARCH64/ArmPkg/Library/ArmLib/ArmBaseLib/OUTPUT/ArmBaseLib.lib(AArch64ArchTimerSupport.obj)
 .text.ArmWriteCntpTval
                0x0000000000000000        0x8 /mnt/e/git/for-build/edk2-lithium/workspace/Build/XiaomiMIXPkg/DEBUG_GCC5/AARCH64/ArmPkg/Library/ArmLib/ArmBaseLib/OUTPUT/ArmBaseLib.lib(AArch64ArchTimerSupport.obj)
 .text.ArmReadCntpCtl
                0x0000000000000000        0x8 /mnt/e/git/for-build/edk2-lithium/workspace/Build/XiaomiMIXPkg/DEBUG_GCC5/AARCH64/ArmPkg/Library/ArmLib/ArmBaseLib/OUTPUT/ArmBaseLib.lib(AArch64ArchTimerSupport.obj)
 .text.ArmWriteCntpCtl
                0x0000000000000000        0x8 /mnt/e/git/for-build/edk2-lithium/workspace/Build/XiaomiMIXPkg/DEBUG_GCC5/AARCH64/ArmPkg/Library/ArmLib/ArmBaseLib/OUTPUT/ArmBaseLib.lib(AArch64ArchTimerSupport.obj)
 .text.ArmReadCntvTval
                0x0000000000000000        0x8 /mnt/e/git/for-build/edk2-lithium/workspace/Build/XiaomiMIXPkg/DEBUG_GCC5/AARCH64/ArmPkg/Library/ArmLib/ArmBaseLib/OUTPUT/ArmBaseLib.lib(AArch64ArchTimerSupport.obj)
 .text.ArmWriteCntvTval
                0x0000000000000000        0x8 /mnt/e/git/for-build/edk2-lithium/workspace/Build/XiaomiMIXPkg/DEBUG_GCC5/AARCH64/ArmPkg/Library/ArmLib/ArmBaseLib/OUTPUT/ArmBaseLib.lib(AArch64ArchTimerSupport.obj)
 .text.ArmReadCntvCtl
                0x0000000000000000        0x8 /mnt/e/git/for-build/edk2-lithium/workspace/Build/XiaomiMIXPkg/DEBUG_GCC5/AARCH64/ArmPkg/Library/ArmLib/ArmBaseLib/OUTPUT/ArmBaseLib.lib(AArch64ArchTimerSupport.obj)
 .text.ArmWriteCntvCtl
                0x0000000000000000        0x8 /mnt/e/git/for-build/edk2-lithium/workspace/Build/XiaomiMIXPkg/DEBUG_GCC5/AARCH64/ArmPkg/Library/ArmLib/ArmBaseLib/OUTPUT/ArmBaseLib.lib(AArch64ArchTimerSupport.obj)
 .text.ArmReadCntvCt
                0x0000000000000000        0x8 /mnt/e/git/for-build/edk2-lithium/workspace/Build/XiaomiMIXPkg/DEBUG_GCC5/AARCH64/ArmPkg/Library/ArmLib/ArmBaseLib/OUTPUT/ArmBaseLib.lib(AArch64ArchTimerSupport.obj)
 .text.ArmReadCntpCval
                0x0000000000000000        0x8 /mnt/e/git/for-build/edk2-lithium/workspace/Build/XiaomiMIXPkg/DEBUG_GCC5/AARCH64/ArmPkg/Library/ArmLib/ArmBaseLib/OUTPUT/ArmBaseLib.lib(AArch64ArchTimerSupport.obj)
 .text.ArmWriteCntpCval
                0x0000000000000000        0x8 /mnt/e/git/for-build/edk2-lithium/workspace/Build/XiaomiMIXPkg/DEBUG_GCC5/AARCH64/ArmPkg/Library/ArmLib/ArmBaseLib/OUTPUT/ArmBaseLib.lib(AArch64ArchTimerSupport.obj)
 .text.ArmReadCntvCval
                0x0000000000000000        0x8 /mnt/e/git/for-build/edk2-lithium/workspace/Build/XiaomiMIXPkg/DEBUG_GCC5/AARCH64/ArmPkg/Library/ArmLib/ArmBaseLib/OUTPUT/ArmBaseLib.lib(AArch64ArchTimerSupport.obj)
 .text.ArmWriteCntvCval
                0x0000000000000000        0x8 /mnt/e/git/for-build/edk2-lithium/workspace/Build/XiaomiMIXPkg/DEBUG_GCC5/AARCH64/ArmPkg/Library/ArmLib/ArmBaseLib/OUTPUT/ArmBaseLib.lib(AArch64ArchTimerSupport.obj)
 .text.ArmReadCntvOff
                0x0000000000000000        0x8 /mnt/e/git/for-build/edk2-lithium/workspace/Build/XiaomiMIXPkg/DEBUG_GCC5/AARCH64/ArmPkg/Library/ArmLib/ArmBaseLib/OUTPUT/ArmBaseLib.lib(AArch64ArchTimerSupport.obj)
 .text.ArmWriteCntvOff
                0x0000000000000000        0x8 /mnt/e/git/for-build/edk2-lithium/workspace/Build/XiaomiMIXPkg/DEBUG_GCC5/AARCH64/ArmPkg/Library/ArmLib/ArmBaseLib/OUTPUT/ArmBaseLib.lib(AArch64ArchTimerSupport.obj)

Memory Configuration

Name             Origin             Length             Attributes
*default*        0x0000000000000000 0xffffffffffffffff

Linker script and memory map

LOAD /mnt/e/git/for-build/edk2/ArmPkg/Library/GccLto/liblto-aarch64.a
LOAD /tmp/cc4YNsy2.ltrans0.ltrans.o
START GROUP
LOAD /mnt/e/git/for-build/edk2-lithium/workspace/Build/XiaomiMIXPkg/DEBUG_GCC5/AARCH64/ArmPlatformPkg/PrePi/PeiUniCore/OUTPUT/ArmPlatformPrePiUniCore.lib
LOAD /mnt/e/git/for-build/edk2-lithium/workspace/Build/XiaomiMIXPkg/DEBUG_GCC5/AARCH64/MdePkg/Library/BasePcdLibNull/BasePcdLibNull/OUTPUT/BasePcdLibNull.lib
LOAD /mnt/e/git/for-build/edk2-lithium/workspace/Build/XiaomiMIXPkg/DEBUG_GCC5/AARCH64/MdePkg/Library/BaseMemoryLib/BaseMemoryLib/OUTPUT/BaseMemoryLib.lib
LOAD /mnt/e/git/for-build/edk2-lithium/workspace/Build/XiaomiMIXPkg/DEBUG_GCC5/AARCH64/MdePkg/Library/BaseLib/BaseLib/OUTPUT/BaseLib.lib
LOAD /mnt/e/git/for-build/edk2-lithium/workspace/Build/XiaomiMIXPkg/DEBUG_GCC5/AARCH64/ArmPkg/Library/ArmLib/ArmBaseLib/OUTPUT/ArmBaseLib.lib
LOAD /mnt/e/git/for-build/edk2-lithium/workspace/Build/XiaomiMIXPkg/DEBUG_GCC5/AARCH64/ArmPlatformPkg/Library/PrePiHobListPointerLib/PrePiHobListPointerLib/OUTPUT/PrePiHobListPointerLib.lib
LOAD /mnt/e/git/for-build/edk2-lithium/workspace/Build/XiaomiMIXPkg/DEBUG_GCC5/AARCH64/ArmPkg/Library/CompilerIntrinsicsLib/CompilerIntrinsicsLib/OUTPUT/CompilerIntrinsicsLib.lib
LOAD /mnt/e/git/for-build/edk2-lithium/workspace/Build/XiaomiMIXPkg/DEBUG_GCC5/AARCH64/EmbeddedPkg/Library/PrePiHobLib/PrePiHobLib/OUTPUT/PrePiHobLib.lib
LOAD /mnt/e/git/for-build/edk2-lithium/workspace/Build/XiaomiMIXPkg/DEBUG_GCC5/AARCH64/MdePkg/Library/BaseIoLibIntrinsic/BaseIoLibIntrinsic/OUTPUT/BaseIoLibIntrinsic.lib
LOAD /mnt/e/git/for-build/edk2-lithium/workspace/Build/XiaomiMIXPkg/DEBUG_GCC5/AARCH64/ArmPkg/Library/ArmCacheMaintenanceLib/ArmCacheMaintenanceLib/OUTPUT/ArmCacheMaintenanceLib.lib
LOAD /mnt/e/git/for-build/edk2-lithium/workspace/Build/XiaomiMIXPkg/DEBUG_GCC5/AARCH64/MdePkg/Library/BaseDebugPrintErrorLevelLib/BaseDebugPrintErrorLevelLib/OUTPUT/BaseDebugPrintErrorLevelLib.lib
LOAD /mnt/e/git/for-build/edk2-lithium/workspace/Build/XiaomiMIXPkg/DEBUG_GCC5/AARCH64/MdePkg/Library/BasePrintLib/BasePrintLib/OUTPUT/BasePrintLib.lib
LOAD /mnt/e/git/for-build/edk2-lithium/workspace/Build/XiaomiMIXPkg/DEBUG_GCC5/AARCH64/XiaomiMIXPkg/Library/FrameBufferSerialPortLib/FrameBufferSerialPortLib/OUTPUT/FrameBufferSerialPortLib.lib
LOAD /mnt/e/git/for-build/edk2-lithium/workspace/Build/XiaomiMIXPkg/DEBUG_GCC5/AARCH64/MdePkg/Library/BaseDebugLibSerialPort/BaseDebugLibSerialPort/OUTPUT/BaseDebugLibSerialPort.lib
LOAD /mnt/e/git/for-build/edk2-lithium/workspace/Build/XiaomiMIXPkg/DEBUG_GCC5/AARCH64/ArmPkg/Library/DebugPeCoffExtraActionLib/DebugPeCoffExtraActionLib/OUTPUT/DebugUnixPeCoffExtraActionLib.lib
LOAD /mnt/e/git/for-build/edk2-lithium/workspace/Build/XiaomiMIXPkg/DEBUG_GCC5/AARCH64/ArmPkg/Library/ArmGenericTimerPhyCounterLib/ArmGenericTimerPhyCounterLib/OUTPUT/ArmGenericTimerPhyCounterLib.lib
LOAD /mnt/e/git/for-build/edk2-lithium/workspace/Build/XiaomiMIXPkg/DEBUG_GCC5/AARCH64/MdePkg/Library/BasePerformanceLibNull/BasePerformanceLibNull/OUTPUT/BasePerformanceLibNull.lib
LOAD /mnt/e/git/for-build/edk2-lithium/workspace/Build/XiaomiMIXPkg/DEBUG_GCC5/AARCH64/MdePkg/Library/BasePeCoffLib/BasePeCoffLib/OUTPUT/BasePeCoffLib.lib
LOAD /mnt/e/git/for-build/edk2-lithium/workspace/Build/XiaomiMIXPkg/DEBUG_GCC5/AARCH64/MdePkg/Library/BaseUefiDecompressLib/BaseUefiDecompressLib/OUTPUT/BaseUefiDecompressLib.lib
LOAD /mnt/e/git/for-build/edk2-lithium/workspace/Build/XiaomiMIXPkg/DEBUG_GCC5/AARCH64/EmbeddedPkg/Library/PrePiExtractGuidedSectionLib/PrePiExtractGuidedSectionLib/OUTPUT/PrePiExtractGuidedSectionLib.lib
LOAD /mnt/e/git/for-build/edk2-lithium/workspace/Build/XiaomiMIXPkg/DEBUG_GCC5/AARCH64/ArmPkg/Library/ArmArchTimerLib/ArmArchTimerLib/OUTPUT/ArmArchTimerLib.lib
LOAD /mnt/e/git/for-build/edk2-lithium/workspace/Build/XiaomiMIXPkg/DEBUG_GCC5/AARCH64/EmbeddedPkg/Library/PrePiLib/PrePiLib/OUTPUT/PrePiLib.lib
LOAD /mnt/e/git/for-build/edk2-lithium/workspace/Build/XiaomiMIXPkg/DEBUG_GCC5/AARCH64/EmbeddedPkg/Library/PrePiMemoryAllocationLib/PrePiMemoryAllocationLib/OUTPUT/PrePiMemoryAllocationLib.lib
LOAD /mnt/e/git/for-build/edk2-lithium/workspace/Build/XiaomiMIXPkg/DEBUG_GCC5/AARCH64/XiaomiMIXPkg/Library/XiaomiMIXLib/XiaomiMIXLib/OUTPUT/XiaomiMIXLib.lib
LOAD /mnt/e/git/for-build/edk2-lithium/workspace/Build/XiaomiMIXPkg/DEBUG_GCC5/AARCH64/ArmPkg/Library/ArmMmuLib/ArmMmuBaseLib/OUTPUT/ArmMmuBaseLib.lib
LOAD /mnt/e/git/for-build/edk2-lithium/workspace/Build/XiaomiMIXPkg/DEBUG_GCC5/AARCH64/MdeModulePkg/Library/DebugAgentLibNull/DebugAgentLibNull/OUTPUT/DebugAgentLibNull.lib
LOAD /mnt/e/git/for-build/edk2-lithium/workspace/Build/XiaomiMIXPkg/DEBUG_GCC5/AARCH64/MdeModulePkg/Library/LzmaCustomDecompressLib/LzmaCustomDecompressLib/OUTPUT/LzmaDecompressLib.lib
LOAD /mnt/e/git/for-build/edk2-lithium/workspace/Build/XiaomiMIXPkg/DEBUG_GCC5/AARCH64/ArmPlatformPkg/Library/ArmPlatformStackLib/ArmPlatformStackLib/OUTPUT/ArmPlatformStackLib.lib
LOAD /mnt/e/git/for-build/edk2-lithium/workspace/Build/XiaomiMIXPkg/DEBUG_GCC5/AARCH64/ArmPlatformPkg/PlatformPei/PlatformPeiLib/OUTPUT/ArmPlatformPeiLib.lib
LOAD /mnt/e/git/for-build/edk2-lithium/workspace/Build/XiaomiMIXPkg/DEBUG_GCC5/AARCH64/ArmPlatformPkg/MemoryInitPei/MemoryInitPeiLib/OUTPUT/ArmMemoryInitPeiLib.lib
LOAD /mnt/e/git/for-build/edk2-lithium/workspace/Build/XiaomiMIXPkg/DEBUG_GCC5/AARCH64/MdePkg/Library/BaseStackCheckLib/BaseStackCheckLib/OUTPUT/BaseStackCheckLib.lib
END GROUP
                0x0000000000000228                . = PECOFF_HEADER_SIZE

.gnu.version_d  0x0000000000000228        0x0
 .gnu.version_d
                0x0000000000000228        0x0 /mnt/e/git/for-build/edk2/ArmPkg/Library/GccLto/liblto-aarch64.a

.gnu.version    0x0000000000000228        0x0
 .gnu.version   0x0000000000000228        0x0 /mnt/e/git/for-build/edk2/ArmPkg/Library/GccLto/liblto-aarch64.a

.gnu.version_r  0x0000000000000228        0x0
 .gnu.version_r
                0x0000000000000228        0x0 /mnt/e/git/for-build/edk2/ArmPkg/Library/GccLto/liblto-aarch64.a

.text           0x0000000000000240     0x9498
 *(.text .text.* .stub .gnu.linkonce.t.*)
 .text.AsciiStrnLenS
                0x0000000000000240       0x3c /tmp/cc4YNsy2.ltrans0.ltrans.o
 .text.LzmaDec_TryDummy
                0x000000000000027c      0x60c /tmp/cc4YNsy2.ltrans0.ltrans.o
 .text.LzmaDec_WriteRem
                0x0000000000000888       0x84 /tmp/cc4YNsy2.ltrans0.ltrans.o
 .text.LzmaDec_DecodeReal2
                0x000000000000090c      0xa80 /tmp/cc4YNsy2.ltrans0.ltrans.o
 .text.SzFree   0x000000000000138c        0x4 /tmp/cc4YNsy2.ltrans0.ltrans.o
 .text.PrePeiCoreGetMpCoreInfo
                0x0000000000001390       0x1c /tmp/cc4YNsy2.ltrans0.ltrans.o
 .text.PeCoffLoaderImageAddress
                0x00000000000013ac       0x30 /tmp/cc4YNsy2.ltrans0.ltrans.o
 .text.PeCoffLoaderGetImageInfo
                0x00000000000013dc      0x81c /tmp/cc4YNsy2.ltrans0.ltrans.o
 .text.DebugPrintEnabled
                0x0000000000001bf8        0x8 /tmp/cc4YNsy2.ltrans0.ltrans.o
 .text.DebugAssertEnabled
                0x0000000000001c00        0x8 /tmp/cc4YNsy2.ltrans0.ltrans.o
 .text.BasePrintLibFillBuffer
                0x0000000000001c08       0x34 /tmp/cc4YNsy2.ltrans0.ltrans.o
 .text.ArmDataCacheLineLength
                0x0000000000001c3c       0x24 /tmp/cc4YNsy2.ltrans0.ltrans.o
 .text.ReplaceTableEntry
                0x0000000000001c60       0x68 /tmp/cc4YNsy2.ltrans0.ltrans.o
 .text.CreateHob
                0x0000000000001cc8       0x7c /tmp/cc4YNsy2.ltrans0.ltrans.o
 .text.AllocatePool
                0x0000000000001d44       0x40 /tmp/cc4YNsy2.ltrans0.ltrans.o
 .text.SerialPortInitialize.part.0
                0x0000000000001d84       0x80 /tmp/cc4YNsy2.ltrans0.ltrans.o
 .text.CacheRangeOperation
                0x0000000000001e04       0x4c /tmp/cc4YNsy2.ltrans0.ltrans.o
 .text.FbConFlush
                0x0000000000001e50       0x2c /tmp/cc4YNsy2.ltrans0.ltrans.o
 .text.SerialPortWrite
                0x0000000000001e7c      0x414 /tmp/cc4YNsy2.ltrans0.ltrans.o
 .text.DebugAssert
                0x0000000000002290       0x7c /tmp/cc4YNsy2.ltrans0.ltrans.o
 .text.SetMem16.part.0
                0x000000000000230c       0xb4 /tmp/cc4YNsy2.ltrans0.ltrans.o
 .text.MakeTable
                0x00000000000023c0      0x2d4 /tmp/cc4YNsy2.ltrans0.ltrans.o
 .text.AsciiStrLen
                0x0000000000002694       0xa0 /tmp/cc4YNsy2.ltrans0.ltrans.o
 .text.CopyMem  0x0000000000002734      0x2a8 /tmp/cc4YNsy2.ltrans0.ltrans.o
 .text.FfsGetVolumeInfo
                0x00000000000029dc       0xc8 /tmp/cc4YNsy2.ltrans0.ltrans.o
 .text.SzAlloc  0x0000000000002aa4       0x5c /tmp/cc4YNsy2.ltrans0.ltrans.o
 .text.FreePageTablesRecursive
                0x0000000000002b00       0x94 /tmp/cc4YNsy2.ltrans0.ltrans.o
 .text.PeCoffLoaderImageReadFromMemory
                0x0000000000002b94       0xa4 /tmp/cc4YNsy2.ltrans0.ltrans.o
 .text.GetNextHob
                0x0000000000002c38       0x74 /tmp/cc4YNsy2.ltrans0.ltrans.o
 .text.FfsAnyFvFindFirstFile
                0x0000000000002cac      0x228 /tmp/cc4YNsy2.ltrans0.ltrans.o
 .text.BuildResourceDescriptorHob
                0x0000000000002ed4       0x78 /tmp/cc4YNsy2.ltrans0.ltrans.o
 .text.LShiftU64
                0x0000000000002f4c       0x50 /tmp/cc4YNsy2.ltrans0.ltrans.o
 .text.InternalMemSetMem.constprop.34
                0x0000000000002f9c       0xd0 /tmp/cc4YNsy2.ltrans0.ltrans.o
 .text.SetMem.part.0.constprop.23
                0x000000000000306c       0x5c /tmp/cc4YNsy2.ltrans0.ltrans.o
 .text.ZeroMem  0x00000000000030c8       0x74 /tmp/cc4YNsy2.ltrans0.ltrans.o
 .text.BuildMemoryAllocationHob
                0x000000000000313c       0x8c /tmp/cc4YNsy2.ltrans0.ltrans.o
 .text.ArmPlatformGetVirtualMemoryMap
                0x00000000000031c8      0x14c /tmp/cc4YNsy2.ltrans0.ltrans.o
 .text.AllocatePages
                0x0000000000003314       0x68 /tmp/cc4YNsy2.ltrans0.ltrans.o
 .text.FillBuf  0x000000000000337c       0xc0 /tmp/cc4YNsy2.ltrans0.ltrans.o
 .text.GetBits  0x000000000000343c       0x34 /tmp/cc4YNsy2.ltrans0.ltrans.o
 .text.ReadPTLen
                0x0000000000003470      0x1a8 /tmp/cc4YNsy2.ltrans0.ltrans.o
 .text.GetDecodedSizeOfBuf
                0x0000000000003618       0x40 /tmp/cc4YNsy2.ltrans0.ltrans.o
 .text.LzmaUefiDecompress
                0x0000000000003658      0x418 /tmp/cc4YNsy2.ltrans0.ltrans.o
 .text.WriteUnaligned16
                0x0000000000003a70       0x5c /tmp/cc4YNsy2.ltrans0.ltrans.o
 .text.WriteUnaligned32
                0x0000000000003acc       0x64 /tmp/cc4YNsy2.ltrans0.ltrans.o
 .text.WriteUnaligned64
                0x0000000000003b30       0x64 /tmp/cc4YNsy2.ltrans0.ltrans.o
 .text.ReadUnaligned16
                0x0000000000003b94       0x68 /tmp/cc4YNsy2.ltrans0.ltrans.o
 .text.ReadUnaligned32
                0x0000000000003bfc       0x5c /tmp/cc4YNsy2.ltrans0.ltrans.o
 .text.BasePrintLibSPrintMarker.constprop.41
                0x0000000000003c58      0xca4 /tmp/cc4YNsy2.ltrans0.ltrans.o
 .text.unlikely.BasePrintLibSPrint.constprop.42
                0x00000000000048fc       0x98 /tmp/cc4YNsy2.ltrans0.ltrans.o
 .text.AsciiSPrint
                0x0000000000004994       0xb0 /tmp/cc4YNsy2.ltrans0.ltrans.o
 .text.ReadUnaligned64
                0x0000000000004a44       0x68 /tmp/cc4YNsy2.ltrans0.ltrans.o
 .text.CompareGuid
                0x0000000000004aac       0x5c /tmp/cc4YNsy2.ltrans0.ltrans.o
 .text.LzmaGuidedSectionExtraction
                0x0000000000004b08      0x144 /tmp/cc4YNsy2.ltrans0.ltrans.o
 .text.LzmaGuidedSectionGetInfo
                0x0000000000004c4c      0x1cc /tmp/cc4YNsy2.ltrans0.ltrans.o
 .text.GetSavedData
                0x0000000000004e18       0x94 /tmp/cc4YNsy2.ltrans0.ltrans.o
 .text.CopyGuid
                0x0000000000004eac       0x4c /tmp/cc4YNsy2.ltrans0.ltrans.o
 .text.BuildGuidDataHob
                0x0000000000004ef8       0xa8 /tmp/cc4YNsy2.ltrans0.ltrans.o
 .text.DebugPrint
                0x0000000000004fa0       0xc0 /tmp/cc4YNsy2.ltrans0.ltrans.o
 .text.PeCoffLoaderRelocateImageExtraAction
                0x0000000000005060      0x198 /tmp/cc4YNsy2.ltrans0.ltrans.o
 .text.FfsProcessSection
                0x00000000000051f8      0x918 /tmp/cc4YNsy2.ltrans0.ltrans.o
 .text.TimerConstructor
                0x0000000000005b10       0x84 /tmp/cc4YNsy2.ltrans0.ltrans.o
 .text.InvalidateDataCacheRange
                0x0000000000005b94       0x40 /tmp/cc4YNsy2.ltrans0.ltrans.o
 .text.UpdateRegionMappingRecursive.constprop.12
                0x0000000000005bd4      0x2f4 /tmp/cc4YNsy2.ltrans0.ltrans.o
 .text.PrePiMain
                0x0000000000005ec8     0x18f4 /tmp/cc4YNsy2.ltrans0.ltrans.o
 .text.__stack_chk_fail
                0x00000000000077bc       0x34 /tmp/cc4YNsy2.ltrans0.ltrans.o
                0x00000000000077bc                __stack_chk_fail
 .text.memcpy   0x00000000000077f0       0x20 /tmp/cc4YNsy2.ltrans0.ltrans.o
                0x00000000000077f0                memcpy
 .text.CEntryPoint
                0x0000000000007810      0x114 /tmp/cc4YNsy2.ltrans0.ltrans.o
                0x0000000000007810                CEntryPoint
 *fill*         0x0000000000007924        0x4 
 .text._ModuleEntryPoint
                0x0000000000007928       0xd0 /mnt/e/git/for-build/edk2-lithium/workspace/Build/XiaomiMIXPkg/DEBUG_GCC5/AARCH64/ArmPlatformPkg/PrePi/PeiUniCore/OUTPUT/ArmPlatformPrePiUniCore.lib(ModuleEntryPoint.obj)
                0x0000000000007928                _ModuleEntryPoint
 .text.ArmCacheInfo
                0x00000000000079f8        0x8 /mnt/e/git/for-build/edk2-lithium/workspace/Build/XiaomiMIXPkg/DEBUG_GCC5/AARCH64/ArmPkg/Library/ArmLib/ArmBaseLib/OUTPUT/ArmBaseLib.lib(ArmLibSupport.obj)
                0x00000000000079f8                ArmCacheInfo
 .text.ArmGetInterruptState
                0x0000000000007a00       0x10 /mnt/e/git/for-build/edk2-lithium/workspace/Build/XiaomiMIXPkg/DEBUG_GCC5/AARCH64/ArmPkg/Library/ArmLib/ArmBaseLib/OUTPUT/ArmBaseLib.lib(ArmLibSupport.obj)
                0x0000000000007a00                ArmGetInterruptState
 .text.ArmSetTTBR0
                0x0000000000007a10       0x34 /mnt/e/git/for-build/edk2-lithium/workspace/Build/XiaomiMIXPkg/DEBUG_GCC5/AARCH64/ArmPkg/Library/ArmLib/ArmBaseLib/OUTPUT/ArmBaseLib.lib(ArmLibSupport.obj)
                0x0000000000007a10                ArmSetTTBR0
 .text.ArmGetTTBR0BaseAddress
                0x0000000000007a44       0x30 /mnt/e/git/for-build/edk2-lithium/workspace/Build/XiaomiMIXPkg/DEBUG_GCC5/AARCH64/ArmPkg/Library/ArmLib/ArmBaseLib/OUTPUT/ArmBaseLib.lib(ArmLibSupport.obj)
                0x0000000000007a44                ArmGetTTBR0BaseAddress
 .text.ArmGetTCR
                0x0000000000007a74       0x34 /mnt/e/git/for-build/edk2-lithium/workspace/Build/XiaomiMIXPkg/DEBUG_GCC5/AARCH64/ArmPkg/Library/ArmLib/ArmBaseLib/OUTPUT/ArmBaseLib.lib(ArmLibSupport.obj)
                0x0000000000007a74                ArmGetTCR
 .text.ArmSetTCR
                0x0000000000007aa8       0x34 /mnt/e/git/for-build/edk2-lithium/workspace/Build/XiaomiMIXPkg/DEBUG_GCC5/AARCH64/ArmPkg/Library/ArmLib/ArmBaseLib/OUTPUT/ArmBaseLib.lib(ArmLibSupport.obj)
                0x0000000000007aa8                ArmSetTCR
 .text.ArmSetMAIR
                0x0000000000007adc       0x34 /mnt/e/git/for-build/edk2-lithium/workspace/Build/XiaomiMIXPkg/DEBUG_GCC5/AARCH64/ArmPkg/Library/ArmLib/ArmBaseLib/OUTPUT/ArmBaseLib.lib(ArmLibSupport.obj)
                0x0000000000007adc                ArmSetMAIR
 .text.ArmUpdateTranslationTableEntry
                0x0000000000007b10       0x54 /mnt/e/git/for-build/edk2-lithium/workspace/Build/XiaomiMIXPkg/DEBUG_GCC5/AARCH64/ArmPkg/Library/ArmLib/ArmBaseLib/OUTPUT/ArmBaseLib.lib(ArmLibSupport.obj)
                0x0000000000007b10                ArmUpdateTranslationTableEntry
 .text.ArmCallWFE
                0x0000000000007b64        0x8 /mnt/e/git/for-build/edk2-lithium/workspace/Build/XiaomiMIXPkg/DEBUG_GCC5/AARCH64/ArmPkg/Library/ArmLib/ArmBaseLib/OUTPUT/ArmBaseLib.lib(ArmLibSupport.obj)
                0x0000000000007b64                ArmCallWFE
 .text.ArmCallSEV
                0x0000000000007b6c        0x8 /mnt/e/git/for-build/edk2-lithium/workspace/Build/XiaomiMIXPkg/DEBUG_GCC5/AARCH64/ArmPkg/Library/ArmLib/ArmBaseLib/OUTPUT/ArmBaseLib.lib(ArmLibSupport.obj)
                0x0000000000007b6c                ArmCallSEV
 .text.ArmGetPhysicalAddressBits
                0x0000000000007b74       0x24 /mnt/e/git/for-build/edk2-lithium/workspace/Build/XiaomiMIXPkg/DEBUG_GCC5/AARCH64/ArmPkg/Library/ArmLib/ArmBaseLib/OUTPUT/ArmBaseLib.lib(ArmLibSupport.obj)
                0x0000000000007b74                ArmGetPhysicalAddressBits
 .text.ArmIsMpCore
                0x0000000000007b98       0x14 /mnt/e/git/for-build/edk2-lithium/workspace/Build/XiaomiMIXPkg/DEBUG_GCC5/AARCH64/ArmPkg/Library/ArmLib/ArmBaseLib/OUTPUT/ArmBaseLib.lib(ArmLibSupportV8.obj)
                0x0000000000007b98                ArmIsMpCore
 .text.ArmEnableInterrupts
                0x0000000000007bac        0xc /mnt/e/git/for-build/edk2-lithium/workspace/Build/XiaomiMIXPkg/DEBUG_GCC5/AARCH64/ArmPkg/Library/ArmLib/ArmBaseLib/OUTPUT/ArmBaseLib.lib(ArmLibSupportV8.obj)
                0x0000000000007bac                ArmEnableInterrupts
 .text.ArmDisableInterrupts
                0x0000000000007bb8        0xc /mnt/e/git/for-build/edk2-lithium/workspace/Build/XiaomiMIXPkg/DEBUG_GCC5/AARCH64/ArmPkg/Library/ArmLib/ArmBaseLib/OUTPUT/ArmBaseLib.lib(ArmLibSupportV8.obj)
                0x0000000000007bb8                ArmDisableInterrupts
 .text.ArmInvalidateDataCacheEntryByMVA
                0x0000000000007bc4        0x8 /mnt/e/git/for-build/edk2-lithium/workspace/Build/XiaomiMIXPkg/DEBUG_GCC5/AARCH64/ArmPkg/Library/ArmLib/ArmBaseLib/OUTPUT/ArmBaseLib.lib(AArch64Support.obj)
                0x0000000000007bc4                ArmInvalidateDataCacheEntryByMVA
 .text.ArmCleanDataCacheEntryByMVA
                0x0000000000007bcc        0x8 /mnt/e/git/for-build/edk2-lithium/workspace/Build/XiaomiMIXPkg/DEBUG_GCC5/AARCH64/ArmPkg/Library/ArmLib/ArmBaseLib/OUTPUT/ArmBaseLib.lib(AArch64Support.obj)
                0x0000000000007bcc                ArmCleanDataCacheEntryByMVA
 .text.ArmCleanDataCacheEntryToPoUByMVA
                0x0000000000007bd4        0x8 /mnt/e/git/for-build/edk2-lithium/workspace/Build/XiaomiMIXPkg/DEBUG_GCC5/AARCH64/ArmPkg/Library/ArmLib/ArmBaseLib/OUTPUT/ArmBaseLib.lib(AArch64Support.obj)
                0x0000000000007bd4                ArmCleanDataCacheEntryToPoUByMVA
 .text.ArmInvalidateInstructionCacheEntryToPoUByMVA
                0x0000000000007bdc        0x8 /mnt/e/git/for-build/edk2-lithium/workspace/Build/XiaomiMIXPkg/DEBUG_GCC5/AARCH64/ArmPkg/Library/ArmLib/ArmBaseLib/OUTPUT/ArmBaseLib.lib(AArch64Support.obj)
                0x0000000000007bdc                ArmInvalidateInstructionCacheEntryToPoUByMVA
 .text.ArmCleanInvalidateDataCacheEntryByMVA
                0x0000000000007be4        0x8 /mnt/e/git/for-build/edk2-lithium/workspace/Build/XiaomiMIXPkg/DEBUG_GCC5/AARCH64/ArmPkg/Library/ArmLib/ArmBaseLib/OUTPUT/ArmBaseLib.lib(AArch64Support.obj)
                0x0000000000007be4                ArmCleanInvalidateDataCacheEntryByMVA
 .text.ArmInvalidateInstructionCache
                0x0000000000007bec       0x10 /mnt/e/git/for-build/edk2-lithium/workspace/Build/XiaomiMIXPkg/DEBUG_GCC5/AARCH64/ArmPkg/Library/ArmLib/ArmBaseLib/OUTPUT/ArmBaseLib.lib(AArch64Support.obj)
                0x0000000000007bec                ArmInvalidateInstructionCache
 .text.ArmEnableMmu
                0x0000000000007bfc       0x88 /mnt/e/git/for-build/edk2-lithium/workspace/Build/XiaomiMIXPkg/DEBUG_GCC5/AARCH64/ArmPkg/Library/ArmLib/ArmBaseLib/OUTPUT/ArmBaseLib.lib(AArch64Support.obj)
                0x0000000000007bfc                ArmEnableMmu
 .text.ArmMmuEnabled
                0x0000000000007c84       0x34 /mnt/e/git/for-build/edk2-lithium/workspace/Build/XiaomiMIXPkg/DEBUG_GCC5/AARCH64/ArmPkg/Library/ArmLib/ArmBaseLib/OUTPUT/ArmBaseLib.lib(AArch64Support.obj)
                0x0000000000007c84                ArmMmuEnabled
 .text.ArmEnableDataCache
                0x0000000000007cb8       0x68 /mnt/e/git/for-build/edk2-lithium/workspace/Build/XiaomiMIXPkg/DEBUG_GCC5/AARCH64/ArmPkg/Library/ArmLib/ArmBaseLib/OUTPUT/ArmBaseLib.lib(AArch64Support.obj)
                0x0000000000007cb8                ArmEnableDataCache
 .text.ArmDisableDataCache
                0x0000000000007d20       0x68 /mnt/e/git/for-build/edk2-lithium/workspace/Build/XiaomiMIXPkg/DEBUG_GCC5/AARCH64/ArmPkg/Library/ArmLib/ArmBaseLib/OUTPUT/ArmBaseLib.lib(AArch64Support.obj)
                0x0000000000007d20                ArmDisableDataCache
 .text.ArmEnableInstructionCache
                0x0000000000007d88       0x68 /mnt/e/git/for-build/edk2-lithium/workspace/Build/XiaomiMIXPkg/DEBUG_GCC5/AARCH64/ArmPkg/Library/ArmLib/ArmBaseLib/OUTPUT/ArmBaseLib.lib(AArch64Support.obj)
                0x0000000000007d88                ArmEnableInstructionCache
 .text.ArmDisableAlignmentCheck
                0x0000000000007df0       0x68 /mnt/e/git/for-build/edk2-lithium/workspace/Build/XiaomiMIXPkg/DEBUG_GCC5/AARCH64/ArmPkg/Library/ArmLib/ArmBaseLib/OUTPUT/ArmBaseLib.lib(AArch64Support.obj)
                0x0000000000007df0                ArmDisableAlignmentCheck
 .text.ArmEnableStackAlignmentCheck
                0x0000000000007e58       0x58 /mnt/e/git/for-build/edk2-lithium/workspace/Build/XiaomiMIXPkg/DEBUG_GCC5/AARCH64/ArmPkg/Library/ArmLib/ArmBaseLib/OUTPUT/ArmBaseLib.lib(AArch64Support.obj)
                0x0000000000007e58                ArmEnableStackAlignmentCheck
 .text.ArmDataSynchronizationBarrier
                0x0000000000007eb0        0x8 /mnt/e/git/for-build/edk2-lithium/workspace/Build/XiaomiMIXPkg/DEBUG_GCC5/AARCH64/ArmPkg/Library/ArmLib/ArmBaseLib/OUTPUT/ArmBaseLib.lib(AArch64Support.obj)
                0x0000000000007eb0                ArmDataSynchronizationBarrier
 .text.ArmInstructionSynchronizationBarrier
                0x0000000000007eb8        0x8 /mnt/e/git/for-build/edk2-lithium/workspace/Build/XiaomiMIXPkg/DEBUG_GCC5/AARCH64/ArmPkg/Library/ArmLib/ArmBaseLib/OUTPUT/ArmBaseLib.lib(AArch64Support.obj)
                0x0000000000007eb8                ArmInstructionSynchronizationBarrier
 .text.ArmEnableVFP
                0x0000000000007ec0       0x64 /mnt/e/git/for-build/edk2-lithium/workspace/Build/XiaomiMIXPkg/DEBUG_GCC5/AARCH64/ArmPkg/Library/ArmLib/ArmBaseLib/OUTPUT/ArmBaseLib.lib(AArch64Support.obj)
                0x0000000000007ec0                ArmEnableVFP
 .text.ArmReadMpidr
                0x0000000000007f24        0x8 /mnt/e/git/for-build/edk2-lithium/workspace/Build/XiaomiMIXPkg/DEBUG_GCC5/AARCH64/ArmPkg/Library/ArmLib/ArmBaseLib/OUTPUT/ArmBaseLib.lib(AArch64Support.obj)
                0x0000000000007f24                ArmReadMpidr
 .text.ArmReadTpidrurw
                0x0000000000007f2c        0x8 /mnt/e/git/for-build/edk2-lithium/workspace/Build/XiaomiMIXPkg/DEBUG_GCC5/AARCH64/ArmPkg/Library/ArmLib/ArmBaseLib/OUTPUT/ArmBaseLib.lib(AArch64Support.obj)
                0x0000000000007f2c                ArmReadTpidrurw
 .text.ArmWriteTpidrurw
                0x0000000000007f34        0x8 /mnt/e/git/for-build/edk2-lithium/workspace/Build/XiaomiMIXPkg/DEBUG_GCC5/AARCH64/ArmPkg/Library/ArmLib/ArmBaseLib/OUTPUT/ArmBaseLib.lib(AArch64Support.obj)
                0x0000000000007f34                ArmWriteTpidrurw
 .text.ArmIsArchTimerImplemented
                0x0000000000007f3c        0x8 /mnt/e/git/for-build/edk2-lithium/workspace/Build/XiaomiMIXPkg/DEBUG_GCC5/AARCH64/ArmPkg/Library/ArmLib/ArmBaseLib/OUTPUT/ArmBaseLib.lib(AArch64Support.obj)
                0x0000000000007f3c                ArmIsArchTimerImplemented
 .text.ArmReadIdPfr0
                0x0000000000007f44        0x8 /mnt/e/git/for-build/edk2-lithium/workspace/Build/XiaomiMIXPkg/DEBUG_GCC5/AARCH64/ArmPkg/Library/ArmLib/ArmBaseLib/OUTPUT/ArmBaseLib.lib(AArch64Support.obj)
                0x0000000000007f44                ArmReadIdPfr0
 .text.ArmWriteHcr
                0x0000000000007f4c        0x8 /mnt/e/git/for-build/edk2-lithium/workspace/Build/XiaomiMIXPkg/DEBUG_GCC5/AARCH64/ArmPkg/Library/ArmLib/ArmBaseLib/OUTPUT/ArmBaseLib.lib(AArch64Support.obj)
                0x0000000000007f4c                ArmWriteHcr
 .text.ArmReadCurrentEL
                0x0000000000007f54        0x8 /mnt/e/git/for-build/edk2-lithium/workspace/Build/XiaomiMIXPkg/DEBUG_GCC5/AARCH64/ArmPkg/Library/ArmLib/ArmBaseLib/OUTPUT/ArmBaseLib.lib(AArch64Support.obj)
                0x0000000000007f54                ArmReadCurrentEL
 .text.ArmWriteCntHctl
                0x0000000000007f5c        0x8 /mnt/e/git/for-build/edk2-lithium/workspace/Build/XiaomiMIXPkg/DEBUG_GCC5/AARCH64/ArmPkg/Library/ArmLib/ArmBaseLib/OUTPUT/ArmBaseLib.lib(AArch64Support.obj)
                0x0000000000007f5c                ArmWriteCntHctl
 *fill*         0x0000000000007f64        0x4 
 .text.ArmPlatformPeiBootAction
                0x0000000000007f68       0x58 /mnt/e/git/for-build/edk2-lithium/workspace/Build/XiaomiMIXPkg/DEBUG_GCC5/AARCH64/XiaomiMIXPkg/Library/XiaomiMIXLib/XiaomiMIXLib/OUTPUT/XiaomiMIXLib.lib(XiaomiMIXHelper.obj)
                0x0000000000007f68                ArmPlatformPeiBootAction
 .text.ArmPlatformIsPrimaryCore
                0x0000000000007fc0       0x20 /mnt/e/git/for-build/edk2-lithium/workspace/Build/XiaomiMIXPkg/DEBUG_GCC5/AARCH64/XiaomiMIXPkg/Library/XiaomiMIXLib/XiaomiMIXLib/OUTPUT/XiaomiMIXLib.lib(XiaomiMIXHelper.obj)
                0x0000000000007fc0                ArmPlatformIsPrimaryCore
 .text.ArmPlatformGetPrimaryCoreMpId
                0x0000000000007fe0        0xc /mnt/e/git/for-build/edk2-lithium/workspace/Build/XiaomiMIXPkg/DEBUG_GCC5/AARCH64/XiaomiMIXPkg/Library/XiaomiMIXLib/XiaomiMIXLib/OUTPUT/XiaomiMIXLib.lib(XiaomiMIXHelper.obj)
                0x0000000000007fe0                ArmPlatformGetPrimaryCoreMpId
 .text.ArmPlatformGetCorePosition
                0x0000000000007fec       0x10 /mnt/e/git/for-build/edk2-lithium/workspace/Build/XiaomiMIXPkg/DEBUG_GCC5/AARCH64/XiaomiMIXPkg/Library/XiaomiMIXLib/XiaomiMIXLib/OUTPUT/XiaomiMIXLib.lib(XiaomiMIXHelper.obj)
                0x0000000000007fec                ArmPlatformGetCorePosition
 .text.ArmReplaceLiveTranslationEntry
                0x0000000000007ffc       0xd0 /mnt/e/git/for-build/edk2-lithium/workspace/Build/XiaomiMIXPkg/DEBUG_GCC5/AARCH64/ArmPkg/Library/ArmMmuLib/ArmMmuBaseLib/OUTPUT/ArmMmuBaseLib.lib(ArmMmuLibReplaceEntry.obj)
                0x0000000000007ffc                ArmReplaceLiveTranslationEntry
                0x00000000000080c8                ArmReplaceLiveTranslationEntrySize
 .text.ArmPlatformStackSet
                0x00000000000080cc       0x40 /mnt/e/git/for-build/edk2-lithium/workspace/Build/XiaomiMIXPkg/DEBUG_GCC5/AARCH64/ArmPlatformPkg/Library/ArmPlatformStackLib/ArmPlatformStackLib/OUTPUT/ArmPlatformStackLib.lib(ArmPlatformStackLib.obj)
                0x00000000000080cc                ArmPlatformStackSet
 .text.ArmPlatformStackSetPrimary
                0x000000000000810c       0x18 /mnt/e/git/for-build/edk2-lithium/workspace/Build/XiaomiMIXPkg/DEBUG_GCC5/AARCH64/ArmPlatformPkg/Library/ArmPlatformStackLib/ArmPlatformStackLib/OUTPUT/ArmPlatformStackLib.lib(ArmPlatformStackLib.obj)
                0x000000000000810c                ArmPlatformStackSetPrimary
 .text.ArmPlatformStackSetSecondary
                0x0000000000008124       0x30 /mnt/e/git/for-build/edk2-lithium/workspace/Build/XiaomiMIXPkg/DEBUG_GCC5/AARCH64/ArmPlatformPkg/Library/ArmPlatformStackLib/ArmPlatformStackLib/OUTPUT/ArmPlatformStackLib.lib(ArmPlatformStackLib.obj)
                0x0000000000008124                ArmPlatformStackSetSecondary
 .text.ArmReadCntFrq
                0x0000000000008154        0x8 /mnt/e/git/for-build/edk2-lithium/workspace/Build/XiaomiMIXPkg/DEBUG_GCC5/AARCH64/ArmPkg/Library/ArmLib/ArmBaseLib/OUTPUT/ArmBaseLib.lib(AArch64ArchTimerSupport.obj)
                0x0000000000008154                ArmReadCntFrq
 .text.ArmReadCntPct
                0x000000000000815c        0x8 /mnt/e/git/for-build/edk2-lithium/workspace/Build/XiaomiMIXPkg/DEBUG_GCC5/AARCH64/ArmPkg/Library/ArmLib/ArmBaseLib/OUTPUT/ArmBaseLib.lib(AArch64ArchTimerSupport.obj)
                0x000000000000815c                ArmReadCntPct
 *(.rodata .rodata.* .gnu.linkonce.r.*)
 .rodata.PrePiMain
                0x0000000000008164       0x17 /tmp/cc4YNsy2.ltrans0.ltrans.o
 *fill*         0x000000000000817b        0x1 
 .rodata        0x000000000000817c       0x10 /tmp/cc4YNsy2.ltrans0.ltrans.o
 .rodata.ArmPlatformGetVirtualMemoryMap.str1.1
                0x000000000000818c       0x5e /tmp/cc4YNsy2.ltrans0.ltrans.o
 .rodata.AsciiStrLen.str1.1
                0x00000000000081ea       0x89 /tmp/cc4YNsy2.ltrans0.ltrans.o
 .rodata.BasePrintLibSPrintMarker.constprop.41.str1.1
                0x0000000000008273      0x177 /tmp/cc4YNsy2.ltrans0.ltrans.o
                                        0x179 (size before relaxing)
 .rodata.BuildGuidDataHob.str1.1
                0x00000000000083ea       0x5c /tmp/cc4YNsy2.ltrans0.ltrans.o
 .rodata.BuildMemoryAllocationHob.str1.1
                0x0000000000008446       0x4e /tmp/cc4YNsy2.ltrans0.ltrans.o
 .rodata.BuildResourceDescriptorHob.str1.1
                0x0000000000008494       0x14 /tmp/cc4YNsy2.ltrans0.ltrans.o
 .rodata.CEntryPoint.str1.1
                0x00000000000084a8       0x3d /tmp/cc4YNsy2.ltrans0.ltrans.o
 .rodata.CopyMem.str1.1
                0x00000000000084e5       0xc9 /tmp/cc4YNsy2.ltrans0.ltrans.o
 .rodata.DebugAssert.str1.1
                0x00000000000085ae       0x30 /tmp/cc4YNsy2.ltrans0.ltrans.o
 .rodata.FfsAnyFvFindFirstFile.str1.1
                0x00000000000085de       0x3f /tmp/cc4YNsy2.ltrans0.ltrans.o
 .rodata.FfsProcessSection.str1.1
                0x000000000000861d      0x123 /tmp/cc4YNsy2.ltrans0.ltrans.o
 .rodata.FreePageTablesRecursive.str1.1
                0x0000000000008740       0x56 /tmp/cc4YNsy2.ltrans0.ltrans.o
 .rodata.GetNextHob.str1.1
                0x0000000000008796       0x59 /tmp/cc4YNsy2.ltrans0.ltrans.o
 .rodata.LShiftU64.str1.1
                0x00000000000087ef       0x48 /tmp/cc4YNsy2.ltrans0.ltrans.o
 .rodata.LzmaGuidedSectionExtraction.str1.1
                0x0000000000008837       0x9b /tmp/cc4YNsy2.ltrans0.ltrans.o
 .rodata.LzmaGuidedSectionGetInfo.str1.1
                0x00000000000088d2       0x7a /tmp/cc4YNsy2.ltrans0.ltrans.o
 .rodata.PeCoffLoaderImageReadFromMemory.str1.1
                0x000000000000894c       0x78 /tmp/cc4YNsy2.ltrans0.ltrans.o
 .rodata.PeCoffLoaderRelocateImageExtraAction.str1.1
                0x00000000000089c4       0x8c /tmp/cc4YNsy2.ltrans0.ltrans.o
 .rodata.PrePiMain.str1.1
                0x0000000000008a50      0x55e /tmp/cc4YNsy2.ltrans0.ltrans.o
                                        0x564 (size before relaxing)
 .rodata.SetMem.part.0.constprop.23.str1.1
                0x0000000000008fae       0x47 /tmp/cc4YNsy2.ltrans0.ltrans.o
 .rodata.SetMem16.part.0.str1.1
                0x0000000000008ff5       0xaf /tmp/cc4YNsy2.ltrans0.ltrans.o
                                         0xc6 (size before relaxing)
 .rodata.SzAlloc.str1.1
                0x00000000000090a4       0x6a /tmp/cc4YNsy2.ltrans0.ltrans.o
 .rodata.TimerConstructor.str1.1
                0x000000000000910e       0xc8 /tmp/cc4YNsy2.ltrans0.ltrans.o
                                         0xca (size before relaxing)
 .rodata.UpdateRegionMappingRecursive.constprop.12.str1.1
                0x00000000000091d6       0x58 /tmp/cc4YNsy2.ltrans0.ltrans.o
 .rodata.WriteUnaligned16.str1.1
                0x000000000000922e       0x41 /tmp/cc4YNsy2.ltrans0.ltrans.o
 .rodata.ZeroMem.str1.1
                0x000000000000926f       0x7e /tmp/cc4YNsy2.ltrans0.ltrans.o
 .rodata.__FUNCTION__.8066
                0x00000000000092ed       0x1d /tmp/cc4YNsy2.ltrans0.ltrans.o
 .rodata.__stack_chk_fail.str1.1
                0x000000000000930a       0x2e /tmp/cc4YNsy2.ltrans0.ltrans.o
 .rodata._gPcd_FixedAtBuild_PcdFirmwareVersionString
                0x0000000000009338        0xc /tmp/cc4YNsy2.ltrans0.ltrans.o
 .rodata.mHexStr
                0x0000000000009344       0x10 /tmp/cc4YNsy2.ltrans0.ltrans.o
 *fill*         0x0000000000009354        0x4 
 .rodata.mStatusString
                0x0000000000009358      0x138 /tmp/cc4YNsy2.ltrans0.ltrans.o
 .rodata.str1.1
                0x0000000000009490      0x224 /tmp/cc4YNsy2.ltrans0.ltrans.o
                                        0x235 (size before relaxing)
 *(.got .got.*)
 *fill*         0x00000000000096b4        0x4 
 .got           0x00000000000096b8        0x8 /mnt/e/git/for-build/edk2/ArmPkg/Library/GccLto/liblto-aarch64.a
                0x00000000000096b8                _GLOBAL_OFFSET_TABLE_
 .got.plt       0x00000000000096c0       0x18 /mnt/e/git/for-build/edk2/ArmPkg/Library/GccLto/liblto-aarch64.a
 *:AutoGen.obj(.data.g*Guid)

.plt            0x00000000000096d8        0x0
 .plt           0x00000000000096d8        0x0 /mnt/e/git/for-build/edk2/ArmPkg/Library/GccLto/liblto-aarch64.a

.data           0x00000000000096e0      0xc58
 *(.data .data.* .gnu.linkonce.d.*)
 .data.rel.ro   0x00000000000096e0        0x0 /mnt/e/git/for-build/edk2/ArmPkg/Library/GccLto/liblto-aarch64.a
 .data.__stack_chk_guard
                0x00000000000096e0        0x8 /tmp/cc4YNsy2.ltrans0.ltrans.o
                0x00000000000096e0                __stack_chk_guard
 .data.font5x12
                0x00000000000096e8      0x300 /tmp/cc4YNsy2.ltrans0.ltrans.o
 .data.gArmMpCoreInfoGuid
                0x00000000000099e8       0x10 /tmp/cc4YNsy2.ltrans0.ltrans.o
 .data.gArmMpCoreInfoPpiGuid
                0x00000000000099f8       0x10 /tmp/cc4YNsy2.ltrans0.ltrans.o
 .data.gDeviceMemoryDescriptorEx
                0x0000000000009a08      0x848 /tmp/cc4YNsy2.ltrans0.ltrans.o
 .data.gEfiFirmwarePerformanceGuid
                0x000000000000a250       0x10 /tmp/cc4YNsy2.ltrans0.ltrans.o
 .data.gEfiHobMemoryAllocModuleGuid
                0x000000000000a260       0x10 /tmp/cc4YNsy2.ltrans0.ltrans.o
 .data.gEfiHobMemoryAllocStackGuid
                0x000000000000a270       0x10 /tmp/cc4YNsy2.ltrans0.ltrans.o
 .data.gEfiMemoryTypeInformationGuid
                0x000000000000a280       0x10 /tmp/cc4YNsy2.ltrans0.ltrans.o
 .data.gLzmaCustomDecompressGuid
                0x000000000000a290       0x10 /tmp/cc4YNsy2.ltrans0.ltrans.o
 .data.gPlatformPpiTable
                0x000000000000a2a0       0x18 /tmp/cc4YNsy2.ltrans0.ltrans.o
 .data.mArmMpCoreInfoPpiGuid
                0x000000000000a2b8       0x10 /tmp/cc4YNsy2.ltrans0.ltrans.o
 .data.mHiKey960InfoTable
                0x000000000000a2c8       0x28 /tmp/cc4YNsy2.ltrans0.ltrans.o
 .data.mMpCoreInfoPpi
                0x000000000000a2f0        0x8 /tmp/cc4YNsy2.ltrans0.ltrans.o
 .data.mSystemMemoryEnd
                0x000000000000a2f8        0x8 /tmp/cc4YNsy2.ltrans0.ltrans.o
                0x000000000000a2f8                mSystemMemoryEnd
 *(.bss .bss.*)
 .bss.m_Color   0x000000000000a300       0x10 /tmp/cc4YNsy2.ltrans0.ltrans.o
 .bss.m_Initialized
                0x000000000000a310        0x1 /tmp/cc4YNsy2.ltrans0.ltrans.o
 *fill*         0x000000000000a311        0x7 
 .bss.m_MaxPosition
                0x000000000000a318       0x10 /tmp/cc4YNsy2.ltrans0.ltrans.o
 .bss.m_Position
                0x000000000000a328       0x10 /tmp/cc4YNsy2.ltrans0.ltrans.o

.dynbss         0x000000000000a338        0x0
 .dynbss        0x000000000000a338        0x0 /mnt/e/git/for-build/edk2/ArmPkg/Library/GccLto/liblto-aarch64.a

.eh_frame
 *(.eh_frame)

.rela           0x000000000000a338      0x420
 *(.rela .rela.*)
 .rela.got      0x000000000000a338        0x0 /mnt/e/git/for-build/edk2/ArmPkg/Library/GccLto/liblto-aarch64.a
 .rela.plt      0x000000000000a338        0x0 /mnt/e/git/for-build/edk2/ArmPkg/Library/GccLto/liblto-aarch64.a
 .rela.bss      0x000000000000a338        0x0 /mnt/e/git/for-build/edk2/ArmPkg/Library/GccLto/liblto-aarch64.a
 .rela.data.rel.ro
                0x000000000000a338        0x0 /mnt/e/git/for-build/edk2/ArmPkg/Library/GccLto/liblto-aarch64.a
 .rela.ifunc    0x000000000000a338        0x0 /mnt/e/git/for-build/edk2/ArmPkg/Library/GccLto/liblto-aarch64.a
 .rela.text._ModuleEntryPoint
                0x000000000000a338       0x18 /mnt/e/git/for-build/edk2/ArmPkg/Library/GccLto/liblto-aarch64.a
 .rela.text.ArmPlatformPeiBootAction
                0x000000000000a350       0x18 /mnt/e/git/for-build/edk2/ArmPkg/Library/GccLto/liblto-aarch64.a
 .rela.data.gPlatformPpiTable
                0x000000000000a368       0x30 /mnt/e/git/for-build/edk2/ArmPkg/Library/GccLto/liblto-aarch64.a
 .rela.data.mMpCoreInfoPpi
                0x000000000000a398       0x18 /mnt/e/git/for-build/edk2/ArmPkg/Library/GccLto/liblto-aarch64.a
 .rela.rodata.mStatusString
                0x000000000000a3b0      0x3a8 /mnt/e/git/for-build/edk2/ArmPkg/Library/GccLto/liblto-aarch64.a

.hii
 *(.hii)

.build-id       0x000000000000a758       0x24
 *(.note.gnu.build-id)
 .note.gnu.build-id
                0x000000000000a758       0x24 /mnt/e/git/for-build/edk2/ArmPkg/Library/GccLto/liblto-aarch64.a

/DISCARD/
 *(.note.GNU-stack)
 *(.gnu_debuglink)
 *(.interp)
 *(.dynsym)
 *(.dynstr)
 *(.dynamic)
 *(.hash .gnu.hash)
 *(.comment)
 *(COMMON)
                0x0000000000000228                PECOFF_HEADER_SIZE = 0x228
OUTPUT(/mnt/e/git/for-build/edk2-lithium/workspace/Build/XiaomiMIXPkg/DEBUG_GCC5/AARCH64/ArmPlatformPkg/PrePi/PeiUniCore/DEBUG/ArmPlatformPrePiUniCore.dll elf64-littleaarch64)

.debug_info     0x0000000000000000     0xc490
 .debug_info    0x0000000000000000     0xc490 /tmp/cc4YNsy2.ltrans0.ltrans.o

.debug_abbrev   0x0000000000000000      0x779
 .debug_abbrev  0x0000000000000000      0x779 /tmp/cc4YNsy2.ltrans0.ltrans.o

.debug_loc      0x0000000000000000    0x136c7
 .debug_loc     0x0000000000000000    0x136c7 /tmp/cc4YNsy2.ltrans0.ltrans.o

.debug_aranges  0x0000000000000000      0x480
 .debug_aranges
                0x0000000000000000      0x480 /tmp/cc4YNsy2.ltrans0.ltrans.o

.debug_ranges   0x0000000000000000     0x34b0
 .debug_ranges  0x0000000000000000     0x34b0 /tmp/cc4YNsy2.ltrans0.ltrans.o

.debug_line     0x0000000000000000     0x2b5b
 .debug_line    0x0000000000000000     0x2b5b /tmp/cc4YNsy2.ltrans0.ltrans.o

.debug_str      0x0000000000000000     0x3952
 .debug_str     0x0000000000000000     0x3952 /tmp/cc4YNsy2.ltrans0.ltrans.o
                                       0x3e02 (size before relaxing)

.debug_frame    0x0000000000000000      0xec0
 .debug_frame   0x0000000000000000      0xec0 /tmp/cc4YNsy2.ltrans0.ltrans.o
