Archive member included to satisfy reference by file (symbol)

/mnt/e/git/for-build/edk2-lithium/workspace/Build/XiaomiMIXPkg/DEBUG_GCC5/AARCH64/ArmPkg/Library/CompilerIntrinsicsLib/CompilerIntrinsicsLib/OUTPUT/CompilerIntrinsicsLib.lib(memcpy.obj)
                              /mnt/e/git/for-build/edk2/ArmPkg/Library/GccLto/liblto-aarch64.a (memcpy)
/mnt/e/git/for-build/edk2-lithium/workspace/Build/XiaomiMIXPkg/DEBUG_GCC5/AARCH64/ArmPkg/Library/CompilerIntrinsicsLib/CompilerIntrinsicsLib/OUTPUT/CompilerIntrinsicsLib.lib(memset.obj)
                              /mnt/e/git/for-build/edk2/ArmPkg/Library/GccLto/liblto-aarch64.a (memset)
/mnt/e/git/for-build/edk2-lithium/workspace/Build/XiaomiMIXPkg/DEBUG_GCC5/AARCH64/MdePkg/Library/UefiDriverEntryPoint/UefiDriverEntryPoint/OUTPUT/UefiDriverEntryPoint.lib(DriverEntryPoint.obj)
                              (_ModuleEntryPoint)
/mnt/e/git/for-build/edk2-lithium/workspace/Build/XiaomiMIXPkg/DEBUG_GCC5/AARCH64/MdePkg/Library/BaseStackCheckLib/BaseStackCheckLib/OUTPUT/BaseStackCheckLib.lib(BaseStackCheckGcc.obj)
                              /mnt/e/git/for-build/edk2/ArmPkg/Library/GccLto/liblto-aarch64.a (__stack_chk_fail)
/mnt/e/git/for-build/edk2-lithium/workspace/Build/XiaomiMIXPkg/DEBUG_GCC5/AARCH64/EmbeddedPkg/RealTimeClockRuntimeDxe/RealTimeClockRuntimeDxe/OUTPUT/RealTimeClock.lib(AutoGen.obj)
                              DriverEntryPoint.obj (symbol from plugin) (ProcessLibraryConstructorList)
/mnt/e/git/for-build/edk2-lithium/workspace/Build/XiaomiMIXPkg/DEBUG_GCC5/AARCH64/EmbeddedPkg/RealTimeClockRuntimeDxe/RealTimeClockRuntimeDxe/OUTPUT/RealTimeClock.lib(RealTimeClock.obj)
                              AutoGen.obj (symbol from plugin) (InitializeRealTimeClock)
/mnt/e/git/for-build/edk2-lithium/workspace/Build/XiaomiMIXPkg/DEBUG_GCC5/AARCH64/MdePkg/Library/BaseLib/BaseLib/OUTPUT/BaseLib.lib(CpuDeadLoop.obj)
                              BaseStackCheckGcc.obj (symbol from plugin) (CpuDeadLoop)
/mnt/e/git/for-build/edk2-lithium/workspace/Build/XiaomiMIXPkg/DEBUG_GCC5/AARCH64/MdePkg/Library/BaseLib/BaseLib/OUTPUT/BaseLib.lib(CpuBreakpoint.obj)
                              BaseStackCheckGcc.obj (symbol from plugin) (CpuBreakpoint)
/mnt/e/git/for-build/edk2-lithium/workspace/Build/XiaomiMIXPkg/DEBUG_GCC5/AARCH64/MdePkg/Library/DxeRuntimeDebugLibSerialPort/DxeRuntimeDebugLibSerialPort/OUTPUT/DxeRuntimeDebugLibSerialPort.lib(DebugLib.obj)
                              AutoGen.obj (symbol from plugin) (DxeRuntimeDebugLibSerialPortConstructor)
/mnt/e/git/for-build/edk2-lithium/workspace/Build/XiaomiMIXPkg/DEBUG_GCC5/AARCH64/MdePkg/Library/UefiRuntimeServicesTableLib/UefiRuntimeServicesTableLib/OUTPUT/UefiRuntimeServicesTableLib.lib(UefiRuntimeServicesTableLib.obj)
                              AutoGen.obj (symbol from plugin) (UefiRuntimeServicesTableLibConstructor)
/mnt/e/git/for-build/edk2-lithium/workspace/Build/XiaomiMIXPkg/DEBUG_GCC5/AARCH64/MdePkg/Library/UefiBootServicesTableLib/UefiBootServicesTableLib/OUTPUT/UefiBootServicesTableLib.lib(UefiBootServicesTableLib.obj)
                              AutoGen.obj (symbol from plugin) (UefiBootServicesTableLibConstructor)
/mnt/e/git/for-build/edk2-lithium/workspace/Build/XiaomiMIXPkg/DEBUG_GCC5/AARCH64/MdePkg/Library/UefiLib/UefiLib/OUTPUT/UefiLib.lib(UefiLib.obj)
                              AutoGen.obj (symbol from plugin) (UefiLibConstructor)
/mnt/e/git/for-build/edk2-lithium/workspace/Build/XiaomiMIXPkg/DEBUG_GCC5/AARCH64/MdePkg/Library/DxeHobLib/DxeHobLib/OUTPUT/DxeHobLib.lib(HobLib.obj)
                              AutoGen.obj (symbol from plugin) (HobLibConstructor)
/mnt/e/git/for-build/edk2-lithium/workspace/Build/XiaomiMIXPkg/DEBUG_GCC5/AARCH64/ArmPkg/Library/ArmArchTimerLib/ArmArchTimerLib/OUTPUT/ArmArchTimerLib.lib(ArmArchTimerLib.obj)
                              AutoGen.obj (symbol from plugin) (TimerConstructor)
/mnt/e/git/for-build/edk2-lithium/workspace/Build/XiaomiMIXPkg/DEBUG_GCC5/AARCH64/MdePkg/Library/UefiRuntimeLib/UefiRuntimeLib/OUTPUT/UefiRuntimeLib.lib(RuntimeLib.obj)
                              AutoGen.obj (symbol from plugin) (RuntimeDriverLibConstruct)
/mnt/e/git/for-build/edk2-lithium/workspace/Build/XiaomiMIXPkg/DEBUG_GCC5/AARCH64/EmbeddedPkg/Library/VirtualRealTimeClockLib/VirtualRealTimeClockLib/OUTPUT/VirtualRealTimeClockLib.lib(VirtualRealTimeClockLib.obj)
                              RealTimeClock.obj (symbol from plugin) (LibGetTime)
/mnt/e/git/for-build/edk2-lithium/workspace/Build/XiaomiMIXPkg/DEBUG_GCC5/AARCH64/MdePkg/Library/BaseMemoryLibOptDxe/BaseMemoryLibOptDxe/OUTPUT/BaseMemoryLibOptDxe.lib(MemLibGuid.obj)
                              UefiLib.obj (symbol from plugin) (CompareGuid)
/mnt/e/git/for-build/edk2-lithium/workspace/Build/XiaomiMIXPkg/DEBUG_GCC5/AARCH64/MdePkg/Library/BaseMemoryLibOptDxe/BaseMemoryLibOptDxe/OUTPUT/BaseMemoryLibOptDxe.lib(ZeroMemWrapper.obj)
                              UefiLib.obj (symbol from plugin) (ZeroMem)
/mnt/e/git/for-build/edk2-lithium/workspace/Build/XiaomiMIXPkg/DEBUG_GCC5/AARCH64/MdePkg/Library/BaseMemoryLibOptDxe/BaseMemoryLibOptDxe/OUTPUT/BaseMemoryLibOptDxe.lib(SetMemWrapper.obj)
                              DebugLib.obj (symbol from plugin) (SetMem)
/mnt/e/git/for-build/edk2-lithium/workspace/Build/XiaomiMIXPkg/DEBUG_GCC5/AARCH64/MdePkg/Library/BaseMemoryLibOptDxe/BaseMemoryLibOptDxe/OUTPUT/BaseMemoryLibOptDxe.lib(CopyMemWrapper.obj)
                              UefiLib.obj (symbol from plugin) (CopyMem)
/mnt/e/git/for-build/edk2-lithium/workspace/Build/XiaomiMIXPkg/DEBUG_GCC5/AARCH64/MdePkg/Library/BaseMemoryLibOptDxe/BaseMemoryLibOptDxe/OUTPUT/BaseMemoryLibOptDxe.lib(SetMem.obj)
                              ZeroMemWrapper.obj (symbol from plugin) (InternalMemZeroMem)
/mnt/e/git/for-build/edk2-lithium/workspace/Build/XiaomiMIXPkg/DEBUG_GCC5/AARCH64/MdePkg/Library/BaseMemoryLibOptDxe/BaseMemoryLibOptDxe/OUTPUT/BaseMemoryLibOptDxe.lib(CopyMem.obj)
                              MemLibGuid.obj (symbol from plugin) (InternalMemCopyMem)
/mnt/e/git/for-build/edk2-lithium/workspace/Build/XiaomiMIXPkg/DEBUG_GCC5/AARCH64/MdePkg/Library/BaseMemoryLibOptDxe/BaseMemoryLibOptDxe/OUTPUT/BaseMemoryLibOptDxe.lib(CompareGuid.obj)
                              MemLibGuid.obj (symbol from plugin) (InternalMemCompareGuid)
/mnt/e/git/for-build/edk2-lithium/workspace/Build/XiaomiMIXPkg/DEBUG_GCC5/AARCH64/MdePkg/Library/BaseMemoryLibOptDxe/BaseMemoryLibOptDxe/OUTPUT/BaseMemoryLibOptDxe.lib(SetMem64Wrapper.obj)
                              SetMemWrapper.obj (symbol from plugin) (SetMem64)
/mnt/e/git/for-build/edk2-lithium/workspace/Build/XiaomiMIXPkg/DEBUG_GCC5/AARCH64/MdePkg/Library/BaseLib/BaseLib/OUTPUT/BaseLib.lib(MultU64x64.obj)
                              ArmArchTimerLib.obj (symbol from plugin) (MultU64x64)
/mnt/e/git/for-build/edk2-lithium/workspace/Build/XiaomiMIXPkg/DEBUG_GCC5/AARCH64/MdePkg/Library/BaseLib/BaseLib/OUTPUT/BaseLib.lib(DivU64x64Remainder.obj)
                              VirtualRealTimeClockLib.obj (symbol from plugin) (DivU64x64Remainder)
/mnt/e/git/for-build/edk2-lithium/workspace/Build/XiaomiMIXPkg/DEBUG_GCC5/AARCH64/MdePkg/Library/BaseLib/BaseLib/OUTPUT/BaseLib.lib(DivU64x32Remainder.obj)
                              ArmArchTimerLib.obj (symbol from plugin) (DivU64x32Remainder)
/mnt/e/git/for-build/edk2-lithium/workspace/Build/XiaomiMIXPkg/DEBUG_GCC5/AARCH64/MdePkg/Library/BaseLib/BaseLib/OUTPUT/BaseLib.lib(DivU64x32.obj)
                              ArmArchTimerLib.obj (symbol from plugin) (DivU64x32)
/mnt/e/git/for-build/edk2-lithium/workspace/Build/XiaomiMIXPkg/DEBUG_GCC5/AARCH64/MdePkg/Library/BaseLib/BaseLib/OUTPUT/BaseLib.lib(String.obj)
                              UefiLib.obj (symbol from plugin) (StrSize)
/mnt/e/git/for-build/edk2-lithium/workspace/Build/XiaomiMIXPkg/DEBUG_GCC5/AARCH64/MdePkg/Library/BaseLib/BaseLib/OUTPUT/BaseLib.lib(Unaligned.obj)
                              UefiLib.obj (symbol from plugin) (ReadUnaligned24)
/mnt/e/git/for-build/edk2-lithium/workspace/Build/XiaomiMIXPkg/DEBUG_GCC5/AARCH64/MdePkg/Library/BaseLib/BaseLib/OUTPUT/BaseLib.lib(Math64.obj)
                              MultU64x64.obj (symbol from plugin) (InternalMathMultU64x64)
/mnt/e/git/for-build/edk2-lithium/workspace/Build/XiaomiMIXPkg/DEBUG_GCC5/AARCH64/MdePkg/Library/BaseLib/BaseLib/OUTPUT/BaseLib.lib(SwapBytes32.obj)
                              Math64.obj (symbol from plugin) (SwapBytes32)
/mnt/e/git/for-build/edk2-lithium/workspace/Build/XiaomiMIXPkg/DEBUG_GCC5/AARCH64/MdePkg/Library/BaseLib/BaseLib/OUTPUT/BaseLib.lib(SwapBytes16.obj)
                              SwapBytes32.obj (symbol from plugin) (SwapBytes16)
/mnt/e/git/for-build/edk2-lithium/workspace/Build/XiaomiMIXPkg/DEBUG_GCC5/AARCH64/MdePkg/Library/BaseLib/BaseLib/OUTPUT/BaseLib.lib(RShiftU64.obj)
                              Unaligned.obj (symbol from plugin) (RShiftU64)
/mnt/e/git/for-build/edk2-lithium/workspace/Build/XiaomiMIXPkg/DEBUG_GCC5/AARCH64/MdePkg/Library/BaseLib/BaseLib/OUTPUT/BaseLib.lib(LShiftU64.obj)
                              Unaligned.obj (symbol from plugin) (LShiftU64)
/mnt/e/git/for-build/edk2-lithium/workspace/Build/XiaomiMIXPkg/DEBUG_GCC5/AARCH64/MdePkg/Library/BaseLib/BaseLib/OUTPUT/BaseLib.lib(SafeString.obj)
                              String.obj (symbol from plugin) (StrDecimalToUintnS)
/mnt/e/git/for-build/edk2-lithium/workspace/Build/XiaomiMIXPkg/DEBUG_GCC5/AARCH64/MdePkg/Library/BaseLib/BaseLib/OUTPUT/BaseLib.lib(MultU64x32.obj)
                              SafeString.obj (symbol from plugin) (MultU64x32)
/mnt/e/git/for-build/edk2-lithium/workspace/Build/XiaomiMIXPkg/DEBUG_GCC5/AARCH64/ArmPkg/Library/ArmLib/ArmBaseLib/OUTPUT/ArmBaseLib.lib(AArch64Support.obj)
                              ArmArchTimerLib.obj (symbol from plugin) (ArmIsArchTimerImplemented)
/mnt/e/git/for-build/edk2-lithium/workspace/Build/XiaomiMIXPkg/DEBUG_GCC5/AARCH64/XiaomiMIXPkg/Library/FrameBufferSerialPortLib/FrameBufferSerialPortLib/OUTPUT/FrameBufferSerialPortLib.lib(FrameBufferSerialPortLib.obj)
                              DebugLib.obj (symbol from plugin) (SerialPortInitialize)
/mnt/e/git/for-build/edk2-lithium/workspace/Build/XiaomiMIXPkg/DEBUG_GCC5/AARCH64/MdePkg/Library/BasePrintLib/BasePrintLib/OUTPUT/BasePrintLib.lib(PrintLib.obj)
                              DebugLib.obj (symbol from plugin) (AsciiVSPrint)
/mnt/e/git/for-build/edk2-lithium/workspace/Build/XiaomiMIXPkg/DEBUG_GCC5/AARCH64/MdePkg/Library/BasePrintLib/BasePrintLib/OUTPUT/BasePrintLib.lib(PrintLibInternal.obj)
                              PrintLib.obj (symbol from plugin) (BasePrintLibConvertValueToString)
/mnt/e/git/for-build/edk2-lithium/workspace/Build/XiaomiMIXPkg/DEBUG_GCC5/AARCH64/MdePkg/Library/BaseDebugPrintErrorLevelLib/BaseDebugPrintErrorLevelLib/OUTPUT/BaseDebugPrintErrorLevelLib.lib(BaseDebugPrintErrorLevelLib.obj)
                              DebugLib.obj (symbol from plugin) (GetDebugPrintErrorLevel)
/mnt/e/git/for-build/edk2-lithium/workspace/Build/XiaomiMIXPkg/DEBUG_GCC5/AARCH64/MdePkg/Library/UefiMemoryAllocationLib/UefiMemoryAllocationLib/OUTPUT/UefiMemoryAllocationLib.lib(MemoryAllocationLib.obj)
                              UefiLib.obj (symbol from plugin) (AllocatePool)
/mnt/e/git/for-build/edk2-lithium/workspace/Build/XiaomiMIXPkg/DEBUG_GCC5/AARCH64/MdePkg/Library/UefiDevicePathLib/UefiDevicePathLib/OUTPUT/UefiDevicePathLib.lib(DevicePathUtilities.obj)
                              UefiLib.obj (symbol from plugin) (DevicePathType)
/mnt/e/git/for-build/edk2-lithium/workspace/Build/XiaomiMIXPkg/DEBUG_GCC5/AARCH64/MdePkg/Library/UefiDevicePathLib/UefiDevicePathLib/OUTPUT/UefiDevicePathLib.lib(UefiDevicePathLib.obj)
                              DevicePathUtilities.obj (symbol from plugin) (GetDevicePathSize)
/mnt/e/git/for-build/edk2-lithium/workspace/Build/XiaomiMIXPkg/DEBUG_GCC5/AARCH64/MdePkg/Library/UefiDevicePathLib/UefiDevicePathLib/OUTPUT/UefiDevicePathLib.lib(DevicePathToText.obj)
                              UefiDevicePathLib.obj (symbol from plugin) (UefiDevicePathLibConvertDeviceNodeToText)
/mnt/e/git/for-build/edk2-lithium/workspace/Build/XiaomiMIXPkg/DEBUG_GCC5/AARCH64/MdePkg/Library/UefiDevicePathLib/UefiDevicePathLib/OUTPUT/UefiDevicePathLib.lib(DevicePathFromText.obj)
                              UefiDevicePathLib.obj (symbol from plugin) (UefiDevicePathLibConvertTextToDeviceNode)
/mnt/e/git/for-build/edk2-lithium/workspace/Build/XiaomiMIXPkg/DEBUG_GCC5/AARCH64/ArmPkg/Library/ArmGenericTimerPhyCounterLib/ArmGenericTimerPhyCounterLib/OUTPUT/ArmGenericTimerPhyCounterLib.lib(ArmGenericTimerPhyCounterLib.obj)
                              ArmArchTimerLib.obj (symbol from plugin) (ArmGenericTimerGetTimerFreq)
/mnt/e/git/for-build/edk2-lithium/workspace/Build/XiaomiMIXPkg/DEBUG_GCC5/AARCH64/EmbeddedPkg/Library/TimeBaseLib/TimeBaseLib/OUTPUT/TimeBaseLib.lib(TimeBaseLib.obj)
                              VirtualRealTimeClockLib.obj (symbol from plugin) (EpochToEfiTime)
/mnt/e/git/for-build/edk2-lithium/workspace/Build/XiaomiMIXPkg/DEBUG_GCC5/AARCH64/MdePkg/Library/BaseLib/BaseLib/OUTPUT/BaseLib.lib(SwapBytes64.obj)
                              DevicePathFromText.obj (symbol from plugin) (SwapBytes64)
/mnt/e/git/for-build/edk2-lithium/workspace/Build/XiaomiMIXPkg/DEBUG_GCC5/AARCH64/ArmPkg/Library/ArmLib/ArmBaseLib/OUTPUT/ArmBaseLib.lib(ArmLibSupport.obj)
                              FrameBufferSerialPortLib.obj (symbol from plugin) (ArmGetInterruptState)
/mnt/e/git/for-build/edk2-lithium/workspace/Build/XiaomiMIXPkg/DEBUG_GCC5/AARCH64/ArmPkg/Library/ArmLib/ArmBaseLib/OUTPUT/ArmBaseLib.lib(ArmLibSupportV8.obj)
                              FrameBufferSerialPortLib.obj (symbol from plugin) (ArmEnableInterrupts)
/mnt/e/git/for-build/edk2-lithium/workspace/Build/XiaomiMIXPkg/DEBUG_GCC5/AARCH64/ArmPkg/Library/ArmLib/ArmBaseLib/OUTPUT/ArmBaseLib.lib(AArch64ArchTimerSupport.obj)
                              ArmGenericTimerPhyCounterLib.obj (symbol from plugin) (ArmReadCntFrq)
/mnt/e/git/for-build/edk2-lithium/workspace/Build/XiaomiMIXPkg/DEBUG_GCC5/AARCH64/ArmPkg/Library/ArmCacheMaintenanceLib/ArmCacheMaintenanceLib/OUTPUT/ArmCacheMaintenanceLib.lib(ArmCacheMaintenanceLib.obj)
                              FrameBufferSerialPortLib.obj (symbol from plugin) (WriteBackInvalidateDataCacheRange)
/mnt/e/git/for-build/edk2-lithium/workspace/Build/XiaomiMIXPkg/DEBUG_GCC5/AARCH64/ArmPkg/Library/ArmLib/ArmBaseLib/OUTPUT/ArmBaseLib.lib(ArmLib.obj)
                              ArmCacheMaintenanceLib.obj (symbol from plugin) (ArmDataCacheLineLength)

Discarded input sections

 .text          0x0000000000000000       0x10 /mnt/e/git/for-build/edk2/ArmPkg/Library/GccLto/liblto-aarch64.a
 .data          0x0000000000000000        0x0 /mnt/e/git/for-build/edk2/ArmPkg/Library/GccLto/liblto-aarch64.a
 .bss           0x0000000000000000        0x0 /mnt/e/git/for-build/edk2/ArmPkg/Library/GccLto/liblto-aarch64.a
 .text          0x0000000000000000        0x0 /tmp/ccfMQLCG.ltrans0.ltrans.o
 .data          0x0000000000000000        0x0 /tmp/ccfMQLCG.ltrans0.ltrans.o
 .bss           0x0000000000000000        0x0 /tmp/ccfMQLCG.ltrans0.ltrans.o
 .text.CpuDeadLoop
                0x0000000000000000       0x18 /tmp/ccfMQLCG.ltrans0.ltrans.o
 .text.StrnLenS
                0x0000000000000000       0x7c /tmp/ccfMQLCG.ltrans0.ltrans.o
 .text._DriverUnloadHandler
                0x0000000000000000       0x20 /tmp/ccfMQLCG.ltrans0.ltrans.o
 .text.__memset
                0x0000000000000000       0x1c /tmp/ccfMQLCG.ltrans0.ltrans.o
 .rodata.StrnLenS.str1.1
                0x0000000000000000       0x61 /tmp/ccfMQLCG.ltrans0.ltrans.o
 .comment       0x0000000000000000       0x31 /tmp/ccfMQLCG.ltrans0.ltrans.o
 .note.GNU-stack
                0x0000000000000000        0x0 /tmp/ccfMQLCG.ltrans0.ltrans.o
 .text          0x0000000000000000        0x8 /mnt/e/git/for-build/edk2-lithium/workspace/Build/XiaomiMIXPkg/DEBUG_GCC5/AARCH64/MdePkg/Library/BaseLib/BaseLib/OUTPUT/BaseLib.lib(CpuBreakpoint.obj)
 .data          0x0000000000000000        0x0 /mnt/e/git/for-build/edk2-lithium/workspace/Build/XiaomiMIXPkg/DEBUG_GCC5/AARCH64/MdePkg/Library/BaseLib/BaseLib/OUTPUT/BaseLib.lib(CpuBreakpoint.obj)
 .bss           0x0000000000000000        0x0 /mnt/e/git/for-build/edk2-lithium/workspace/Build/XiaomiMIXPkg/DEBUG_GCC5/AARCH64/MdePkg/Library/BaseLib/BaseLib/OUTPUT/BaseLib.lib(CpuBreakpoint.obj)
 .text          0x0000000000000000      0x200 /mnt/e/git/for-build/edk2-lithium/workspace/Build/XiaomiMIXPkg/DEBUG_GCC5/AARCH64/MdePkg/Library/BaseMemoryLibOptDxe/BaseMemoryLibOptDxe/OUTPUT/BaseMemoryLibOptDxe.lib(SetMem.obj)
 .data          0x0000000000000000        0x0 /mnt/e/git/for-build/edk2-lithium/workspace/Build/XiaomiMIXPkg/DEBUG_GCC5/AARCH64/MdePkg/Library/BaseMemoryLibOptDxe/BaseMemoryLibOptDxe/OUTPUT/BaseMemoryLibOptDxe.lib(SetMem.obj)
 .bss           0x0000000000000000        0x0 /mnt/e/git/for-build/edk2-lithium/workspace/Build/XiaomiMIXPkg/DEBUG_GCC5/AARCH64/MdePkg/Library/BaseMemoryLibOptDxe/BaseMemoryLibOptDxe/OUTPUT/BaseMemoryLibOptDxe.lib(SetMem.obj)
 .text          0x0000000000000000      0x218 /mnt/e/git/for-build/edk2-lithium/workspace/Build/XiaomiMIXPkg/DEBUG_GCC5/AARCH64/MdePkg/Library/BaseMemoryLibOptDxe/BaseMemoryLibOptDxe/OUTPUT/BaseMemoryLibOptDxe.lib(CopyMem.obj)
 .data          0x0000000000000000        0x0 /mnt/e/git/for-build/edk2-lithium/workspace/Build/XiaomiMIXPkg/DEBUG_GCC5/AARCH64/MdePkg/Library/BaseMemoryLibOptDxe/BaseMemoryLibOptDxe/OUTPUT/BaseMemoryLibOptDxe.lib(CopyMem.obj)
 .bss           0x0000000000000000        0x0 /mnt/e/git/for-build/edk2-lithium/workspace/Build/XiaomiMIXPkg/DEBUG_GCC5/AARCH64/MdePkg/Library/BaseMemoryLibOptDxe/BaseMemoryLibOptDxe/OUTPUT/BaseMemoryLibOptDxe.lib(CopyMem.obj)
 .data          0x0000000000000000        0x0 /mnt/e/git/for-build/edk2-lithium/workspace/Build/XiaomiMIXPkg/DEBUG_GCC5/AARCH64/MdePkg/Library/BaseMemoryLibOptDxe/BaseMemoryLibOptDxe/OUTPUT/BaseMemoryLibOptDxe.lib(CompareGuid.obj)
 .bss           0x0000000000000000        0x0 /mnt/e/git/for-build/edk2-lithium/workspace/Build/XiaomiMIXPkg/DEBUG_GCC5/AARCH64/MdePkg/Library/BaseMemoryLibOptDxe/BaseMemoryLibOptDxe/OUTPUT/BaseMemoryLibOptDxe.lib(CompareGuid.obj)
 .text          0x0000000000000000        0x0 /mnt/e/git/for-build/edk2-lithium/workspace/Build/XiaomiMIXPkg/DEBUG_GCC5/AARCH64/ArmPkg/Library/ArmLib/ArmBaseLib/OUTPUT/ArmBaseLib.lib(AArch64Support.obj)
 .data          0x0000000000000000        0x0 /mnt/e/git/for-build/edk2-lithium/workspace/Build/XiaomiMIXPkg/DEBUG_GCC5/AARCH64/ArmPkg/Library/ArmLib/ArmBaseLib/OUTPUT/ArmBaseLib.lib(AArch64Support.obj)
 .bss           0x0000000000000000        0x0 /mnt/e/git/for-build/edk2-lithium/workspace/Build/XiaomiMIXPkg/DEBUG_GCC5/AARCH64/ArmPkg/Library/ArmLib/ArmBaseLib/OUTPUT/ArmBaseLib.lib(AArch64Support.obj)
 .text.ArmInvalidateDataCacheEntryByMVA
                0x0000000000000000        0x8 /mnt/e/git/for-build/edk2-lithium/workspace/Build/XiaomiMIXPkg/DEBUG_GCC5/AARCH64/ArmPkg/Library/ArmLib/ArmBaseLib/OUTPUT/ArmBaseLib.lib(AArch64Support.obj)
 .text.ArmCleanDataCacheEntryByMVA
                0x0000000000000000        0x8 /mnt/e/git/for-build/edk2-lithium/workspace/Build/XiaomiMIXPkg/DEBUG_GCC5/AARCH64/ArmPkg/Library/ArmLib/ArmBaseLib/OUTPUT/ArmBaseLib.lib(AArch64Support.obj)
 .text.ArmCleanDataCacheEntryToPoUByMVA
                0x0000000000000000        0x8 /mnt/e/git/for-build/edk2-lithium/workspace/Build/XiaomiMIXPkg/DEBUG_GCC5/AARCH64/ArmPkg/Library/ArmLib/ArmBaseLib/OUTPUT/ArmBaseLib.lib(AArch64Support.obj)
 .text.ArmInvalidateInstructionCacheEntryToPoUByMVA
                0x0000000000000000        0x8 /mnt/e/git/for-build/edk2-lithium/workspace/Build/XiaomiMIXPkg/DEBUG_GCC5/AARCH64/ArmPkg/Library/ArmLib/ArmBaseLib/OUTPUT/ArmBaseLib.lib(AArch64Support.obj)
 .text.ArmInvalidateDataCacheEntryBySetWay
                0x0000000000000000        0x8 /mnt/e/git/for-build/edk2-lithium/workspace/Build/XiaomiMIXPkg/DEBUG_GCC5/AARCH64/ArmPkg/Library/ArmLib/ArmBaseLib/OUTPUT/ArmBaseLib.lib(AArch64Support.obj)
 .text.ArmCleanInvalidateDataCacheEntryBySetWay
                0x0000000000000000        0x8 /mnt/e/git/for-build/edk2-lithium/workspace/Build/XiaomiMIXPkg/DEBUG_GCC5/AARCH64/ArmPkg/Library/ArmLib/ArmBaseLib/OUTPUT/ArmBaseLib.lib(AArch64Support.obj)
 .text.ArmCleanDataCacheEntryBySetWay
                0x0000000000000000        0x8 /mnt/e/git/for-build/edk2-lithium/workspace/Build/XiaomiMIXPkg/DEBUG_GCC5/AARCH64/ArmPkg/Library/ArmLib/ArmBaseLib/OUTPUT/ArmBaseLib.lib(AArch64Support.obj)
 .text.ArmInvalidateInstructionCache
                0x0000000000000000       0x10 /mnt/e/git/for-build/edk2-lithium/workspace/Build/XiaomiMIXPkg/DEBUG_GCC5/AARCH64/ArmPkg/Library/ArmLib/ArmBaseLib/OUTPUT/ArmBaseLib.lib(AArch64Support.obj)
 .text.ArmEnableMmu
                0x0000000000000000       0x88 /mnt/e/git/for-build/edk2-lithium/workspace/Build/XiaomiMIXPkg/DEBUG_GCC5/AARCH64/ArmPkg/Library/ArmLib/ArmBaseLib/OUTPUT/ArmBaseLib.lib(AArch64Support.obj)
 .text.ArmDisableMmu
                0x0000000000000000       0x74 /mnt/e/git/for-build/edk2-lithium/workspace/Build/XiaomiMIXPkg/DEBUG_GCC5/AARCH64/ArmPkg/Library/ArmLib/ArmBaseLib/OUTPUT/ArmBaseLib.lib(AArch64Support.obj)
 .text.ArmDisableCachesAndMmu
                0x0000000000000000       0x6c /mnt/e/git/for-build/edk2-lithium/workspace/Build/XiaomiMIXPkg/DEBUG_GCC5/AARCH64/ArmPkg/Library/ArmLib/ArmBaseLib/OUTPUT/ArmBaseLib.lib(AArch64Support.obj)
 .text.ArmMmuEnabled
                0x0000000000000000       0x34 /mnt/e/git/for-build/edk2-lithium/workspace/Build/XiaomiMIXPkg/DEBUG_GCC5/AARCH64/ArmPkg/Library/ArmLib/ArmBaseLib/OUTPUT/ArmBaseLib.lib(AArch64Support.obj)
 .text.ArmEnableDataCache
                0x0000000000000000       0x68 /mnt/e/git/for-build/edk2-lithium/workspace/Build/XiaomiMIXPkg/DEBUG_GCC5/AARCH64/ArmPkg/Library/ArmLib/ArmBaseLib/OUTPUT/ArmBaseLib.lib(AArch64Support.obj)
 .text.ArmDisableDataCache
                0x0000000000000000       0x68 /mnt/e/git/for-build/edk2-lithium/workspace/Build/XiaomiMIXPkg/DEBUG_GCC5/AARCH64/ArmPkg/Library/ArmLib/ArmBaseLib/OUTPUT/ArmBaseLib.lib(AArch64Support.obj)
 .text.ArmEnableInstructionCache
                0x0000000000000000       0x68 /mnt/e/git/for-build/edk2-lithium/workspace/Build/XiaomiMIXPkg/DEBUG_GCC5/AARCH64/ArmPkg/Library/ArmLib/ArmBaseLib/OUTPUT/ArmBaseLib.lib(AArch64Support.obj)
 .text.ArmDisableInstructionCache
                0x0000000000000000       0x68 /mnt/e/git/for-build/edk2-lithium/workspace/Build/XiaomiMIXPkg/DEBUG_GCC5/AARCH64/ArmPkg/Library/ArmLib/ArmBaseLib/OUTPUT/ArmBaseLib.lib(AArch64Support.obj)
 .text.ArmEnableAlignmentCheck
                0x0000000000000000       0x58 /mnt/e/git/for-build/edk2-lithium/workspace/Build/XiaomiMIXPkg/DEBUG_GCC5/AARCH64/ArmPkg/Library/ArmLib/ArmBaseLib/OUTPUT/ArmBaseLib.lib(AArch64Support.obj)
 .text.ArmDisableAlignmentCheck
                0x0000000000000000       0x68 /mnt/e/git/for-build/edk2-lithium/workspace/Build/XiaomiMIXPkg/DEBUG_GCC5/AARCH64/ArmPkg/Library/ArmLib/ArmBaseLib/OUTPUT/ArmBaseLib.lib(AArch64Support.obj)
 .text.ArmEnableStackAlignmentCheck
                0x0000000000000000       0x58 /mnt/e/git/for-build/edk2-lithium/workspace/Build/XiaomiMIXPkg/DEBUG_GCC5/AARCH64/ArmPkg/Library/ArmLib/ArmBaseLib/OUTPUT/ArmBaseLib.lib(AArch64Support.obj)
 .text.ArmDisableStackAlignmentCheck
                0x0000000000000000       0x68 /mnt/e/git/for-build/edk2-lithium/workspace/Build/XiaomiMIXPkg/DEBUG_GCC5/AARCH64/ArmPkg/Library/ArmLib/ArmBaseLib/OUTPUT/ArmBaseLib.lib(AArch64Support.obj)
 .text.ArmEnableBranchPrediction
                0x0000000000000000        0x4 /mnt/e/git/for-build/edk2-lithium/workspace/Build/XiaomiMIXPkg/DEBUG_GCC5/AARCH64/ArmPkg/Library/ArmLib/ArmBaseLib/OUTPUT/ArmBaseLib.lib(AArch64Support.obj)
 .text.ArmDisableBranchPrediction
                0x0000000000000000        0x4 /mnt/e/git/for-build/edk2-lithium/workspace/Build/XiaomiMIXPkg/DEBUG_GCC5/AARCH64/ArmPkg/Library/ArmLib/ArmBaseLib/OUTPUT/ArmBaseLib.lib(AArch64Support.obj)
 .text.AArch64AllDataCachesOperation
                0x0000000000000000       0xa8 /mnt/e/git/for-build/edk2-lithium/workspace/Build/XiaomiMIXPkg/DEBUG_GCC5/AARCH64/ArmPkg/Library/ArmLib/ArmBaseLib/OUTPUT/ArmBaseLib.lib(AArch64Support.obj)
 .text.ArmDataMemoryBarrier
                0x0000000000000000        0x8 /mnt/e/git/for-build/edk2-lithium/workspace/Build/XiaomiMIXPkg/DEBUG_GCC5/AARCH64/ArmPkg/Library/ArmLib/ArmBaseLib/OUTPUT/ArmBaseLib.lib(AArch64Support.obj)
 .text.ArmInstructionSynchronizationBarrier
                0x0000000000000000        0x8 /mnt/e/git/for-build/edk2-lithium/workspace/Build/XiaomiMIXPkg/DEBUG_GCC5/AARCH64/ArmPkg/Library/ArmLib/ArmBaseLib/OUTPUT/ArmBaseLib.lib(AArch64Support.obj)
 .text.ArmWriteVBar
                0x0000000000000000       0x34 /mnt/e/git/for-build/edk2-lithium/workspace/Build/XiaomiMIXPkg/DEBUG_GCC5/AARCH64/ArmPkg/Library/ArmLib/ArmBaseLib/OUTPUT/ArmBaseLib.lib(AArch64Support.obj)
 .text.ArmReadVBar
                0x0000000000000000       0x30 /mnt/e/git/for-build/edk2-lithium/workspace/Build/XiaomiMIXPkg/DEBUG_GCC5/AARCH64/ArmPkg/Library/ArmLib/ArmBaseLib/OUTPUT/ArmBaseLib.lib(AArch64Support.obj)
 .text.ArmEnableVFP
                0x0000000000000000       0x64 /mnt/e/git/for-build/edk2-lithium/workspace/Build/XiaomiMIXPkg/DEBUG_GCC5/AARCH64/ArmPkg/Library/ArmLib/ArmBaseLib/OUTPUT/ArmBaseLib.lib(AArch64Support.obj)
 .text.ArmCallWFI
                0x0000000000000000        0x8 /mnt/e/git/for-build/edk2-lithium/workspace/Build/XiaomiMIXPkg/DEBUG_GCC5/AARCH64/ArmPkg/Library/ArmLib/ArmBaseLib/OUTPUT/ArmBaseLib.lib(AArch64Support.obj)
 .text.ArmReadMpidr
                0x0000000000000000        0x8 /mnt/e/git/for-build/edk2-lithium/workspace/Build/XiaomiMIXPkg/DEBUG_GCC5/AARCH64/ArmPkg/Library/ArmLib/ArmBaseLib/OUTPUT/ArmBaseLib.lib(AArch64Support.obj)
 .text.ArmReadTpidrurw
                0x0000000000000000        0x8 /mnt/e/git/for-build/edk2-lithium/workspace/Build/XiaomiMIXPkg/DEBUG_GCC5/AARCH64/ArmPkg/Library/ArmLib/ArmBaseLib/OUTPUT/ArmBaseLib.lib(AArch64Support.obj)
 .text.ArmWriteTpidrurw
                0x0000000000000000        0x8 /mnt/e/git/for-build/edk2-lithium/workspace/Build/XiaomiMIXPkg/DEBUG_GCC5/AARCH64/ArmPkg/Library/ArmLib/ArmBaseLib/OUTPUT/ArmBaseLib.lib(AArch64Support.obj)
 .text.ArmReadIdPfr0
                0x0000000000000000        0x8 /mnt/e/git/for-build/edk2-lithium/workspace/Build/XiaomiMIXPkg/DEBUG_GCC5/AARCH64/ArmPkg/Library/ArmLib/ArmBaseLib/OUTPUT/ArmBaseLib.lib(AArch64Support.obj)
 .text.ArmReadIdPfr1
                0x0000000000000000        0x8 /mnt/e/git/for-build/edk2-lithium/workspace/Build/XiaomiMIXPkg/DEBUG_GCC5/AARCH64/ArmPkg/Library/ArmLib/ArmBaseLib/OUTPUT/ArmBaseLib.lib(AArch64Support.obj)
 .text.ArmWriteHcr
                0x0000000000000000        0x8 /mnt/e/git/for-build/edk2-lithium/workspace/Build/XiaomiMIXPkg/DEBUG_GCC5/AARCH64/ArmPkg/Library/ArmLib/ArmBaseLib/OUTPUT/ArmBaseLib.lib(AArch64Support.obj)
 .text.ArmReadHcr
                0x0000000000000000        0x8 /mnt/e/git/for-build/edk2-lithium/workspace/Build/XiaomiMIXPkg/DEBUG_GCC5/AARCH64/ArmPkg/Library/ArmLib/ArmBaseLib/OUTPUT/ArmBaseLib.lib(AArch64Support.obj)
 .text.ArmReadCurrentEL
                0x0000000000000000        0x8 /mnt/e/git/for-build/edk2-lithium/workspace/Build/XiaomiMIXPkg/DEBUG_GCC5/AARCH64/ArmPkg/Library/ArmLib/ArmBaseLib/OUTPUT/ArmBaseLib.lib(AArch64Support.obj)
 .text.ArmReadCntHctl
                0x0000000000000000        0x8 /mnt/e/git/for-build/edk2-lithium/workspace/Build/XiaomiMIXPkg/DEBUG_GCC5/AARCH64/ArmPkg/Library/ArmLib/ArmBaseLib/OUTPUT/ArmBaseLib.lib(AArch64Support.obj)
 .text.ArmWriteCntHctl
                0x0000000000000000        0x8 /mnt/e/git/for-build/edk2-lithium/workspace/Build/XiaomiMIXPkg/DEBUG_GCC5/AARCH64/ArmPkg/Library/ArmLib/ArmBaseLib/OUTPUT/ArmBaseLib.lib(AArch64Support.obj)
 .text          0x0000000000000000        0x0 /mnt/e/git/for-build/edk2-lithium/workspace/Build/XiaomiMIXPkg/DEBUG_GCC5/AARCH64/ArmPkg/Library/ArmLib/ArmBaseLib/OUTPUT/ArmBaseLib.lib(ArmLibSupport.obj)
 .data          0x0000000000000000        0x0 /mnt/e/git/for-build/edk2-lithium/workspace/Build/XiaomiMIXPkg/DEBUG_GCC5/AARCH64/ArmPkg/Library/ArmLib/ArmBaseLib/OUTPUT/ArmBaseLib.lib(ArmLibSupport.obj)
 .bss           0x0000000000000000        0x0 /mnt/e/git/for-build/edk2-lithium/workspace/Build/XiaomiMIXPkg/DEBUG_GCC5/AARCH64/ArmPkg/Library/ArmLib/ArmBaseLib/OUTPUT/ArmBaseLib.lib(ArmLibSupport.obj)
 .text.ArmReadMidr
                0x0000000000000000        0x8 /mnt/e/git/for-build/edk2-lithium/workspace/Build/XiaomiMIXPkg/DEBUG_GCC5/AARCH64/ArmPkg/Library/ArmLib/ArmBaseLib/OUTPUT/ArmBaseLib.lib(ArmLibSupport.obj)
 .text.ArmGetFiqState
                0x0000000000000000       0x10 /mnt/e/git/for-build/edk2-lithium/workspace/Build/XiaomiMIXPkg/DEBUG_GCC5/AARCH64/ArmPkg/Library/ArmLib/ArmBaseLib/OUTPUT/ArmBaseLib.lib(ArmLibSupport.obj)
 .text.ArmWriteCpacr
                0x0000000000000000        0x8 /mnt/e/git/for-build/edk2-lithium/workspace/Build/XiaomiMIXPkg/DEBUG_GCC5/AARCH64/ArmPkg/Library/ArmLib/ArmBaseLib/OUTPUT/ArmBaseLib.lib(ArmLibSupport.obj)
 .text.ArmWriteAuxCr
                0x0000000000000000       0x28 /mnt/e/git/for-build/edk2-lithium/workspace/Build/XiaomiMIXPkg/DEBUG_GCC5/AARCH64/ArmPkg/Library/ArmLib/ArmBaseLib/OUTPUT/ArmBaseLib.lib(ArmLibSupport.obj)
 .text.ArmReadAuxCr
                0x0000000000000000       0x28 /mnt/e/git/for-build/edk2-lithium/workspace/Build/XiaomiMIXPkg/DEBUG_GCC5/AARCH64/ArmPkg/Library/ArmLib/ArmBaseLib/OUTPUT/ArmBaseLib.lib(ArmLibSupport.obj)
 .text.ArmSetTTBR0
                0x0000000000000000       0x34 /mnt/e/git/for-build/edk2-lithium/workspace/Build/XiaomiMIXPkg/DEBUG_GCC5/AARCH64/ArmPkg/Library/ArmLib/ArmBaseLib/OUTPUT/ArmBaseLib.lib(ArmLibSupport.obj)
 .text.ArmGetTTBR0BaseAddress
                0x0000000000000000       0x30 /mnt/e/git/for-build/edk2-lithium/workspace/Build/XiaomiMIXPkg/DEBUG_GCC5/AARCH64/ArmPkg/Library/ArmLib/ArmBaseLib/OUTPUT/ArmBaseLib.lib(ArmLibSupport.obj)
 .text.ArmGetTCR
                0x0000000000000000       0x34 /mnt/e/git/for-build/edk2-lithium/workspace/Build/XiaomiMIXPkg/DEBUG_GCC5/AARCH64/ArmPkg/Library/ArmLib/ArmBaseLib/OUTPUT/ArmBaseLib.lib(ArmLibSupport.obj)
 .text.ArmSetTCR
                0x0000000000000000       0x34 /mnt/e/git/for-build/edk2-lithium/workspace/Build/XiaomiMIXPkg/DEBUG_GCC5/AARCH64/ArmPkg/Library/ArmLib/ArmBaseLib/OUTPUT/ArmBaseLib.lib(ArmLibSupport.obj)
 .text.ArmGetMAIR
                0x0000000000000000       0x34 /mnt/e/git/for-build/edk2-lithium/workspace/Build/XiaomiMIXPkg/DEBUG_GCC5/AARCH64/ArmPkg/Library/ArmLib/ArmBaseLib/OUTPUT/ArmBaseLib.lib(ArmLibSupport.obj)
 .text.ArmSetMAIR
                0x0000000000000000       0x34 /mnt/e/git/for-build/edk2-lithium/workspace/Build/XiaomiMIXPkg/DEBUG_GCC5/AARCH64/ArmPkg/Library/ArmLib/ArmBaseLib/OUTPUT/ArmBaseLib.lib(ArmLibSupport.obj)
 .text.ArmUpdateTranslationTableEntry
                0x0000000000000000       0x54 /mnt/e/git/for-build/edk2-lithium/workspace/Build/XiaomiMIXPkg/DEBUG_GCC5/AARCH64/ArmPkg/Library/ArmLib/ArmBaseLib/OUTPUT/ArmBaseLib.lib(ArmLibSupport.obj)
 .text.ArmInvalidateTlb
                0x0000000000000000       0x38 /mnt/e/git/for-build/edk2-lithium/workspace/Build/XiaomiMIXPkg/DEBUG_GCC5/AARCH64/ArmPkg/Library/ArmLib/ArmBaseLib/OUTPUT/ArmBaseLib.lib(ArmLibSupport.obj)
 .text.ArmWriteCptr
                0x0000000000000000        0x8 /mnt/e/git/for-build/edk2-lithium/workspace/Build/XiaomiMIXPkg/DEBUG_GCC5/AARCH64/ArmPkg/Library/ArmLib/ArmBaseLib/OUTPUT/ArmBaseLib.lib(ArmLibSupport.obj)
 .text.ArmWriteScr
                0x0000000000000000        0xc /mnt/e/git/for-build/edk2-lithium/workspace/Build/XiaomiMIXPkg/DEBUG_GCC5/AARCH64/ArmPkg/Library/ArmLib/ArmBaseLib/OUTPUT/ArmBaseLib.lib(ArmLibSupport.obj)
 .text.ArmWriteMVBar
                0x0000000000000000        0x8 /mnt/e/git/for-build/edk2-lithium/workspace/Build/XiaomiMIXPkg/DEBUG_GCC5/AARCH64/ArmPkg/Library/ArmLib/ArmBaseLib/OUTPUT/ArmBaseLib.lib(ArmLibSupport.obj)
 .text.ArmCallWFE
                0x0000000000000000        0x8 /mnt/e/git/for-build/edk2-lithium/workspace/Build/XiaomiMIXPkg/DEBUG_GCC5/AARCH64/ArmPkg/Library/ArmLib/ArmBaseLib/OUTPUT/ArmBaseLib.lib(ArmLibSupport.obj)
 .text.ArmCallSEV
                0x0000000000000000        0x8 /mnt/e/git/for-build/edk2-lithium/workspace/Build/XiaomiMIXPkg/DEBUG_GCC5/AARCH64/ArmPkg/Library/ArmLib/ArmBaseLib/OUTPUT/ArmBaseLib.lib(ArmLibSupport.obj)
 .text.ArmReadCpuActlr
                0x0000000000000000        0x8 /mnt/e/git/for-build/edk2-lithium/workspace/Build/XiaomiMIXPkg/DEBUG_GCC5/AARCH64/ArmPkg/Library/ArmLib/ArmBaseLib/OUTPUT/ArmBaseLib.lib(ArmLibSupport.obj)
 .text.ArmWriteCpuActlr
                0x0000000000000000       0x10 /mnt/e/git/for-build/edk2-lithium/workspace/Build/XiaomiMIXPkg/DEBUG_GCC5/AARCH64/ArmPkg/Library/ArmLib/ArmBaseLib/OUTPUT/ArmBaseLib.lib(ArmLibSupport.obj)
 .text.ArmReadSctlr
                0x0000000000000000       0x30 /mnt/e/git/for-build/edk2-lithium/workspace/Build/XiaomiMIXPkg/DEBUG_GCC5/AARCH64/ArmPkg/Library/ArmLib/ArmBaseLib/OUTPUT/ArmBaseLib.lib(ArmLibSupport.obj)
 .text.ArmWriteSctlr
                0x0000000000000000       0x30 /mnt/e/git/for-build/edk2-lithium/workspace/Build/XiaomiMIXPkg/DEBUG_GCC5/AARCH64/ArmPkg/Library/ArmLib/ArmBaseLib/OUTPUT/ArmBaseLib.lib(ArmLibSupport.obj)
 .text.ArmGetPhysicalAddressBits
                0x0000000000000000       0x24 /mnt/e/git/for-build/edk2-lithium/workspace/Build/XiaomiMIXPkg/DEBUG_GCC5/AARCH64/ArmPkg/Library/ArmLib/ArmBaseLib/OUTPUT/ArmBaseLib.lib(ArmLibSupport.obj)
 .text          0x0000000000000000        0x0 /mnt/e/git/for-build/edk2-lithium/workspace/Build/XiaomiMIXPkg/DEBUG_GCC5/AARCH64/ArmPkg/Library/ArmLib/ArmBaseLib/OUTPUT/ArmBaseLib.lib(ArmLibSupportV8.obj)
 .data          0x0000000000000000        0x0 /mnt/e/git/for-build/edk2-lithium/workspace/Build/XiaomiMIXPkg/DEBUG_GCC5/AARCH64/ArmPkg/Library/ArmLib/ArmBaseLib/OUTPUT/ArmBaseLib.lib(ArmLibSupportV8.obj)
 .bss           0x0000000000000000        0x0 /mnt/e/git/for-build/edk2-lithium/workspace/Build/XiaomiMIXPkg/DEBUG_GCC5/AARCH64/ArmPkg/Library/ArmLib/ArmBaseLib/OUTPUT/ArmBaseLib.lib(ArmLibSupportV8.obj)
 .text.ArmIsMpCore
                0x0000000000000000       0x14 /mnt/e/git/for-build/edk2-lithium/workspace/Build/XiaomiMIXPkg/DEBUG_GCC5/AARCH64/ArmPkg/Library/ArmLib/ArmBaseLib/OUTPUT/ArmBaseLib.lib(ArmLibSupportV8.obj)
 .text.ArmEnableAsynchronousAbort
                0x0000000000000000        0xc /mnt/e/git/for-build/edk2-lithium/workspace/Build/XiaomiMIXPkg/DEBUG_GCC5/AARCH64/ArmPkg/Library/ArmLib/ArmBaseLib/OUTPUT/ArmBaseLib.lib(ArmLibSupportV8.obj)
 .text.ArmDisableAsynchronousAbort
                0x0000000000000000        0xc /mnt/e/git/for-build/edk2-lithium/workspace/Build/XiaomiMIXPkg/DEBUG_GCC5/AARCH64/ArmPkg/Library/ArmLib/ArmBaseLib/OUTPUT/ArmBaseLib.lib(ArmLibSupportV8.obj)
 .text.ArmEnableIrq
                0x0000000000000000        0xc /mnt/e/git/for-build/edk2-lithium/workspace/Build/XiaomiMIXPkg/DEBUG_GCC5/AARCH64/ArmPkg/Library/ArmLib/ArmBaseLib/OUTPUT/ArmBaseLib.lib(ArmLibSupportV8.obj)
 .text.ArmDisableIrq
                0x0000000000000000        0xc /mnt/e/git/for-build/edk2-lithium/workspace/Build/XiaomiMIXPkg/DEBUG_GCC5/AARCH64/ArmPkg/Library/ArmLib/ArmBaseLib/OUTPUT/ArmBaseLib.lib(ArmLibSupportV8.obj)
 .text.ArmEnableFiq
                0x0000000000000000        0xc /mnt/e/git/for-build/edk2-lithium/workspace/Build/XiaomiMIXPkg/DEBUG_GCC5/AARCH64/ArmPkg/Library/ArmLib/ArmBaseLib/OUTPUT/ArmBaseLib.lib(ArmLibSupportV8.obj)
 .text.ArmDisableFiq
                0x0000000000000000        0xc /mnt/e/git/for-build/edk2-lithium/workspace/Build/XiaomiMIXPkg/DEBUG_GCC5/AARCH64/ArmPkg/Library/ArmLib/ArmBaseLib/OUTPUT/ArmBaseLib.lib(ArmLibSupportV8.obj)
 .text.ArmDisableAllExceptions
                0x0000000000000000        0xc /mnt/e/git/for-build/edk2-lithium/workspace/Build/XiaomiMIXPkg/DEBUG_GCC5/AARCH64/ArmPkg/Library/ArmLib/ArmBaseLib/OUTPUT/ArmBaseLib.lib(ArmLibSupportV8.obj)
 .text.ReadCCSIDR
                0x0000000000000000       0x10 /mnt/e/git/for-build/edk2-lithium/workspace/Build/XiaomiMIXPkg/DEBUG_GCC5/AARCH64/ArmPkg/Library/ArmLib/ArmBaseLib/OUTPUT/ArmBaseLib.lib(ArmLibSupportV8.obj)
 .text.ReadCLIDR
                0x0000000000000000        0x8 /mnt/e/git/for-build/edk2-lithium/workspace/Build/XiaomiMIXPkg/DEBUG_GCC5/AARCH64/ArmPkg/Library/ArmLib/ArmBaseLib/OUTPUT/ArmBaseLib.lib(ArmLibSupportV8.obj)
 .text          0x0000000000000000        0x0 /mnt/e/git/for-build/edk2-lithium/workspace/Build/XiaomiMIXPkg/DEBUG_GCC5/AARCH64/ArmPkg/Library/ArmLib/ArmBaseLib/OUTPUT/ArmBaseLib.lib(AArch64ArchTimerSupport.obj)
 .data          0x0000000000000000        0x0 /mnt/e/git/for-build/edk2-lithium/workspace/Build/XiaomiMIXPkg/DEBUG_GCC5/AARCH64/ArmPkg/Library/ArmLib/ArmBaseLib/OUTPUT/ArmBaseLib.lib(AArch64ArchTimerSupport.obj)
 .bss           0x0000000000000000        0x0 /mnt/e/git/for-build/edk2-lithium/workspace/Build/XiaomiMIXPkg/DEBUG_GCC5/AARCH64/ArmPkg/Library/ArmLib/ArmBaseLib/OUTPUT/ArmBaseLib.lib(AArch64ArchTimerSupport.obj)
 .text.ArmWriteCntFrq
                0x0000000000000000        0x8 /mnt/e/git/for-build/edk2-lithium/workspace/Build/XiaomiMIXPkg/DEBUG_GCC5/AARCH64/ArmPkg/Library/ArmLib/ArmBaseLib/OUTPUT/ArmBaseLib.lib(AArch64ArchTimerSupport.obj)
 .text.ArmReadCntkCtl
                0x0000000000000000        0x8 /mnt/e/git/for-build/edk2-lithium/workspace/Build/XiaomiMIXPkg/DEBUG_GCC5/AARCH64/ArmPkg/Library/ArmLib/ArmBaseLib/OUTPUT/ArmBaseLib.lib(AArch64ArchTimerSupport.obj)
 .text.ArmWriteCntkCtl
                0x0000000000000000        0x8 /mnt/e/git/for-build/edk2-lithium/workspace/Build/XiaomiMIXPkg/DEBUG_GCC5/AARCH64/ArmPkg/Library/ArmLib/ArmBaseLib/OUTPUT/ArmBaseLib.lib(AArch64ArchTimerSupport.obj)
 .text.ArmReadCntpTval
                0x0000000000000000        0x8 /mnt/e/git/for-build/edk2-lithium/workspace/Build/XiaomiMIXPkg/DEBUG_GCC5/AARCH64/ArmPkg/Library/ArmLib/ArmBaseLib/OUTPUT/ArmBaseLib.lib(AArch64ArchTimerSupport.obj)
 .text.ArmWriteCntpTval
                0x0000000000000000        0x8 /mnt/e/git/for-build/edk2-lithium/workspace/Build/XiaomiMIXPkg/DEBUG_GCC5/AARCH64/ArmPkg/Library/ArmLib/ArmBaseLib/OUTPUT/ArmBaseLib.lib(AArch64ArchTimerSupport.obj)
 .text.ArmReadCntpCtl
                0x0000000000000000        0x8 /mnt/e/git/for-build/edk2-lithium/workspace/Build/XiaomiMIXPkg/DEBUG_GCC5/AARCH64/ArmPkg/Library/ArmLib/ArmBaseLib/OUTPUT/ArmBaseLib.lib(AArch64ArchTimerSupport.obj)
 .text.ArmWriteCntpCtl
                0x0000000000000000        0x8 /mnt/e/git/for-build/edk2-lithium/workspace/Build/XiaomiMIXPkg/DEBUG_GCC5/AARCH64/ArmPkg/Library/ArmLib/ArmBaseLib/OUTPUT/ArmBaseLib.lib(AArch64ArchTimerSupport.obj)
 .text.ArmReadCntvTval
                0x0000000000000000        0x8 /mnt/e/git/for-build/edk2-lithium/workspace/Build/XiaomiMIXPkg/DEBUG_GCC5/AARCH64/ArmPkg/Library/ArmLib/ArmBaseLib/OUTPUT/ArmBaseLib.lib(AArch64ArchTimerSupport.obj)
 .text.ArmWriteCntvTval
                0x0000000000000000        0x8 /mnt/e/git/for-build/edk2-lithium/workspace/Build/XiaomiMIXPkg/DEBUG_GCC5/AARCH64/ArmPkg/Library/ArmLib/ArmBaseLib/OUTPUT/ArmBaseLib.lib(AArch64ArchTimerSupport.obj)
 .text.ArmReadCntvCtl
                0x0000000000000000        0x8 /mnt/e/git/for-build/edk2-lithium/workspace/Build/XiaomiMIXPkg/DEBUG_GCC5/AARCH64/ArmPkg/Library/ArmLib/ArmBaseLib/OUTPUT/ArmBaseLib.lib(AArch64ArchTimerSupport.obj)
 .text.ArmWriteCntvCtl
                0x0000000000000000        0x8 /mnt/e/git/for-build/edk2-lithium/workspace/Build/XiaomiMIXPkg/DEBUG_GCC5/AARCH64/ArmPkg/Library/ArmLib/ArmBaseLib/OUTPUT/ArmBaseLib.lib(AArch64ArchTimerSupport.obj)
 .text.ArmReadCntvCt
                0x0000000000000000        0x8 /mnt/e/git/for-build/edk2-lithium/workspace/Build/XiaomiMIXPkg/DEBUG_GCC5/AARCH64/ArmPkg/Library/ArmLib/ArmBaseLib/OUTPUT/ArmBaseLib.lib(AArch64ArchTimerSupport.obj)
 .text.ArmReadCntpCval
                0x0000000000000000        0x8 /mnt/e/git/for-build/edk2-lithium/workspace/Build/XiaomiMIXPkg/DEBUG_GCC5/AARCH64/ArmPkg/Library/ArmLib/ArmBaseLib/OUTPUT/ArmBaseLib.lib(AArch64ArchTimerSupport.obj)
 .text.ArmWriteCntpCval
                0x0000000000000000        0x8 /mnt/e/git/for-build/edk2-lithium/workspace/Build/XiaomiMIXPkg/DEBUG_GCC5/AARCH64/ArmPkg/Library/ArmLib/ArmBaseLib/OUTPUT/ArmBaseLib.lib(AArch64ArchTimerSupport.obj)
 .text.ArmReadCntvCval
                0x0000000000000000        0x8 /mnt/e/git/for-build/edk2-lithium/workspace/Build/XiaomiMIXPkg/DEBUG_GCC5/AARCH64/ArmPkg/Library/ArmLib/ArmBaseLib/OUTPUT/ArmBaseLib.lib(AArch64ArchTimerSupport.obj)
 .text.ArmWriteCntvCval
                0x0000000000000000        0x8 /mnt/e/git/for-build/edk2-lithium/workspace/Build/XiaomiMIXPkg/DEBUG_GCC5/AARCH64/ArmPkg/Library/ArmLib/ArmBaseLib/OUTPUT/ArmBaseLib.lib(AArch64ArchTimerSupport.obj)
 .text.ArmReadCntvOff
                0x0000000000000000        0x8 /mnt/e/git/for-build/edk2-lithium/workspace/Build/XiaomiMIXPkg/DEBUG_GCC5/AARCH64/ArmPkg/Library/ArmLib/ArmBaseLib/OUTPUT/ArmBaseLib.lib(AArch64ArchTimerSupport.obj)
 .text.ArmWriteCntvOff
                0x0000000000000000        0x8 /mnt/e/git/for-build/edk2-lithium/workspace/Build/XiaomiMIXPkg/DEBUG_GCC5/AARCH64/ArmPkg/Library/ArmLib/ArmBaseLib/OUTPUT/ArmBaseLib.lib(AArch64ArchTimerSupport.obj)

Memory Configuration

Name             Origin             Length             Attributes
*default*        0x0000000000000000 0xffffffffffffffff

Linker script and memory map

LOAD /mnt/e/git/for-build/edk2/ArmPkg/Library/GccLto/liblto-aarch64.a
LOAD /tmp/ccfMQLCG.ltrans0.ltrans.o
START GROUP
LOAD /mnt/e/git/for-build/edk2-lithium/workspace/Build/XiaomiMIXPkg/DEBUG_GCC5/AARCH64/EmbeddedPkg/RealTimeClockRuntimeDxe/RealTimeClockRuntimeDxe/OUTPUT/RealTimeClock.lib
LOAD /mnt/e/git/for-build/edk2-lithium/workspace/Build/XiaomiMIXPkg/DEBUG_GCC5/AARCH64/MdePkg/Library/BaseMemoryLibOptDxe/BaseMemoryLibOptDxe/OUTPUT/BaseMemoryLibOptDxe.lib
LOAD /mnt/e/git/for-build/edk2-lithium/workspace/Build/XiaomiMIXPkg/DEBUG_GCC5/AARCH64/MdePkg/Library/DxePcdLib/DxePcdLib/OUTPUT/DxePcdLib.lib
LOAD /mnt/e/git/for-build/edk2-lithium/workspace/Build/XiaomiMIXPkg/DEBUG_GCC5/AARCH64/MdePkg/Library/BaseLib/BaseLib/OUTPUT/BaseLib.lib
LOAD /mnt/e/git/for-build/edk2-lithium/workspace/Build/XiaomiMIXPkg/DEBUG_GCC5/AARCH64/ArmPkg/Library/ArmLib/ArmBaseLib/OUTPUT/ArmBaseLib.lib
LOAD /mnt/e/git/for-build/edk2-lithium/workspace/Build/XiaomiMIXPkg/DEBUG_GCC5/AARCH64/ArmPkg/Library/ArmCacheMaintenanceLib/ArmCacheMaintenanceLib/OUTPUT/ArmCacheMaintenanceLib.lib
LOAD /mnt/e/git/for-build/edk2-lithium/workspace/Build/XiaomiMIXPkg/DEBUG_GCC5/AARCH64/MdePkg/Library/BaseIoLibIntrinsic/BaseIoLibIntrinsic/OUTPUT/BaseIoLibIntrinsic.lib
LOAD /mnt/e/git/for-build/edk2-lithium/workspace/Build/XiaomiMIXPkg/DEBUG_GCC5/AARCH64/ArmPkg/Library/CompilerIntrinsicsLib/CompilerIntrinsicsLib/OUTPUT/CompilerIntrinsicsLib.lib
LOAD /mnt/e/git/for-build/edk2-lithium/workspace/Build/XiaomiMIXPkg/DEBUG_GCC5/AARCH64/XiaomiMIXPkg/Library/FrameBufferSerialPortLib/FrameBufferSerialPortLib/OUTPUT/FrameBufferSerialPortLib.lib
LOAD /mnt/e/git/for-build/edk2-lithium/workspace/Build/XiaomiMIXPkg/DEBUG_GCC5/AARCH64/MdePkg/Library/BasePrintLib/BasePrintLib/OUTPUT/BasePrintLib.lib
LOAD /mnt/e/git/for-build/edk2-lithium/workspace/Build/XiaomiMIXPkg/DEBUG_GCC5/AARCH64/MdePkg/Library/BaseDebugPrintErrorLevelLib/BaseDebugPrintErrorLevelLib/OUTPUT/BaseDebugPrintErrorLevelLib.lib
LOAD /mnt/e/git/for-build/edk2-lithium/workspace/Build/XiaomiMIXPkg/DEBUG_GCC5/AARCH64/MdePkg/Library/DxeRuntimeDebugLibSerialPort/DxeRuntimeDebugLibSerialPort/OUTPUT/DxeRuntimeDebugLibSerialPort.lib
LOAD /mnt/e/git/for-build/edk2-lithium/workspace/Build/XiaomiMIXPkg/DEBUG_GCC5/AARCH64/MdePkg/Library/UefiMemoryAllocationLib/UefiMemoryAllocationLib/OUTPUT/UefiMemoryAllocationLib.lib
LOAD /mnt/e/git/for-build/edk2-lithium/workspace/Build/XiaomiMIXPkg/DEBUG_GCC5/AARCH64/MdePkg/Library/UefiDevicePathLib/UefiDevicePathLib/OUTPUT/UefiDevicePathLib.lib
LOAD /mnt/e/git/for-build/edk2-lithium/workspace/Build/XiaomiMIXPkg/DEBUG_GCC5/AARCH64/MdePkg/Library/UefiRuntimeServicesTableLib/UefiRuntimeServicesTableLib/OUTPUT/UefiRuntimeServicesTableLib.lib
LOAD /mnt/e/git/for-build/edk2-lithium/workspace/Build/XiaomiMIXPkg/DEBUG_GCC5/AARCH64/MdePkg/Library/UefiBootServicesTableLib/UefiBootServicesTableLib/OUTPUT/UefiBootServicesTableLib.lib
LOAD /mnt/e/git/for-build/edk2-lithium/workspace/Build/XiaomiMIXPkg/DEBUG_GCC5/AARCH64/MdePkg/Library/UefiLib/UefiLib/OUTPUT/UefiLib.lib
LOAD /mnt/e/git/for-build/edk2-lithium/workspace/Build/XiaomiMIXPkg/DEBUG_GCC5/AARCH64/MdePkg/Library/DxeHobLib/DxeHobLib/OUTPUT/DxeHobLib.lib
LOAD /mnt/e/git/for-build/edk2-lithium/workspace/Build/XiaomiMIXPkg/DEBUG_GCC5/AARCH64/ArmPkg/Library/ArmGenericTimerPhyCounterLib/ArmGenericTimerPhyCounterLib/OUTPUT/ArmGenericTimerPhyCounterLib.lib
LOAD /mnt/e/git/for-build/edk2-lithium/workspace/Build/XiaomiMIXPkg/DEBUG_GCC5/AARCH64/EmbeddedPkg/Library/TimeBaseLib/TimeBaseLib/OUTPUT/TimeBaseLib.lib
LOAD /mnt/e/git/for-build/edk2-lithium/workspace/Build/XiaomiMIXPkg/DEBUG_GCC5/AARCH64/ArmPkg/Library/ArmArchTimerLib/ArmArchTimerLib/OUTPUT/ArmArchTimerLib.lib
LOAD /mnt/e/git/for-build/edk2-lithium/workspace/Build/XiaomiMIXPkg/DEBUG_GCC5/AARCH64/MdePkg/Library/UefiRuntimeLib/UefiRuntimeLib/OUTPUT/UefiRuntimeLib.lib
LOAD /mnt/e/git/for-build/edk2-lithium/workspace/Build/XiaomiMIXPkg/DEBUG_GCC5/AARCH64/EmbeddedPkg/Library/VirtualRealTimeClockLib/VirtualRealTimeClockLib/OUTPUT/VirtualRealTimeClockLib.lib
LOAD /mnt/e/git/for-build/edk2-lithium/workspace/Build/XiaomiMIXPkg/DEBUG_GCC5/AARCH64/MdePkg/Library/UefiDriverEntryPoint/UefiDriverEntryPoint/OUTPUT/UefiDriverEntryPoint.lib
LOAD /mnt/e/git/for-build/edk2-lithium/workspace/Build/XiaomiMIXPkg/DEBUG_GCC5/AARCH64/MdePkg/Library/BaseStackCheckLib/BaseStackCheckLib/OUTPUT/BaseStackCheckLib.lib
END GROUP
                0x0000000000000228                . = PECOFF_HEADER_SIZE

.gnu.version_d  0x0000000000000228        0x0
 .gnu.version_d
                0x0000000000000228        0x0 /mnt/e/git/for-build/edk2/ArmPkg/Library/GccLto/liblto-aarch64.a

.gnu.version    0x0000000000000228        0x0
 .gnu.version   0x0000000000000228        0x0 /mnt/e/git/for-build/edk2/ArmPkg/Library/GccLto/liblto-aarch64.a

.gnu.version_r  0x0000000000000228        0x0
 .gnu.version_r
                0x0000000000000228        0x0 /mnt/e/git/for-build/edk2/ArmPkg/Library/GccLto/liblto-aarch64.a

.text           0x0000000000010000     0x3620
 *(.text .text.* .stub .gnu.linkonce.t.*)
 .text.EfiGetVariable.constprop.15
                0x0000000000010000       0x24 /tmp/ccfMQLCG.ltrans0.ltrans.o
 .text.LibRtcInitialize.constprop.14
                0x0000000000010024        0x8 /tmp/ccfMQLCG.ltrans0.ltrans.o
 .text.EfiSetVariable.constprop.4
                0x000000000001002c       0x24 /tmp/ccfMQLCG.ltrans0.ltrans.o
 .text.LibGetWakeupTime.constprop.2
                0x0000000000010050        0x8 /tmp/ccfMQLCG.ltrans0.ltrans.o
 .text.LibSetWakeupTime.constprop.1
                0x0000000000010058        0x8 /tmp/ccfMQLCG.ltrans0.ltrans.o
 .text.GetDebugPrintErrorLevel
                0x0000000000010060        0x8 /tmp/ccfMQLCG.ltrans0.ltrans.o
 .text.BasePrintLibFillBuffer
                0x0000000000010068       0x34 /tmp/ccfMQLCG.ltrans0.ltrans.o
 .text.AsciiStrnLenS
                0x000000000001009c       0x3c /tmp/ccfMQLCG.ltrans0.ltrans.o
 .text.RuntimeLibVirtualNotifyEvent
                0x00000000000100d8       0x1c /tmp/ccfMQLCG.ltrans0.ltrans.o
 .text.RuntimeLibExitBootServicesEvent
                0x00000000000100f4        0x4 /tmp/ccfMQLCG.ltrans0.ltrans.o
 .text.DebugPrintEnabled
                0x00000000000100f8        0x8 /tmp/ccfMQLCG.ltrans0.ltrans.o
 .text.DebugAssertEnabled
                0x0000000000010100        0x8 /tmp/ccfMQLCG.ltrans0.ltrans.o
 .text.ExitBootServicesEvent
                0x0000000000010108       0x10 /tmp/ccfMQLCG.ltrans0.ltrans.o
 .text.SetWakeupTime
                0x0000000000010118        0x4 /tmp/ccfMQLCG.ltrans0.ltrans.o
 .text.GetWakeupTime
                0x000000000001011c        0x4 /tmp/ccfMQLCG.ltrans0.ltrans.o
 .text.SerialPortInitialize
                0x0000000000010120       0x84 /tmp/ccfMQLCG.ltrans0.ltrans.o
 .text.FbConFlush
                0x00000000000101a4       0x54 /tmp/ccfMQLCG.ltrans0.ltrans.o
 .text.SerialPortWrite
                0x00000000000101f8      0x414 /tmp/ccfMQLCG.ltrans0.ltrans.o
 .text.DebugAssert
                0x000000000001060c       0x8c /tmp/ccfMQLCG.ltrans0.ltrans.o
 .text.CompareGuid.constprop.12
                0x0000000000010698       0x50 /tmp/ccfMQLCG.ltrans0.ltrans.o
 .text.unlikely.ReadUnaligned16
                0x00000000000106e8       0x68 /tmp/ccfMQLCG.ltrans0.ltrans.o
 .text.BasePrintLibSPrintMarker.constprop.23
                0x0000000000010750      0xcbc /tmp/ccfMQLCG.ltrans0.ltrans.o
 .text.unlikely.BasePrintLibSPrint.constprop.24
                0x000000000001140c       0x98 /tmp/ccfMQLCG.ltrans0.ltrans.o
 .text.AsciiVSPrint.constprop.22
                0x00000000000114a4       0x44 /tmp/ccfMQLCG.ltrans0.ltrans.o
 .text.AsciiSPrint.constprop.21
                0x00000000000114e8       0x90 /tmp/ccfMQLCG.ltrans0.ltrans.o
 .text.AsciiStrLen
                0x0000000000011578       0x80 /tmp/ccfMQLCG.ltrans0.ltrans.o
 .text.DivU64x64Remainder
                0x00000000000115f8       0x60 /tmp/ccfMQLCG.ltrans0.ltrans.o
 .text.DebugPrint
                0x0000000000011658      0x104 /tmp/ccfMQLCG.ltrans0.ltrans.o
 .text.LibSetTime
                0x000000000001175c      0x2e4 /tmp/ccfMQLCG.ltrans0.ltrans.o
 .text.SetTime  0x0000000000011a40      0x17c /tmp/ccfMQLCG.ltrans0.ltrans.o
 .text.LibGetTime
                0x0000000000011bbc      0x494 /tmp/ccfMQLCG.ltrans0.ltrans.o
 .text.GetTime  0x0000000000012050       0x2c /tmp/ccfMQLCG.ltrans0.ltrans.o
 .text.TimerConstructor
                0x000000000001207c       0x84 /tmp/ccfMQLCG.ltrans0.ltrans.o
 .text.ProcessLibraryDestructorList
                0x0000000000012100      0x1bc /tmp/ccfMQLCG.ltrans0.ltrans.o
 .text.__stack_chk_fail
                0x00000000000122bc       0x34 /tmp/ccfMQLCG.ltrans0.ltrans.o
                0x00000000000122bc                __stack_chk_fail
 .text._ModuleEntryPoint
                0x00000000000122f0      0x518 /tmp/ccfMQLCG.ltrans0.ltrans.o
                0x00000000000122f0                _ModuleEntryPoint
 .text.memcpy   0x0000000000012808       0x20 /tmp/ccfMQLCG.ltrans0.ltrans.o
                0x0000000000012808                memcpy
 *fill*         0x0000000000012828       0x18 
 .text          0x0000000000012840       0x20 /mnt/e/git/for-build/edk2-lithium/workspace/Build/XiaomiMIXPkg/DEBUG_GCC5/AARCH64/MdePkg/Library/BaseMemoryLibOptDxe/BaseMemoryLibOptDxe/OUTPUT/BaseMemoryLibOptDxe.lib(CompareGuid.obj)
                0x0000000000012840                InternalMemCompareGuid
 .text.ArmCleanInvalidateDataCacheEntryByMVA
                0x0000000000012860        0x8 /mnt/e/git/for-build/edk2-lithium/workspace/Build/XiaomiMIXPkg/DEBUG_GCC5/AARCH64/ArmPkg/Library/ArmLib/ArmBaseLib/OUTPUT/ArmBaseLib.lib(AArch64Support.obj)
                0x0000000000012860                ArmCleanInvalidateDataCacheEntryByMVA
 .text.ArmDataSynchronizationBarrier
                0x0000000000012868        0x8 /mnt/e/git/for-build/edk2-lithium/workspace/Build/XiaomiMIXPkg/DEBUG_GCC5/AARCH64/ArmPkg/Library/ArmLib/ArmBaseLib/OUTPUT/ArmBaseLib.lib(AArch64Support.obj)
                0x0000000000012868                ArmDataSynchronizationBarrier
 .text.ArmIsArchTimerImplemented
                0x0000000000012870        0x8 /mnt/e/git/for-build/edk2-lithium/workspace/Build/XiaomiMIXPkg/DEBUG_GCC5/AARCH64/ArmPkg/Library/ArmLib/ArmBaseLib/OUTPUT/ArmBaseLib.lib(AArch64Support.obj)
                0x0000000000012870                ArmIsArchTimerImplemented
 .text.ArmCacheInfo
                0x0000000000012878        0x8 /mnt/e/git/for-build/edk2-lithium/workspace/Build/XiaomiMIXPkg/DEBUG_GCC5/AARCH64/ArmPkg/Library/ArmLib/ArmBaseLib/OUTPUT/ArmBaseLib.lib(ArmLibSupport.obj)
                0x0000000000012878                ArmCacheInfo
 .text.ArmGetInterruptState
                0x0000000000012880       0x10 /mnt/e/git/for-build/edk2-lithium/workspace/Build/XiaomiMIXPkg/DEBUG_GCC5/AARCH64/ArmPkg/Library/ArmLib/ArmBaseLib/OUTPUT/ArmBaseLib.lib(ArmLibSupport.obj)
                0x0000000000012880                ArmGetInterruptState
 .text.ArmEnableInterrupts
                0x0000000000012890        0xc /mnt/e/git/for-build/edk2-lithium/workspace/Build/XiaomiMIXPkg/DEBUG_GCC5/AARCH64/ArmPkg/Library/ArmLib/ArmBaseLib/OUTPUT/ArmBaseLib.lib(ArmLibSupportV8.obj)
                0x0000000000012890                ArmEnableInterrupts
 .text.ArmDisableInterrupts
                0x000000000001289c        0xc /mnt/e/git/for-build/edk2-lithium/workspace/Build/XiaomiMIXPkg/DEBUG_GCC5/AARCH64/ArmPkg/Library/ArmLib/ArmBaseLib/OUTPUT/ArmBaseLib.lib(ArmLibSupportV8.obj)
                0x000000000001289c                ArmDisableInterrupts
 .text.ArmReadCntFrq
                0x00000000000128a8        0x8 /mnt/e/git/for-build/edk2-lithium/workspace/Build/XiaomiMIXPkg/DEBUG_GCC5/AARCH64/ArmPkg/Library/ArmLib/ArmBaseLib/OUTPUT/ArmBaseLib.lib(AArch64ArchTimerSupport.obj)
                0x00000000000128a8                ArmReadCntFrq
 .text.ArmReadCntPct
                0x00000000000128b0        0x8 /mnt/e/git/for-build/edk2-lithium/workspace/Build/XiaomiMIXPkg/DEBUG_GCC5/AARCH64/ArmPkg/Library/ArmLib/ArmBaseLib/OUTPUT/ArmBaseLib.lib(AArch64ArchTimerSupport.obj)
                0x00000000000128b0                ArmReadCntPct
 *(.rodata .rodata.* .gnu.linkonce.r.*)
 .rodata.AsciiStrLen.str1.1
                0x00000000000128b8       0x72 /tmp/ccfMQLCG.ltrans0.ltrans.o
 .rodata.BasePrintLibSPrintMarker.constprop.23.str1.1
                0x000000000001292a      0x179 /tmp/ccfMQLCG.ltrans0.ltrans.o
 .rodata.CompareGuid.constprop.12.str1.1
                0x0000000000012aa3       0x64 /tmp/ccfMQLCG.ltrans0.ltrans.o
 .rodata.DebugAssert.str1.1
                0x0000000000012b07       0x26 /tmp/ccfMQLCG.ltrans0.ltrans.o
 .rodata.DivU64x64Remainder.str1.1
                0x0000000000012b2d       0x53 /tmp/ccfMQLCG.ltrans0.ltrans.o
 .rodata.LibGetTime.str1.1
                0x0000000000012b80      0x1ac /tmp/ccfMQLCG.ltrans0.ltrans.o
 .rodata.LibSetTime.str1.1
                0x0000000000012d2c       0x4d /tmp/ccfMQLCG.ltrans0.ltrans.o
 .rodata.ProcessLibraryDestructorList.str1.1
                0x0000000000012d79      0x12c /tmp/ccfMQLCG.ltrans0.ltrans.o
 .rodata.ReadUnaligned16.str1.1
                0x0000000000012ea5       0x58 /tmp/ccfMQLCG.ltrans0.ltrans.o
 .rodata.TimerConstructor.str1.1
                0x0000000000012efd       0xc8 /tmp/ccfMQLCG.ltrans0.ltrans.o
                                         0xca (size before relaxing)
 .rodata._ModuleEntryPoint.str1.1
                0x0000000000012fc5      0x1af /tmp/ccfMQLCG.ltrans0.ltrans.o
 .rodata.__FUNCTION__.14453
                0x0000000000013174       0x18 /tmp/ccfMQLCG.ltrans0.ltrans.o
 .rodata.__stack_chk_fail.str1.1
                0x000000000001318c       0x2e /tmp/ccfMQLCG.ltrans0.ltrans.o
 *fill*         0x00000000000131ba        0x6 
 .rodata.mDayOfMonth
                0x00000000000131c0       0x60 /tmp/ccfMQLCG.ltrans0.ltrans.o
 .rodata.mDaylightVariableName
                0x0000000000013220       0x18 /tmp/ccfMQLCG.ltrans0.ltrans.o
 .rodata.mEpochVariableName
                0x0000000000013238       0x20 /tmp/ccfMQLCG.ltrans0.ltrans.o
 .rodata.mHexStr
                0x0000000000013258       0x10 /tmp/ccfMQLCG.ltrans0.ltrans.o
 .rodata.mStatusString
                0x0000000000013268      0x138 /tmp/ccfMQLCG.ltrans0.ltrans.o
 .rodata.mTimeSettingsVariableName
                0x00000000000133a0       0x20 /tmp/ccfMQLCG.ltrans0.ltrans.o
 .rodata.mTimeZoneVariableName
                0x00000000000133c0       0x18 /tmp/ccfMQLCG.ltrans0.ltrans.o
 .rodata.str1.1
                0x00000000000133d8      0x224 /tmp/ccfMQLCG.ltrans0.ltrans.o
                                        0x235 (size before relaxing)
 *(.got .got.*)
 *fill*         0x00000000000135fc        0x4 
 .got           0x0000000000013600        0x8 /mnt/e/git/for-build/edk2/ArmPkg/Library/GccLto/liblto-aarch64.a
                0x0000000000013600                _GLOBAL_OFFSET_TABLE_
 .got.plt       0x0000000000013608       0x18 /mnt/e/git/for-build/edk2/ArmPkg/Library/GccLto/liblto-aarch64.a
 *:AutoGen.obj(.data.g*Guid)

.plt            0x0000000000013620        0x0
 .plt           0x0000000000013620        0x0 /mnt/e/git/for-build/edk2/ArmPkg/Library/GccLto/liblto-aarch64.a

.data           0x0000000000020000      0x3d0
 *(.data .data.* .gnu.linkonce.d.*)
 .data.rel.ro   0x0000000000020000        0x0 /mnt/e/git/for-build/edk2/ArmPkg/Library/GccLto/liblto-aarch64.a
 .data.__stack_chk_guard
                0x0000000000020000        0x8 /tmp/ccfMQLCG.ltrans0.ltrans.o
                0x0000000000020000                __stack_chk_guard
 .data.font5x12
                0x0000000000020008      0x300 /tmp/ccfMQLCG.ltrans0.ltrans.o
 .data.gEfiCallerIdGuid
                0x0000000000020308       0x10 /tmp/ccfMQLCG.ltrans0.ltrans.o
 .data.gEfiHobListGuid
                0x0000000000020318       0x10 /tmp/ccfMQLCG.ltrans0.ltrans.o
 .data.gEfiRealTimeClockArchProtocolGuid
                0x0000000000020328       0x10 /tmp/ccfMQLCG.ltrans0.ltrans.o
 *(.bss .bss.*)
 .bss.gBS       0x0000000000020338        0x8 /tmp/ccfMQLCG.ltrans0.ltrans.o
 .bss.gImageHandle
                0x0000000000020340        0x8 /tmp/ccfMQLCG.ltrans0.ltrans.o
 .bss.gRT       0x0000000000020348        0x8 /tmp/ccfMQLCG.ltrans0.ltrans.o
 .bss.gST       0x0000000000020350        0x8 /tmp/ccfMQLCG.ltrans0.ltrans.o
 .bss.mEfiAtRuntime.lto_priv.31
                0x0000000000020358        0x1 /tmp/ccfMQLCG.ltrans0.ltrans.o
 *fill*         0x0000000000020359        0x7 
 .bss.mEfiExitBootServicesEvent
                0x0000000000020360        0x8 /tmp/ccfMQLCG.ltrans0.ltrans.o
 .bss.mEfiExitBootServicesEvent.lto_priv.32
                0x0000000000020368        0x8 /tmp/ccfMQLCG.ltrans0.ltrans.o
 .bss.mEfiVirtualNotifyEvent
                0x0000000000020370        0x8 /tmp/ccfMQLCG.ltrans0.ltrans.o
 .bss.mHandle   0x0000000000020378        0x8 /tmp/ccfMQLCG.ltrans0.ltrans.o
 .bss.mHobList  0x0000000000020380        0x8 /tmp/ccfMQLCG.ltrans0.ltrans.o
 .bss.mInternalRT
                0x0000000000020388        0x8 /tmp/ccfMQLCG.ltrans0.ltrans.o
 .bss.mTimeSettings
                0x0000000000020390        0x4 /tmp/ccfMQLCG.ltrans0.ltrans.o
 *fill*         0x0000000000020394        0x4 
 .bss.m_Color   0x0000000000020398       0x10 /tmp/ccfMQLCG.ltrans0.ltrans.o
 .bss.m_Initialized
                0x00000000000203a8        0x1 /tmp/ccfMQLCG.ltrans0.ltrans.o
 *fill*         0x00000000000203a9        0x7 
 .bss.m_MaxPosition
                0x00000000000203b0       0x10 /tmp/ccfMQLCG.ltrans0.ltrans.o
 .bss.m_Position
                0x00000000000203c0       0x10 /tmp/ccfMQLCG.ltrans0.ltrans.o

.dynbss         0x00000000000203d0        0x0
 .dynbss        0x00000000000203d0        0x0 /mnt/e/git/for-build/edk2/ArmPkg/Library/GccLto/liblto-aarch64.a

.eh_frame
 *(.eh_frame)

.rela           0x00000000000203d0      0x3a8
 *(.rela .rela.*)
 .rela.got      0x00000000000203d0        0x0 /mnt/e/git/for-build/edk2/ArmPkg/Library/GccLto/liblto-aarch64.a
 .rela.plt      0x00000000000203d0        0x0 /mnt/e/git/for-build/edk2/ArmPkg/Library/GccLto/liblto-aarch64.a
 .rela.bss      0x00000000000203d0        0x0 /mnt/e/git/for-build/edk2/ArmPkg/Library/GccLto/liblto-aarch64.a
 .rela.data.rel.ro
                0x00000000000203d0        0x0 /mnt/e/git/for-build/edk2/ArmPkg/Library/GccLto/liblto-aarch64.a
 .rela.ifunc    0x00000000000203d0        0x0 /mnt/e/git/for-build/edk2/ArmPkg/Library/GccLto/liblto-aarch64.a
 .rela.rodata.mStatusString
                0x00000000000203d0      0x3a8 /mnt/e/git/for-build/edk2/ArmPkg/Library/GccLto/liblto-aarch64.a

.hii
 *(.hii)

.build-id       0x0000000000020778       0x24
 *(.note.gnu.build-id)
 .note.gnu.build-id
                0x0000000000020778       0x24 /mnt/e/git/for-build/edk2/ArmPkg/Library/GccLto/liblto-aarch64.a

/DISCARD/
 *(.note.GNU-stack)
 *(.gnu_debuglink)
 *(.interp)
 *(.dynsym)
 *(.dynstr)
 *(.dynamic)
 *(.hash .gnu.hash)
 *(.comment)
 *(COMMON)
                0x0000000000000228                PECOFF_HEADER_SIZE = 0x228
OUTPUT(/mnt/e/git/for-build/edk2-lithium/workspace/Build/XiaomiMIXPkg/DEBUG_GCC5/AARCH64/EmbeddedPkg/RealTimeClockRuntimeDxe/RealTimeClockRuntimeDxe/DEBUG/RealTimeClock.dll elf64-littleaarch64)

.debug_info     0x0000000000000000     0x63ba
 .debug_info    0x0000000000000000     0x63ba /tmp/ccfMQLCG.ltrans0.ltrans.o

.debug_abbrev   0x0000000000000000      0x60e
 .debug_abbrev  0x0000000000000000      0x60e /tmp/ccfMQLCG.ltrans0.ltrans.o

.debug_loc      0x0000000000000000     0x4a7a
 .debug_loc     0x0000000000000000     0x4a7a /tmp/ccfMQLCG.ltrans0.ltrans.o

.debug_aranges  0x0000000000000000      0x2b0
 .debug_aranges
                0x0000000000000000      0x2b0 /tmp/ccfMQLCG.ltrans0.ltrans.o

.debug_ranges   0x0000000000000000      0x830
 .debug_ranges  0x0000000000000000      0x830 /tmp/ccfMQLCG.ltrans0.ltrans.o

.debug_line     0x0000000000000000     0x1512
 .debug_line    0x0000000000000000     0x1512 /tmp/ccfMQLCG.ltrans0.ltrans.o

.debug_str      0x0000000000000000     0x1fe1
 .debug_str     0x0000000000000000     0x1fe1 /tmp/ccfMQLCG.ltrans0.ltrans.o
                                       0x2291 (size before relaxing)

.debug_frame    0x0000000000000000      0x6e8
 .debug_frame   0x0000000000000000      0x6e8 /tmp/ccfMQLCG.ltrans0.ltrans.o
