Archive member included to satisfy reference by file (symbol)

/mnt/e/git/for-build/edk2-lithium/workspace/Build/XiaomiMIXPkg/DEBUG_GCC5/AARCH64/ArmPkg/Library/CompilerIntrinsicsLib/CompilerIntrinsicsLib/OUTPUT/CompilerIntrinsicsLib.lib(memcpy.obj)
                              /mnt/e/git/for-build/edk2/ArmPkg/Library/GccLto/liblto-aarch64.a (memcpy)
/mnt/e/git/for-build/edk2-lithium/workspace/Build/XiaomiMIXPkg/DEBUG_GCC5/AARCH64/ArmPkg/Library/CompilerIntrinsicsLib/CompilerIntrinsicsLib/OUTPUT/CompilerIntrinsicsLib.lib(memset.obj)
                              /mnt/e/git/for-build/edk2/ArmPkg/Library/GccLto/liblto-aarch64.a (memset)
/mnt/e/git/for-build/edk2-lithium/workspace/Build/XiaomiMIXPkg/DEBUG_GCC5/AARCH64/MdePkg/Library/UefiDriverEntryPoint/UefiDriverEntryPoint/OUTPUT/UefiDriverEntryPoint.lib(DriverEntryPoint.obj)
                              (_ModuleEntryPoint)
/mnt/e/git/for-build/edk2-lithium/workspace/Build/XiaomiMIXPkg/DEBUG_GCC5/AARCH64/MdePkg/Library/BaseStackCheckLib/BaseStackCheckLib/OUTPUT/BaseStackCheckLib.lib(BaseStackCheckGcc.obj)
                              /mnt/e/git/for-build/edk2/ArmPkg/Library/GccLto/liblto-aarch64.a (__stack_chk_fail)
/mnt/e/git/for-build/edk2-lithium/workspace/Build/XiaomiMIXPkg/DEBUG_GCC5/AARCH64/EmbeddedPkg/Drivers/VirtualKeyboardDxe/VirtualKeyboardDxe/OUTPUT/VirtualKeyboardDxe.lib(AutoGen.obj)
                              DriverEntryPoint.obj (symbol from plugin) (ProcessLibraryConstructorList)
/mnt/e/git/for-build/edk2-lithium/workspace/Build/XiaomiMIXPkg/DEBUG_GCC5/AARCH64/EmbeddedPkg/Drivers/VirtualKeyboardDxe/VirtualKeyboardDxe/OUTPUT/VirtualKeyboardDxe.lib(VirtualKeyboard.obj)
                              AutoGen.obj (symbol from plugin) (InitializeVirtualKeyboard)
/mnt/e/git/for-build/edk2-lithium/workspace/Build/XiaomiMIXPkg/DEBUG_GCC5/AARCH64/EmbeddedPkg/Drivers/VirtualKeyboardDxe/VirtualKeyboardDxe/OUTPUT/VirtualKeyboardDxe.lib(ComponentName.obj)
                              VirtualKeyboard.obj (symbol from plugin) (gVirtualKeyboardComponentName)
/mnt/e/git/for-build/edk2-lithium/workspace/Build/XiaomiMIXPkg/DEBUG_GCC5/AARCH64/MdePkg/Library/BaseMemoryLibOptDxe/BaseMemoryLibOptDxe/OUTPUT/BaseMemoryLibOptDxe.lib(CopyMemWrapper.obj)
                              VirtualKeyboard.obj (symbol from plugin) (CopyMem)
/mnt/e/git/for-build/edk2-lithium/workspace/Build/XiaomiMIXPkg/DEBUG_GCC5/AARCH64/MdePkg/Library/BaseMemoryLibOptDxe/BaseMemoryLibOptDxe/OUTPUT/BaseMemoryLibOptDxe.lib(CopyMem.obj)
                              CopyMemWrapper.obj (symbol from plugin) (InternalMemCopyMem)
/mnt/e/git/for-build/edk2-lithium/workspace/Build/XiaomiMIXPkg/DEBUG_GCC5/AARCH64/MdePkg/Library/BaseLib/BaseLib/OUTPUT/BaseLib.lib(CpuDeadLoop.obj)
                              BaseStackCheckGcc.obj (symbol from plugin) (CpuDeadLoop)
/mnt/e/git/for-build/edk2-lithium/workspace/Build/XiaomiMIXPkg/DEBUG_GCC5/AARCH64/MdePkg/Library/BaseLib/BaseLib/OUTPUT/BaseLib.lib(LinkedList.obj)
                              VirtualKeyboard.obj (symbol from plugin) (InitializeListHead)
/mnt/e/git/for-build/edk2-lithium/workspace/Build/XiaomiMIXPkg/DEBUG_GCC5/AARCH64/MdePkg/Library/BaseLib/BaseLib/OUTPUT/BaseLib.lib(CpuBreakpoint.obj)
                              BaseStackCheckGcc.obj (symbol from plugin) (CpuBreakpoint)
/mnt/e/git/for-build/edk2-lithium/workspace/Build/XiaomiMIXPkg/DEBUG_GCC5/AARCH64/MdePkg/Library/BaseDebugLibSerialPort/BaseDebugLibSerialPort/OUTPUT/BaseDebugLibSerialPort.lib(DebugLib.obj)
                              AutoGen.obj (symbol from plugin) (BaseDebugLibSerialPortConstructor)
/mnt/e/git/for-build/edk2-lithium/workspace/Build/XiaomiMIXPkg/DEBUG_GCC5/AARCH64/MdePkg/Library/UefiBootServicesTableLib/UefiBootServicesTableLib/OUTPUT/UefiBootServicesTableLib.lib(UefiBootServicesTableLib.obj)
                              AutoGen.obj (symbol from plugin) (UefiBootServicesTableLibConstructor)
/mnt/e/git/for-build/edk2-lithium/workspace/Build/XiaomiMIXPkg/DEBUG_GCC5/AARCH64/MdePkg/Library/UefiMemoryAllocationLib/UefiMemoryAllocationLib/OUTPUT/UefiMemoryAllocationLib.lib(MemoryAllocationLib.obj)
                              VirtualKeyboard.obj (symbol from plugin) (AllocateZeroPool)
/mnt/e/git/for-build/edk2-lithium/workspace/Build/XiaomiMIXPkg/DEBUG_GCC5/AARCH64/MdePkg/Library/UefiRuntimeServicesTableLib/UefiRuntimeServicesTableLib/OUTPUT/UefiRuntimeServicesTableLib.lib(UefiRuntimeServicesTableLib.obj)
                              AutoGen.obj (symbol from plugin) (UefiRuntimeServicesTableLibConstructor)
/mnt/e/git/for-build/edk2-lithium/workspace/Build/XiaomiMIXPkg/DEBUG_GCC5/AARCH64/MdePkg/Library/UefiLib/UefiLib/OUTPUT/UefiLib.lib(UefiDriverModel.obj)
                              VirtualKeyboard.obj (symbol from plugin) (EfiLibInstallDriverBindingComponentName2)
/mnt/e/git/for-build/edk2-lithium/workspace/Build/XiaomiMIXPkg/DEBUG_GCC5/AARCH64/MdePkg/Library/UefiLib/UefiLib/OUTPUT/UefiLib.lib(UefiLib.obj)
                              AutoGen.obj (symbol from plugin) (UefiLibConstructor)
/mnt/e/git/for-build/edk2-lithium/workspace/Build/XiaomiMIXPkg/DEBUG_GCC5/AARCH64/MdePkg/Library/DxeHobLib/DxeHobLib/OUTPUT/DxeHobLib.lib(HobLib.obj)
                              AutoGen.obj (symbol from plugin) (HobLibConstructor)
/mnt/e/git/for-build/edk2-lithium/workspace/Build/XiaomiMIXPkg/DEBUG_GCC5/AARCH64/MdeModulePkg/Library/DxeReportStatusCodeLib/DxeReportStatusCodeLib/OUTPUT/DxeReportStatusCodeLib.lib(ReportStatusCodeLib.obj)
                              VirtualKeyboard.obj (symbol from plugin) (ReportProgressCodeEnabled)
/mnt/e/git/for-build/edk2-lithium/workspace/Build/XiaomiMIXPkg/DEBUG_GCC5/AARCH64/MdePkg/Library/BaseMemoryLibOptDxe/BaseMemoryLibOptDxe/OUTPUT/BaseMemoryLibOptDxe.lib(MemLibGuid.obj)
                              ReportStatusCodeLib.obj (symbol from plugin) (CopyGuid)
/mnt/e/git/for-build/edk2-lithium/workspace/Build/XiaomiMIXPkg/DEBUG_GCC5/AARCH64/MdePkg/Library/BaseMemoryLibOptDxe/BaseMemoryLibOptDxe/OUTPUT/BaseMemoryLibOptDxe.lib(ZeroMemWrapper.obj)
                              MemoryAllocationLib.obj (symbol from plugin) (ZeroMem)
/mnt/e/git/for-build/edk2-lithium/workspace/Build/XiaomiMIXPkg/DEBUG_GCC5/AARCH64/MdePkg/Library/BaseMemoryLibOptDxe/BaseMemoryLibOptDxe/OUTPUT/BaseMemoryLibOptDxe.lib(SetMemWrapper.obj)
                              DebugLib.obj (symbol from plugin) (SetMem)
/mnt/e/git/for-build/edk2-lithium/workspace/Build/XiaomiMIXPkg/DEBUG_GCC5/AARCH64/MdePkg/Library/BaseMemoryLibOptDxe/BaseMemoryLibOptDxe/OUTPUT/BaseMemoryLibOptDxe.lib(SetMem.obj)
                              ZeroMemWrapper.obj (symbol from plugin) (InternalMemZeroMem)
/mnt/e/git/for-build/edk2-lithium/workspace/Build/XiaomiMIXPkg/DEBUG_GCC5/AARCH64/MdePkg/Library/BaseMemoryLibOptDxe/BaseMemoryLibOptDxe/OUTPUT/BaseMemoryLibOptDxe.lib(CompareGuid.obj)
                              MemLibGuid.obj (symbol from plugin) (InternalMemCompareGuid)
/mnt/e/git/for-build/edk2-lithium/workspace/Build/XiaomiMIXPkg/DEBUG_GCC5/AARCH64/MdePkg/Library/BaseMemoryLibOptDxe/BaseMemoryLibOptDxe/OUTPUT/BaseMemoryLibOptDxe.lib(SetMem64Wrapper.obj)
                              SetMemWrapper.obj (symbol from plugin) (SetMem64)
/mnt/e/git/for-build/edk2-lithium/workspace/Build/XiaomiMIXPkg/DEBUG_GCC5/AARCH64/MdePkg/Library/BaseLib/BaseLib/OUTPUT/BaseLib.lib(String.obj)
                              UefiLib.obj (symbol from plugin) (StrSize)
/mnt/e/git/for-build/edk2-lithium/workspace/Build/XiaomiMIXPkg/DEBUG_GCC5/AARCH64/MdePkg/Library/BaseLib/BaseLib/OUTPUT/BaseLib.lib(Unaligned.obj)
                              UefiLib.obj (symbol from plugin) (ReadUnaligned24)
/mnt/e/git/for-build/edk2-lithium/workspace/Build/XiaomiMIXPkg/DEBUG_GCC5/AARCH64/MdePkg/Library/BaseLib/BaseLib/OUTPUT/BaseLib.lib(RShiftU64.obj)
                              Unaligned.obj (symbol from plugin) (RShiftU64)
/mnt/e/git/for-build/edk2-lithium/workspace/Build/XiaomiMIXPkg/DEBUG_GCC5/AARCH64/MdePkg/Library/BaseLib/BaseLib/OUTPUT/BaseLib.lib(LShiftU64.obj)
                              Unaligned.obj (symbol from plugin) (LShiftU64)
/mnt/e/git/for-build/edk2-lithium/workspace/Build/XiaomiMIXPkg/DEBUG_GCC5/AARCH64/MdePkg/Library/BaseLib/BaseLib/OUTPUT/BaseLib.lib(SafeString.obj)
                              String.obj (symbol from plugin) (StrDecimalToUintnS)
/mnt/e/git/for-build/edk2-lithium/workspace/Build/XiaomiMIXPkg/DEBUG_GCC5/AARCH64/MdePkg/Library/BaseLib/BaseLib/OUTPUT/BaseLib.lib(Math64.obj)
                              LShiftU64.obj (symbol from plugin) (InternalMathLShiftU64)
/mnt/e/git/for-build/edk2-lithium/workspace/Build/XiaomiMIXPkg/DEBUG_GCC5/AARCH64/MdePkg/Library/BaseLib/BaseLib/OUTPUT/BaseLib.lib(SwapBytes32.obj)
                              SafeString.obj (symbol from plugin) (SwapBytes32)
/mnt/e/git/for-build/edk2-lithium/workspace/Build/XiaomiMIXPkg/DEBUG_GCC5/AARCH64/MdePkg/Library/BaseLib/BaseLib/OUTPUT/BaseLib.lib(SwapBytes16.obj)
                              SafeString.obj (symbol from plugin) (SwapBytes16)
/mnt/e/git/for-build/edk2-lithium/workspace/Build/XiaomiMIXPkg/DEBUG_GCC5/AARCH64/MdePkg/Library/BaseLib/BaseLib/OUTPUT/BaseLib.lib(MultU64x32.obj)
                              SafeString.obj (symbol from plugin) (MultU64x32)
/mnt/e/git/for-build/edk2-lithium/workspace/Build/XiaomiMIXPkg/DEBUG_GCC5/AARCH64/MdePkg/Library/BaseLib/BaseLib/OUTPUT/BaseLib.lib(DivU64x32.obj)
                              SafeString.obj (symbol from plugin) (DivU64x32)
/mnt/e/git/for-build/edk2-lithium/workspace/Build/XiaomiMIXPkg/DEBUG_GCC5/AARCH64/MdePkg/Library/BaseDebugPrintErrorLevelLib/BaseDebugPrintErrorLevelLib/OUTPUT/BaseDebugPrintErrorLevelLib.lib(BaseDebugPrintErrorLevelLib.obj)
                              DebugLib.obj (symbol from plugin) (GetDebugPrintErrorLevel)
/mnt/e/git/for-build/edk2-lithium/workspace/Build/XiaomiMIXPkg/DEBUG_GCC5/AARCH64/XiaomiMIXPkg/Library/FrameBufferSerialPortLib/FrameBufferSerialPortLib/OUTPUT/FrameBufferSerialPortLib.lib(FrameBufferSerialPortLib.obj)
                              DebugLib.obj (symbol from plugin) (SerialPortInitialize)
/mnt/e/git/for-build/edk2-lithium/workspace/Build/XiaomiMIXPkg/DEBUG_GCC5/AARCH64/MdePkg/Library/BasePrintLib/BasePrintLib/OUTPUT/BasePrintLib.lib(PrintLib.obj)
                              DebugLib.obj (symbol from plugin) (AsciiVSPrint)
/mnt/e/git/for-build/edk2-lithium/workspace/Build/XiaomiMIXPkg/DEBUG_GCC5/AARCH64/MdePkg/Library/BasePrintLib/BasePrintLib/OUTPUT/BasePrintLib.lib(PrintLibInternal.obj)
                              PrintLib.obj (symbol from plugin) (BasePrintLibConvertValueToString)
/mnt/e/git/for-build/edk2-lithium/workspace/Build/XiaomiMIXPkg/DEBUG_GCC5/AARCH64/MdePkg/Library/UefiDevicePathLib/UefiDevicePathLib/OUTPUT/UefiDevicePathLib.lib(DevicePathUtilities.obj)
                              UefiLib.obj (symbol from plugin) (DevicePathType)
/mnt/e/git/for-build/edk2-lithium/workspace/Build/XiaomiMIXPkg/DEBUG_GCC5/AARCH64/MdePkg/Library/UefiDevicePathLib/UefiDevicePathLib/OUTPUT/UefiDevicePathLib.lib(UefiDevicePathLib.obj)
                              ReportStatusCodeLib.obj (symbol from plugin) (GetDevicePathSize)
/mnt/e/git/for-build/edk2-lithium/workspace/Build/XiaomiMIXPkg/DEBUG_GCC5/AARCH64/MdePkg/Library/UefiDevicePathLib/UefiDevicePathLib/OUTPUT/UefiDevicePathLib.lib(DevicePathToText.obj)
                              UefiDevicePathLib.obj (symbol from plugin) (UefiDevicePathLibConvertDeviceNodeToText)
/mnt/e/git/for-build/edk2-lithium/workspace/Build/XiaomiMIXPkg/DEBUG_GCC5/AARCH64/MdePkg/Library/UefiDevicePathLib/UefiDevicePathLib/OUTPUT/UefiDevicePathLib.lib(DevicePathFromText.obj)
                              UefiDevicePathLib.obj (symbol from plugin) (UefiDevicePathLibConvertTextToDeviceNode)
/mnt/e/git/for-build/edk2-lithium/workspace/Build/XiaomiMIXPkg/DEBUG_GCC5/AARCH64/MdePkg/Library/BaseLib/BaseLib/OUTPUT/BaseLib.lib(SwapBytes64.obj)
                              DevicePathFromText.obj (symbol from plugin) (SwapBytes64)
/mnt/e/git/for-build/edk2-lithium/workspace/Build/XiaomiMIXPkg/DEBUG_GCC5/AARCH64/MdePkg/Library/BaseLib/BaseLib/OUTPUT/BaseLib.lib(DivU64x32Remainder.obj)
                              PrintLibInternal.obj (symbol from plugin) (DivU64x32Remainder)
/mnt/e/git/for-build/edk2-lithium/workspace/Build/XiaomiMIXPkg/DEBUG_GCC5/AARCH64/ArmPkg/Library/ArmLib/ArmBaseLib/OUTPUT/ArmBaseLib.lib(ArmLibSupport.obj)
                              FrameBufferSerialPortLib.obj (symbol from plugin) (ArmGetInterruptState)
/mnt/e/git/for-build/edk2-lithium/workspace/Build/XiaomiMIXPkg/DEBUG_GCC5/AARCH64/ArmPkg/Library/ArmLib/ArmBaseLib/OUTPUT/ArmBaseLib.lib(ArmLibSupportV8.obj)
                              FrameBufferSerialPortLib.obj (symbol from plugin) (ArmEnableInterrupts)
/mnt/e/git/for-build/edk2-lithium/workspace/Build/XiaomiMIXPkg/DEBUG_GCC5/AARCH64/ArmPkg/Library/ArmCacheMaintenanceLib/ArmCacheMaintenanceLib/OUTPUT/ArmCacheMaintenanceLib.lib(ArmCacheMaintenanceLib.obj)
                              FrameBufferSerialPortLib.obj (symbol from plugin) (WriteBackInvalidateDataCacheRange)
/mnt/e/git/for-build/edk2-lithium/workspace/Build/XiaomiMIXPkg/DEBUG_GCC5/AARCH64/ArmPkg/Library/ArmLib/ArmBaseLib/OUTPUT/ArmBaseLib.lib(ArmLib.obj)
                              ArmCacheMaintenanceLib.obj (symbol from plugin) (ArmDataCacheLineLength)
/mnt/e/git/for-build/edk2-lithium/workspace/Build/XiaomiMIXPkg/DEBUG_GCC5/AARCH64/ArmPkg/Library/ArmLib/ArmBaseLib/OUTPUT/ArmBaseLib.lib(AArch64Support.obj)
                              ArmCacheMaintenanceLib.obj (symbol from plugin) (ArmInvalidateDataCacheEntryByMVA)

Discarded input sections

 .text          0x0000000000000000       0x10 /mnt/e/git/for-build/edk2/ArmPkg/Library/GccLto/liblto-aarch64.a
 .data          0x0000000000000000        0x0 /mnt/e/git/for-build/edk2/ArmPkg/Library/GccLto/liblto-aarch64.a
 .bss           0x0000000000000000        0x0 /mnt/e/git/for-build/edk2/ArmPkg/Library/GccLto/liblto-aarch64.a
 .text          0x0000000000000000        0x0 /tmp/ccYQgm8F.ltrans0.ltrans.o
 .data          0x0000000000000000        0x0 /tmp/ccYQgm8F.ltrans0.ltrans.o
 .bss           0x0000000000000000        0x0 /tmp/ccYQgm8F.ltrans0.ltrans.o
 .text.VirtualKeyboardComponentNameGetControllerName
                0x0000000000000000        0x8 /tmp/ccYQgm8F.ltrans0.ltrans.o
 .text._DriverUnloadHandler
                0x0000000000000000        0x8 /tmp/ccYQgm8F.ltrans0.ltrans.o
 .text.StrnLenS
                0x0000000000000000       0x7c /tmp/ccYQgm8F.ltrans0.ltrans.o
 .text.ReadUnaligned24
                0x0000000000000000       0x54 /tmp/ccYQgm8F.ltrans0.ltrans.o
 .text.AsciiStrnCmp
                0x0000000000000000       0xf0 /tmp/ccYQgm8F.ltrans0.ltrans.o
 .text.VirtualKeyboardComponentNameGetDriverName
                0x0000000000000000      0x14c /tmp/ccYQgm8F.ltrans0.ltrans.o
 .text.IsNodeInList
                0x0000000000000000       0xb0 /tmp/ccYQgm8F.ltrans0.ltrans.o
 .text.__memset
                0x0000000000000000       0x1c /tmp/ccYQgm8F.ltrans0.ltrans.o
 .data.gVirtualKeyboardComponentName
                0x0000000000000000       0x18 /tmp/ccYQgm8F.ltrans0.ltrans.o
 .data.mVirtualKeyboardDriverNameTable
                0x0000000000000000       0x30 /tmp/ccYQgm8F.ltrans0.ltrans.o
 .rodata.AsciiStrnCmp.str1.1
                0x0000000000000000       0x70 /tmp/ccYQgm8F.ltrans0.ltrans.o
 .rodata.IsNodeInList.str1.1
                0x0000000000000000       0x44 /tmp/ccYQgm8F.ltrans0.ltrans.o
 .rodata.StrnLenS.str1.1
                0x0000000000000000       0x61 /tmp/ccYQgm8F.ltrans0.ltrans.o
 .rodata.str2.2
                0x0000000000000000       0x42 /tmp/ccYQgm8F.ltrans0.ltrans.o
 .comment       0x0000000000000000       0x31 /tmp/ccYQgm8F.ltrans0.ltrans.o
 .note.GNU-stack
                0x0000000000000000        0x0 /tmp/ccYQgm8F.ltrans0.ltrans.o
 .data          0x0000000000000000        0x0 /mnt/e/git/for-build/edk2-lithium/workspace/Build/XiaomiMIXPkg/DEBUG_GCC5/AARCH64/MdePkg/Library/BaseMemoryLibOptDxe/BaseMemoryLibOptDxe/OUTPUT/BaseMemoryLibOptDxe.lib(CopyMem.obj)
 .bss           0x0000000000000000        0x0 /mnt/e/git/for-build/edk2-lithium/workspace/Build/XiaomiMIXPkg/DEBUG_GCC5/AARCH64/MdePkg/Library/BaseMemoryLibOptDxe/BaseMemoryLibOptDxe/OUTPUT/BaseMemoryLibOptDxe.lib(CopyMem.obj)
 .text          0x0000000000000000        0x8 /mnt/e/git/for-build/edk2-lithium/workspace/Build/XiaomiMIXPkg/DEBUG_GCC5/AARCH64/MdePkg/Library/BaseLib/BaseLib/OUTPUT/BaseLib.lib(CpuBreakpoint.obj)
 .data          0x0000000000000000        0x0 /mnt/e/git/for-build/edk2-lithium/workspace/Build/XiaomiMIXPkg/DEBUG_GCC5/AARCH64/MdePkg/Library/BaseLib/BaseLib/OUTPUT/BaseLib.lib(CpuBreakpoint.obj)
 .bss           0x0000000000000000        0x0 /mnt/e/git/for-build/edk2-lithium/workspace/Build/XiaomiMIXPkg/DEBUG_GCC5/AARCH64/MdePkg/Library/BaseLib/BaseLib/OUTPUT/BaseLib.lib(CpuBreakpoint.obj)
 .data          0x0000000000000000        0x0 /mnt/e/git/for-build/edk2-lithium/workspace/Build/XiaomiMIXPkg/DEBUG_GCC5/AARCH64/MdePkg/Library/BaseMemoryLibOptDxe/BaseMemoryLibOptDxe/OUTPUT/BaseMemoryLibOptDxe.lib(SetMem.obj)
 .bss           0x0000000000000000        0x0 /mnt/e/git/for-build/edk2-lithium/workspace/Build/XiaomiMIXPkg/DEBUG_GCC5/AARCH64/MdePkg/Library/BaseMemoryLibOptDxe/BaseMemoryLibOptDxe/OUTPUT/BaseMemoryLibOptDxe.lib(SetMem.obj)
 .data          0x0000000000000000        0x0 /mnt/e/git/for-build/edk2-lithium/workspace/Build/XiaomiMIXPkg/DEBUG_GCC5/AARCH64/MdePkg/Library/BaseMemoryLibOptDxe/BaseMemoryLibOptDxe/OUTPUT/BaseMemoryLibOptDxe.lib(CompareGuid.obj)
 .bss           0x0000000000000000        0x0 /mnt/e/git/for-build/edk2-lithium/workspace/Build/XiaomiMIXPkg/DEBUG_GCC5/AARCH64/MdePkg/Library/BaseMemoryLibOptDxe/BaseMemoryLibOptDxe/OUTPUT/BaseMemoryLibOptDxe.lib(CompareGuid.obj)
 .text          0x0000000000000000        0x0 /mnt/e/git/for-build/edk2-lithium/workspace/Build/XiaomiMIXPkg/DEBUG_GCC5/AARCH64/ArmPkg/Library/ArmLib/ArmBaseLib/OUTPUT/ArmBaseLib.lib(ArmLibSupport.obj)
 .data          0x0000000000000000        0x0 /mnt/e/git/for-build/edk2-lithium/workspace/Build/XiaomiMIXPkg/DEBUG_GCC5/AARCH64/ArmPkg/Library/ArmLib/ArmBaseLib/OUTPUT/ArmBaseLib.lib(ArmLibSupport.obj)
 .bss           0x0000000000000000        0x0 /mnt/e/git/for-build/edk2-lithium/workspace/Build/XiaomiMIXPkg/DEBUG_GCC5/AARCH64/ArmPkg/Library/ArmLib/ArmBaseLib/OUTPUT/ArmBaseLib.lib(ArmLibSupport.obj)
 .text.ArmReadMidr
                0x0000000000000000        0x8 /mnt/e/git/for-build/edk2-lithium/workspace/Build/XiaomiMIXPkg/DEBUG_GCC5/AARCH64/ArmPkg/Library/ArmLib/ArmBaseLib/OUTPUT/ArmBaseLib.lib(ArmLibSupport.obj)
 .text.ArmGetFiqState
                0x0000000000000000       0x10 /mnt/e/git/for-build/edk2-lithium/workspace/Build/XiaomiMIXPkg/DEBUG_GCC5/AARCH64/ArmPkg/Library/ArmLib/ArmBaseLib/OUTPUT/ArmBaseLib.lib(ArmLibSupport.obj)
 .text.ArmWriteCpacr
                0x0000000000000000        0x8 /mnt/e/git/for-build/edk2-lithium/workspace/Build/XiaomiMIXPkg/DEBUG_GCC5/AARCH64/ArmPkg/Library/ArmLib/ArmBaseLib/OUTPUT/ArmBaseLib.lib(ArmLibSupport.obj)
 .text.ArmWriteAuxCr
                0x0000000000000000       0x28 /mnt/e/git/for-build/edk2-lithium/workspace/Build/XiaomiMIXPkg/DEBUG_GCC5/AARCH64/ArmPkg/Library/ArmLib/ArmBaseLib/OUTPUT/ArmBaseLib.lib(ArmLibSupport.obj)
 .text.ArmReadAuxCr
                0x0000000000000000       0x28 /mnt/e/git/for-build/edk2-lithium/workspace/Build/XiaomiMIXPkg/DEBUG_GCC5/AARCH64/ArmPkg/Library/ArmLib/ArmBaseLib/OUTPUT/ArmBaseLib.lib(ArmLibSupport.obj)
 .text.ArmSetTTBR0
                0x0000000000000000       0x34 /mnt/e/git/for-build/edk2-lithium/workspace/Build/XiaomiMIXPkg/DEBUG_GCC5/AARCH64/ArmPkg/Library/ArmLib/ArmBaseLib/OUTPUT/ArmBaseLib.lib(ArmLibSupport.obj)
 .text.ArmGetTTBR0BaseAddress
                0x0000000000000000       0x30 /mnt/e/git/for-build/edk2-lithium/workspace/Build/XiaomiMIXPkg/DEBUG_GCC5/AARCH64/ArmPkg/Library/ArmLib/ArmBaseLib/OUTPUT/ArmBaseLib.lib(ArmLibSupport.obj)
 .text.ArmGetTCR
                0x0000000000000000       0x34 /mnt/e/git/for-build/edk2-lithium/workspace/Build/XiaomiMIXPkg/DEBUG_GCC5/AARCH64/ArmPkg/Library/ArmLib/ArmBaseLib/OUTPUT/ArmBaseLib.lib(ArmLibSupport.obj)
 .text.ArmSetTCR
                0x0000000000000000       0x34 /mnt/e/git/for-build/edk2-lithium/workspace/Build/XiaomiMIXPkg/DEBUG_GCC5/AARCH64/ArmPkg/Library/ArmLib/ArmBaseLib/OUTPUT/ArmBaseLib.lib(ArmLibSupport.obj)
 .text.ArmGetMAIR
                0x0000000000000000       0x34 /mnt/e/git/for-build/edk2-lithium/workspace/Build/XiaomiMIXPkg/DEBUG_GCC5/AARCH64/ArmPkg/Library/ArmLib/ArmBaseLib/OUTPUT/ArmBaseLib.lib(ArmLibSupport.obj)
 .text.ArmSetMAIR
                0x0000000000000000       0x34 /mnt/e/git/for-build/edk2-lithium/workspace/Build/XiaomiMIXPkg/DEBUG_GCC5/AARCH64/ArmPkg/Library/ArmLib/ArmBaseLib/OUTPUT/ArmBaseLib.lib(ArmLibSupport.obj)
 .text.ArmUpdateTranslationTableEntry
                0x0000000000000000       0x54 /mnt/e/git/for-build/edk2-lithium/workspace/Build/XiaomiMIXPkg/DEBUG_GCC5/AARCH64/ArmPkg/Library/ArmLib/ArmBaseLib/OUTPUT/ArmBaseLib.lib(ArmLibSupport.obj)
 .text.ArmInvalidateTlb
                0x0000000000000000       0x38 /mnt/e/git/for-build/edk2-lithium/workspace/Build/XiaomiMIXPkg/DEBUG_GCC5/AARCH64/ArmPkg/Library/ArmLib/ArmBaseLib/OUTPUT/ArmBaseLib.lib(ArmLibSupport.obj)
 .text.ArmWriteCptr
                0x0000000000000000        0x8 /mnt/e/git/for-build/edk2-lithium/workspace/Build/XiaomiMIXPkg/DEBUG_GCC5/AARCH64/ArmPkg/Library/ArmLib/ArmBaseLib/OUTPUT/ArmBaseLib.lib(ArmLibSupport.obj)
 .text.ArmWriteScr
                0x0000000000000000        0xc /mnt/e/git/for-build/edk2-lithium/workspace/Build/XiaomiMIXPkg/DEBUG_GCC5/AARCH64/ArmPkg/Library/ArmLib/ArmBaseLib/OUTPUT/ArmBaseLib.lib(ArmLibSupport.obj)
 .text.ArmWriteMVBar
                0x0000000000000000        0x8 /mnt/e/git/for-build/edk2-lithium/workspace/Build/XiaomiMIXPkg/DEBUG_GCC5/AARCH64/ArmPkg/Library/ArmLib/ArmBaseLib/OUTPUT/ArmBaseLib.lib(ArmLibSupport.obj)
 .text.ArmCallWFE
                0x0000000000000000        0x8 /mnt/e/git/for-build/edk2-lithium/workspace/Build/XiaomiMIXPkg/DEBUG_GCC5/AARCH64/ArmPkg/Library/ArmLib/ArmBaseLib/OUTPUT/ArmBaseLib.lib(ArmLibSupport.obj)
 .text.ArmCallSEV
                0x0000000000000000        0x8 /mnt/e/git/for-build/edk2-lithium/workspace/Build/XiaomiMIXPkg/DEBUG_GCC5/AARCH64/ArmPkg/Library/ArmLib/ArmBaseLib/OUTPUT/ArmBaseLib.lib(ArmLibSupport.obj)
 .text.ArmReadCpuActlr
                0x0000000000000000        0x8 /mnt/e/git/for-build/edk2-lithium/workspace/Build/XiaomiMIXPkg/DEBUG_GCC5/AARCH64/ArmPkg/Library/ArmLib/ArmBaseLib/OUTPUT/ArmBaseLib.lib(ArmLibSupport.obj)
 .text.ArmWriteCpuActlr
                0x0000000000000000       0x10 /mnt/e/git/for-build/edk2-lithium/workspace/Build/XiaomiMIXPkg/DEBUG_GCC5/AARCH64/ArmPkg/Library/ArmLib/ArmBaseLib/OUTPUT/ArmBaseLib.lib(ArmLibSupport.obj)
 .text.ArmReadSctlr
                0x0000000000000000       0x30 /mnt/e/git/for-build/edk2-lithium/workspace/Build/XiaomiMIXPkg/DEBUG_GCC5/AARCH64/ArmPkg/Library/ArmLib/ArmBaseLib/OUTPUT/ArmBaseLib.lib(ArmLibSupport.obj)
 .text.ArmWriteSctlr
                0x0000000000000000       0x30 /mnt/e/git/for-build/edk2-lithium/workspace/Build/XiaomiMIXPkg/DEBUG_GCC5/AARCH64/ArmPkg/Library/ArmLib/ArmBaseLib/OUTPUT/ArmBaseLib.lib(ArmLibSupport.obj)
 .text.ArmGetPhysicalAddressBits
                0x0000000000000000       0x24 /mnt/e/git/for-build/edk2-lithium/workspace/Build/XiaomiMIXPkg/DEBUG_GCC5/AARCH64/ArmPkg/Library/ArmLib/ArmBaseLib/OUTPUT/ArmBaseLib.lib(ArmLibSupport.obj)
 .text          0x0000000000000000        0x0 /mnt/e/git/for-build/edk2-lithium/workspace/Build/XiaomiMIXPkg/DEBUG_GCC5/AARCH64/ArmPkg/Library/ArmLib/ArmBaseLib/OUTPUT/ArmBaseLib.lib(ArmLibSupportV8.obj)
 .data          0x0000000000000000        0x0 /mnt/e/git/for-build/edk2-lithium/workspace/Build/XiaomiMIXPkg/DEBUG_GCC5/AARCH64/ArmPkg/Library/ArmLib/ArmBaseLib/OUTPUT/ArmBaseLib.lib(ArmLibSupportV8.obj)
 .bss           0x0000000000000000        0x0 /mnt/e/git/for-build/edk2-lithium/workspace/Build/XiaomiMIXPkg/DEBUG_GCC5/AARCH64/ArmPkg/Library/ArmLib/ArmBaseLib/OUTPUT/ArmBaseLib.lib(ArmLibSupportV8.obj)
 .text.ArmIsMpCore
                0x0000000000000000       0x14 /mnt/e/git/for-build/edk2-lithium/workspace/Build/XiaomiMIXPkg/DEBUG_GCC5/AARCH64/ArmPkg/Library/ArmLib/ArmBaseLib/OUTPUT/ArmBaseLib.lib(ArmLibSupportV8.obj)
 .text.ArmEnableAsynchronousAbort
                0x0000000000000000        0xc /mnt/e/git/for-build/edk2-lithium/workspace/Build/XiaomiMIXPkg/DEBUG_GCC5/AARCH64/ArmPkg/Library/ArmLib/ArmBaseLib/OUTPUT/ArmBaseLib.lib(ArmLibSupportV8.obj)
 .text.ArmDisableAsynchronousAbort
                0x0000000000000000        0xc /mnt/e/git/for-build/edk2-lithium/workspace/Build/XiaomiMIXPkg/DEBUG_GCC5/AARCH64/ArmPkg/Library/ArmLib/ArmBaseLib/OUTPUT/ArmBaseLib.lib(ArmLibSupportV8.obj)
 .text.ArmEnableIrq
                0x0000000000000000        0xc /mnt/e/git/for-build/edk2-lithium/workspace/Build/XiaomiMIXPkg/DEBUG_GCC5/AARCH64/ArmPkg/Library/ArmLib/ArmBaseLib/OUTPUT/ArmBaseLib.lib(ArmLibSupportV8.obj)
 .text.ArmDisableIrq
                0x0000000000000000        0xc /mnt/e/git/for-build/edk2-lithium/workspace/Build/XiaomiMIXPkg/DEBUG_GCC5/AARCH64/ArmPkg/Library/ArmLib/ArmBaseLib/OUTPUT/ArmBaseLib.lib(ArmLibSupportV8.obj)
 .text.ArmEnableFiq
                0x0000000000000000        0xc /mnt/e/git/for-build/edk2-lithium/workspace/Build/XiaomiMIXPkg/DEBUG_GCC5/AARCH64/ArmPkg/Library/ArmLib/ArmBaseLib/OUTPUT/ArmBaseLib.lib(ArmLibSupportV8.obj)
 .text.ArmDisableFiq
                0x0000000000000000        0xc /mnt/e/git/for-build/edk2-lithium/workspace/Build/XiaomiMIXPkg/DEBUG_GCC5/AARCH64/ArmPkg/Library/ArmLib/ArmBaseLib/OUTPUT/ArmBaseLib.lib(ArmLibSupportV8.obj)
 .text.ArmDisableAllExceptions
                0x0000000000000000        0xc /mnt/e/git/for-build/edk2-lithium/workspace/Build/XiaomiMIXPkg/DEBUG_GCC5/AARCH64/ArmPkg/Library/ArmLib/ArmBaseLib/OUTPUT/ArmBaseLib.lib(ArmLibSupportV8.obj)
 .text.ReadCCSIDR
                0x0000000000000000       0x10 /mnt/e/git/for-build/edk2-lithium/workspace/Build/XiaomiMIXPkg/DEBUG_GCC5/AARCH64/ArmPkg/Library/ArmLib/ArmBaseLib/OUTPUT/ArmBaseLib.lib(ArmLibSupportV8.obj)
 .text.ReadCLIDR
                0x0000000000000000        0x8 /mnt/e/git/for-build/edk2-lithium/workspace/Build/XiaomiMIXPkg/DEBUG_GCC5/AARCH64/ArmPkg/Library/ArmLib/ArmBaseLib/OUTPUT/ArmBaseLib.lib(ArmLibSupportV8.obj)
 .text          0x0000000000000000        0x0 /mnt/e/git/for-build/edk2-lithium/workspace/Build/XiaomiMIXPkg/DEBUG_GCC5/AARCH64/ArmPkg/Library/ArmLib/ArmBaseLib/OUTPUT/ArmBaseLib.lib(AArch64Support.obj)
 .data          0x0000000000000000        0x0 /mnt/e/git/for-build/edk2-lithium/workspace/Build/XiaomiMIXPkg/DEBUG_GCC5/AARCH64/ArmPkg/Library/ArmLib/ArmBaseLib/OUTPUT/ArmBaseLib.lib(AArch64Support.obj)
 .bss           0x0000000000000000        0x0 /mnt/e/git/for-build/edk2-lithium/workspace/Build/XiaomiMIXPkg/DEBUG_GCC5/AARCH64/ArmPkg/Library/ArmLib/ArmBaseLib/OUTPUT/ArmBaseLib.lib(AArch64Support.obj)
 .text.ArmInvalidateDataCacheEntryByMVA
                0x0000000000000000        0x8 /mnt/e/git/for-build/edk2-lithium/workspace/Build/XiaomiMIXPkg/DEBUG_GCC5/AARCH64/ArmPkg/Library/ArmLib/ArmBaseLib/OUTPUT/ArmBaseLib.lib(AArch64Support.obj)
 .text.ArmCleanDataCacheEntryByMVA
                0x0000000000000000        0x8 /mnt/e/git/for-build/edk2-lithium/workspace/Build/XiaomiMIXPkg/DEBUG_GCC5/AARCH64/ArmPkg/Library/ArmLib/ArmBaseLib/OUTPUT/ArmBaseLib.lib(AArch64Support.obj)
 .text.ArmCleanDataCacheEntryToPoUByMVA
                0x0000000000000000        0x8 /mnt/e/git/for-build/edk2-lithium/workspace/Build/XiaomiMIXPkg/DEBUG_GCC5/AARCH64/ArmPkg/Library/ArmLib/ArmBaseLib/OUTPUT/ArmBaseLib.lib(AArch64Support.obj)
 .text.ArmInvalidateInstructionCacheEntryToPoUByMVA
                0x0000000000000000        0x8 /mnt/e/git/for-build/edk2-lithium/workspace/Build/XiaomiMIXPkg/DEBUG_GCC5/AARCH64/ArmPkg/Library/ArmLib/ArmBaseLib/OUTPUT/ArmBaseLib.lib(AArch64Support.obj)
 .text.ArmInvalidateDataCacheEntryBySetWay
                0x0000000000000000        0x8 /mnt/e/git/for-build/edk2-lithium/workspace/Build/XiaomiMIXPkg/DEBUG_GCC5/AARCH64/ArmPkg/Library/ArmLib/ArmBaseLib/OUTPUT/ArmBaseLib.lib(AArch64Support.obj)
 .text.ArmCleanInvalidateDataCacheEntryBySetWay
                0x0000000000000000        0x8 /mnt/e/git/for-build/edk2-lithium/workspace/Build/XiaomiMIXPkg/DEBUG_GCC5/AARCH64/ArmPkg/Library/ArmLib/ArmBaseLib/OUTPUT/ArmBaseLib.lib(AArch64Support.obj)
 .text.ArmCleanDataCacheEntryBySetWay
                0x0000000000000000        0x8 /mnt/e/git/for-build/edk2-lithium/workspace/Build/XiaomiMIXPkg/DEBUG_GCC5/AARCH64/ArmPkg/Library/ArmLib/ArmBaseLib/OUTPUT/ArmBaseLib.lib(AArch64Support.obj)
 .text.ArmInvalidateInstructionCache
                0x0000000000000000       0x10 /mnt/e/git/for-build/edk2-lithium/workspace/Build/XiaomiMIXPkg/DEBUG_GCC5/AARCH64/ArmPkg/Library/ArmLib/ArmBaseLib/OUTPUT/ArmBaseLib.lib(AArch64Support.obj)
 .text.ArmEnableMmu
                0x0000000000000000       0x88 /mnt/e/git/for-build/edk2-lithium/workspace/Build/XiaomiMIXPkg/DEBUG_GCC5/AARCH64/ArmPkg/Library/ArmLib/ArmBaseLib/OUTPUT/ArmBaseLib.lib(AArch64Support.obj)
 .text.ArmDisableMmu
                0x0000000000000000       0x74 /mnt/e/git/for-build/edk2-lithium/workspace/Build/XiaomiMIXPkg/DEBUG_GCC5/AARCH64/ArmPkg/Library/ArmLib/ArmBaseLib/OUTPUT/ArmBaseLib.lib(AArch64Support.obj)
 .text.ArmDisableCachesAndMmu
                0x0000000000000000       0x6c /mnt/e/git/for-build/edk2-lithium/workspace/Build/XiaomiMIXPkg/DEBUG_GCC5/AARCH64/ArmPkg/Library/ArmLib/ArmBaseLib/OUTPUT/ArmBaseLib.lib(AArch64Support.obj)
 .text.ArmMmuEnabled
                0x0000000000000000       0x34 /mnt/e/git/for-build/edk2-lithium/workspace/Build/XiaomiMIXPkg/DEBUG_GCC5/AARCH64/ArmPkg/Library/ArmLib/ArmBaseLib/OUTPUT/ArmBaseLib.lib(AArch64Support.obj)
 .text.ArmEnableDataCache
                0x0000000000000000       0x68 /mnt/e/git/for-build/edk2-lithium/workspace/Build/XiaomiMIXPkg/DEBUG_GCC5/AARCH64/ArmPkg/Library/ArmLib/ArmBaseLib/OUTPUT/ArmBaseLib.lib(AArch64Support.obj)
 .text.ArmDisableDataCache
                0x0000000000000000       0x68 /mnt/e/git/for-build/edk2-lithium/workspace/Build/XiaomiMIXPkg/DEBUG_GCC5/AARCH64/ArmPkg/Library/ArmLib/ArmBaseLib/OUTPUT/ArmBaseLib.lib(AArch64Support.obj)
 .text.ArmEnableInstructionCache
                0x0000000000000000       0x68 /mnt/e/git/for-build/edk2-lithium/workspace/Build/XiaomiMIXPkg/DEBUG_GCC5/AARCH64/ArmPkg/Library/ArmLib/ArmBaseLib/OUTPUT/ArmBaseLib.lib(AArch64Support.obj)
 .text.ArmDisableInstructionCache
                0x0000000000000000       0x68 /mnt/e/git/for-build/edk2-lithium/workspace/Build/XiaomiMIXPkg/DEBUG_GCC5/AARCH64/ArmPkg/Library/ArmLib/ArmBaseLib/OUTPUT/ArmBaseLib.lib(AArch64Support.obj)
 .text.ArmEnableAlignmentCheck
                0x0000000000000000       0x58 /mnt/e/git/for-build/edk2-lithium/workspace/Build/XiaomiMIXPkg/DEBUG_GCC5/AARCH64/ArmPkg/Library/ArmLib/ArmBaseLib/OUTPUT/ArmBaseLib.lib(AArch64Support.obj)
 .text.ArmDisableAlignmentCheck
                0x0000000000000000       0x68 /mnt/e/git/for-build/edk2-lithium/workspace/Build/XiaomiMIXPkg/DEBUG_GCC5/AARCH64/ArmPkg/Library/ArmLib/ArmBaseLib/OUTPUT/ArmBaseLib.lib(AArch64Support.obj)
 .text.ArmEnableStackAlignmentCheck
                0x0000000000000000       0x58 /mnt/e/git/for-build/edk2-lithium/workspace/Build/XiaomiMIXPkg/DEBUG_GCC5/AARCH64/ArmPkg/Library/ArmLib/ArmBaseLib/OUTPUT/ArmBaseLib.lib(AArch64Support.obj)
 .text.ArmDisableStackAlignmentCheck
                0x0000000000000000       0x68 /mnt/e/git/for-build/edk2-lithium/workspace/Build/XiaomiMIXPkg/DEBUG_GCC5/AARCH64/ArmPkg/Library/ArmLib/ArmBaseLib/OUTPUT/ArmBaseLib.lib(AArch64Support.obj)
 .text.ArmEnableBranchPrediction
                0x0000000000000000        0x4 /mnt/e/git/for-build/edk2-lithium/workspace/Build/XiaomiMIXPkg/DEBUG_GCC5/AARCH64/ArmPkg/Library/ArmLib/ArmBaseLib/OUTPUT/ArmBaseLib.lib(AArch64Support.obj)
 .text.ArmDisableBranchPrediction
                0x0000000000000000        0x4 /mnt/e/git/for-build/edk2-lithium/workspace/Build/XiaomiMIXPkg/DEBUG_GCC5/AARCH64/ArmPkg/Library/ArmLib/ArmBaseLib/OUTPUT/ArmBaseLib.lib(AArch64Support.obj)
 .text.AArch64AllDataCachesOperation
                0x0000000000000000       0xa8 /mnt/e/git/for-build/edk2-lithium/workspace/Build/XiaomiMIXPkg/DEBUG_GCC5/AARCH64/ArmPkg/Library/ArmLib/ArmBaseLib/OUTPUT/ArmBaseLib.lib(AArch64Support.obj)
 .text.ArmDataMemoryBarrier
                0x0000000000000000        0x8 /mnt/e/git/for-build/edk2-lithium/workspace/Build/XiaomiMIXPkg/DEBUG_GCC5/AARCH64/ArmPkg/Library/ArmLib/ArmBaseLib/OUTPUT/ArmBaseLib.lib(AArch64Support.obj)
 .text.ArmInstructionSynchronizationBarrier
                0x0000000000000000        0x8 /mnt/e/git/for-build/edk2-lithium/workspace/Build/XiaomiMIXPkg/DEBUG_GCC5/AARCH64/ArmPkg/Library/ArmLib/ArmBaseLib/OUTPUT/ArmBaseLib.lib(AArch64Support.obj)
 .text.ArmWriteVBar
                0x0000000000000000       0x34 /mnt/e/git/for-build/edk2-lithium/workspace/Build/XiaomiMIXPkg/DEBUG_GCC5/AARCH64/ArmPkg/Library/ArmLib/ArmBaseLib/OUTPUT/ArmBaseLib.lib(AArch64Support.obj)
 .text.ArmReadVBar
                0x0000000000000000       0x30 /mnt/e/git/for-build/edk2-lithium/workspace/Build/XiaomiMIXPkg/DEBUG_GCC5/AARCH64/ArmPkg/Library/ArmLib/ArmBaseLib/OUTPUT/ArmBaseLib.lib(AArch64Support.obj)
 .text.ArmEnableVFP
                0x0000000000000000       0x64 /mnt/e/git/for-build/edk2-lithium/workspace/Build/XiaomiMIXPkg/DEBUG_GCC5/AARCH64/ArmPkg/Library/ArmLib/ArmBaseLib/OUTPUT/ArmBaseLib.lib(AArch64Support.obj)
 .text.ArmCallWFI
                0x0000000000000000        0x8 /mnt/e/git/for-build/edk2-lithium/workspace/Build/XiaomiMIXPkg/DEBUG_GCC5/AARCH64/ArmPkg/Library/ArmLib/ArmBaseLib/OUTPUT/ArmBaseLib.lib(AArch64Support.obj)
 .text.ArmReadMpidr
                0x0000000000000000        0x8 /mnt/e/git/for-build/edk2-lithium/workspace/Build/XiaomiMIXPkg/DEBUG_GCC5/AARCH64/ArmPkg/Library/ArmLib/ArmBaseLib/OUTPUT/ArmBaseLib.lib(AArch64Support.obj)
 .text.ArmReadTpidrurw
                0x0000000000000000        0x8 /mnt/e/git/for-build/edk2-lithium/workspace/Build/XiaomiMIXPkg/DEBUG_GCC5/AARCH64/ArmPkg/Library/ArmLib/ArmBaseLib/OUTPUT/ArmBaseLib.lib(AArch64Support.obj)
 .text.ArmWriteTpidrurw
                0x0000000000000000        0x8 /mnt/e/git/for-build/edk2-lithium/workspace/Build/XiaomiMIXPkg/DEBUG_GCC5/AARCH64/ArmPkg/Library/ArmLib/ArmBaseLib/OUTPUT/ArmBaseLib.lib(AArch64Support.obj)
 .text.ArmIsArchTimerImplemented
                0x0000000000000000        0x8 /mnt/e/git/for-build/edk2-lithium/workspace/Build/XiaomiMIXPkg/DEBUG_GCC5/AARCH64/ArmPkg/Library/ArmLib/ArmBaseLib/OUTPUT/ArmBaseLib.lib(AArch64Support.obj)
 .text.ArmReadIdPfr0
                0x0000000000000000        0x8 /mnt/e/git/for-build/edk2-lithium/workspace/Build/XiaomiMIXPkg/DEBUG_GCC5/AARCH64/ArmPkg/Library/ArmLib/ArmBaseLib/OUTPUT/ArmBaseLib.lib(AArch64Support.obj)
 .text.ArmReadIdPfr1
                0x0000000000000000        0x8 /mnt/e/git/for-build/edk2-lithium/workspace/Build/XiaomiMIXPkg/DEBUG_GCC5/AARCH64/ArmPkg/Library/ArmLib/ArmBaseLib/OUTPUT/ArmBaseLib.lib(AArch64Support.obj)
 .text.ArmWriteHcr
                0x0000000000000000        0x8 /mnt/e/git/for-build/edk2-lithium/workspace/Build/XiaomiMIXPkg/DEBUG_GCC5/AARCH64/ArmPkg/Library/ArmLib/ArmBaseLib/OUTPUT/ArmBaseLib.lib(AArch64Support.obj)
 .text.ArmReadHcr
                0x0000000000000000        0x8 /mnt/e/git/for-build/edk2-lithium/workspace/Build/XiaomiMIXPkg/DEBUG_GCC5/AARCH64/ArmPkg/Library/ArmLib/ArmBaseLib/OUTPUT/ArmBaseLib.lib(AArch64Support.obj)
 .text.ArmReadCurrentEL
                0x0000000000000000        0x8 /mnt/e/git/for-build/edk2-lithium/workspace/Build/XiaomiMIXPkg/DEBUG_GCC5/AARCH64/ArmPkg/Library/ArmLib/ArmBaseLib/OUTPUT/ArmBaseLib.lib(AArch64Support.obj)
 .text.ArmReadCntHctl
                0x0000000000000000        0x8 /mnt/e/git/for-build/edk2-lithium/workspace/Build/XiaomiMIXPkg/DEBUG_GCC5/AARCH64/ArmPkg/Library/ArmLib/ArmBaseLib/OUTPUT/ArmBaseLib.lib(AArch64Support.obj)
 .text.ArmWriteCntHctl
                0x0000000000000000        0x8 /mnt/e/git/for-build/edk2-lithium/workspace/Build/XiaomiMIXPkg/DEBUG_GCC5/AARCH64/ArmPkg/Library/ArmLib/ArmBaseLib/OUTPUT/ArmBaseLib.lib(AArch64Support.obj)

Memory Configuration

Name             Origin             Length             Attributes
*default*        0x0000000000000000 0xffffffffffffffff

Linker script and memory map

LOAD /mnt/e/git/for-build/edk2/ArmPkg/Library/GccLto/liblto-aarch64.a
LOAD /tmp/ccYQgm8F.ltrans0.ltrans.o
START GROUP
LOAD /mnt/e/git/for-build/edk2-lithium/workspace/Build/XiaomiMIXPkg/DEBUG_GCC5/AARCH64/EmbeddedPkg/Drivers/VirtualKeyboardDxe/VirtualKeyboardDxe/OUTPUT/VirtualKeyboardDxe.lib
LOAD /mnt/e/git/for-build/edk2-lithium/workspace/Build/XiaomiMIXPkg/DEBUG_GCC5/AARCH64/MdePkg/Library/DxePcdLib/DxePcdLib/OUTPUT/DxePcdLib.lib
LOAD /mnt/e/git/for-build/edk2-lithium/workspace/Build/XiaomiMIXPkg/DEBUG_GCC5/AARCH64/MdePkg/Library/BaseMemoryLibOptDxe/BaseMemoryLibOptDxe/OUTPUT/BaseMemoryLibOptDxe.lib
LOAD /mnt/e/git/for-build/edk2-lithium/workspace/Build/XiaomiMIXPkg/DEBUG_GCC5/AARCH64/MdePkg/Library/BaseLib/BaseLib/OUTPUT/BaseLib.lib
LOAD /mnt/e/git/for-build/edk2-lithium/workspace/Build/XiaomiMIXPkg/DEBUG_GCC5/AARCH64/ArmPkg/Library/ArmLib/ArmBaseLib/OUTPUT/ArmBaseLib.lib
LOAD /mnt/e/git/for-build/edk2-lithium/workspace/Build/XiaomiMIXPkg/DEBUG_GCC5/AARCH64/ArmPkg/Library/ArmCacheMaintenanceLib/ArmCacheMaintenanceLib/OUTPUT/ArmCacheMaintenanceLib.lib
LOAD /mnt/e/git/for-build/edk2-lithium/workspace/Build/XiaomiMIXPkg/DEBUG_GCC5/AARCH64/ArmPkg/Library/CompilerIntrinsicsLib/CompilerIntrinsicsLib/OUTPUT/CompilerIntrinsicsLib.lib
LOAD /mnt/e/git/for-build/edk2-lithium/workspace/Build/XiaomiMIXPkg/DEBUG_GCC5/AARCH64/MdePkg/Library/BaseIoLibIntrinsic/BaseIoLibIntrinsic/OUTPUT/BaseIoLibIntrinsic.lib
LOAD /mnt/e/git/for-build/edk2-lithium/workspace/Build/XiaomiMIXPkg/DEBUG_GCC5/AARCH64/MdePkg/Library/BaseDebugPrintErrorLevelLib/BaseDebugPrintErrorLevelLib/OUTPUT/BaseDebugPrintErrorLevelLib.lib
LOAD /mnt/e/git/for-build/edk2-lithium/workspace/Build/XiaomiMIXPkg/DEBUG_GCC5/AARCH64/XiaomiMIXPkg/Library/FrameBufferSerialPortLib/FrameBufferSerialPortLib/OUTPUT/FrameBufferSerialPortLib.lib
LOAD /mnt/e/git/for-build/edk2-lithium/workspace/Build/XiaomiMIXPkg/DEBUG_GCC5/AARCH64/MdePkg/Library/BasePrintLib/BasePrintLib/OUTPUT/BasePrintLib.lib
LOAD /mnt/e/git/for-build/edk2-lithium/workspace/Build/XiaomiMIXPkg/DEBUG_GCC5/AARCH64/MdePkg/Library/BaseDebugLibSerialPort/BaseDebugLibSerialPort/OUTPUT/BaseDebugLibSerialPort.lib
LOAD /mnt/e/git/for-build/edk2-lithium/workspace/Build/XiaomiMIXPkg/DEBUG_GCC5/AARCH64/MdePkg/Library/UefiBootServicesTableLib/UefiBootServicesTableLib/OUTPUT/UefiBootServicesTableLib.lib
LOAD /mnt/e/git/for-build/edk2-lithium/workspace/Build/XiaomiMIXPkg/DEBUG_GCC5/AARCH64/MdePkg/Library/UefiMemoryAllocationLib/UefiMemoryAllocationLib/OUTPUT/UefiMemoryAllocationLib.lib
LOAD /mnt/e/git/for-build/edk2-lithium/workspace/Build/XiaomiMIXPkg/DEBUG_GCC5/AARCH64/MdePkg/Library/UefiRuntimeServicesTableLib/UefiRuntimeServicesTableLib/OUTPUT/UefiRuntimeServicesTableLib.lib
LOAD /mnt/e/git/for-build/edk2-lithium/workspace/Build/XiaomiMIXPkg/DEBUG_GCC5/AARCH64/MdePkg/Library/UefiDevicePathLib/UefiDevicePathLib/OUTPUT/UefiDevicePathLib.lib
LOAD /mnt/e/git/for-build/edk2-lithium/workspace/Build/XiaomiMIXPkg/DEBUG_GCC5/AARCH64/MdePkg/Library/UefiLib/UefiLib/OUTPUT/UefiLib.lib
LOAD /mnt/e/git/for-build/edk2-lithium/workspace/Build/XiaomiMIXPkg/DEBUG_GCC5/AARCH64/MdePkg/Library/DxeHobLib/DxeHobLib/OUTPUT/DxeHobLib.lib
LOAD /mnt/e/git/for-build/edk2-lithium/workspace/Build/XiaomiMIXPkg/DEBUG_GCC5/AARCH64/MdeModulePkg/Library/DxeReportStatusCodeLib/DxeReportStatusCodeLib/OUTPUT/DxeReportStatusCodeLib.lib
LOAD /mnt/e/git/for-build/edk2-lithium/workspace/Build/XiaomiMIXPkg/DEBUG_GCC5/AARCH64/MdePkg/Library/UefiDriverEntryPoint/UefiDriverEntryPoint/OUTPUT/UefiDriverEntryPoint.lib
LOAD /mnt/e/git/for-build/edk2-lithium/workspace/Build/XiaomiMIXPkg/DEBUG_GCC5/AARCH64/MdePkg/Library/BaseStackCheckLib/BaseStackCheckLib/OUTPUT/BaseStackCheckLib.lib
END GROUP
                0x0000000000000228                . = PECOFF_HEADER_SIZE

.gnu.version_d  0x0000000000000228        0x0
 .gnu.version_d
                0x0000000000000228        0x0 /mnt/e/git/for-build/edk2/ArmPkg/Library/GccLto/liblto-aarch64.a

.gnu.version    0x0000000000000228        0x0
 .gnu.version   0x0000000000000228        0x0 /mnt/e/git/for-build/edk2/ArmPkg/Library/GccLto/liblto-aarch64.a

.gnu.version_r  0x0000000000000228        0x0
 .gnu.version_r
                0x0000000000000228        0x0 /mnt/e/git/for-build/edk2/ArmPkg/Library/GccLto/liblto-aarch64.a

.text           0x0000000000001000     0x3fc0
 *(.text .text.* .stub .gnu.linkonce.t.*)
 .text.DebugPrintLevelEnabled.constprop.13
                0x0000000000001000        0x8 /tmp/ccYQgm8F.ltrans0.ltrans.o
 .text.BasePrintLibFillBuffer
                0x0000000000001008       0x34 /tmp/ccYQgm8F.ltrans0.ltrans.o
 .text.AsciiStrnLenS
                0x000000000000103c       0x3c /tmp/ccYQgm8F.ltrans0.ltrans.o
 .text.DebugPrintEnabled
                0x0000000000001078        0x8 /tmp/ccYQgm8F.ltrans0.ltrans.o
 .text.DebugAssertEnabled
                0x0000000000001080        0x8 /tmp/ccYQgm8F.ltrans0.ltrans.o
 .text.VirtualKeyboardSetState
                0x0000000000001088       0x14 /tmp/ccYQgm8F.ltrans0.ltrans.o
 .text.VirtualKeyboardDriverBindingStop
                0x000000000000109c        0x8 /tmp/ccYQgm8F.ltrans0.ltrans.o
 .text.VirtualKeyboardDriverBindingSupported
                0x00000000000010a4       0xb4 /tmp/ccYQgm8F.ltrans0.ltrans.o
 .text.BaseDebugLibSerialPortConstructor
                0x0000000000001158       0x84 /tmp/ccYQgm8F.ltrans0.ltrans.o
 .text.FbConFlush
                0x00000000000011dc       0x54 /tmp/ccYQgm8F.ltrans0.ltrans.o
 .text.SerialPortWrite
                0x0000000000001230      0x414 /tmp/ccYQgm8F.ltrans0.ltrans.o
 .text.DebugAssert
                0x0000000000001644       0x7c /tmp/ccYQgm8F.ltrans0.ltrans.o
 .text.CompareGuid.constprop.11
                0x00000000000016c0       0x50 /tmp/ccYQgm8F.ltrans0.ltrans.o
 .text.ReadUnaligned16
                0x0000000000001710       0x68 /tmp/ccYQgm8F.ltrans0.ltrans.o
 .text.BasePrintLibSPrintMarker.constprop.20
                0x0000000000001778      0xcbc /tmp/ccYQgm8F.ltrans0.ltrans.o
 .text.unlikely.BasePrintLibSPrint.constprop.21
                0x0000000000002434       0x98 /tmp/ccYQgm8F.ltrans0.ltrans.o
 .text.AsciiSPrint.constprop.18
                0x00000000000024cc       0xa4 /tmp/ccYQgm8F.ltrans0.ltrans.o
 .text.AsciiStrLen
                0x0000000000002570       0xa0 /tmp/ccYQgm8F.ltrans0.ltrans.o
 .text.DebugPrint.constprop.14
                0x0000000000002610       0xb8 /tmp/ccYQgm8F.ltrans0.ltrans.o
 .text.ZeroMem  0x00000000000026c8       0x74 /tmp/ccYQgm8F.ltrans0.ltrans.o
 .text.AllocateZeroPool
                0x000000000000273c       0x7c /tmp/ccYQgm8F.ltrans0.ltrans.o
 .text.InitializeListHead
                0x00000000000027b8        0x8 /tmp/ccYQgm8F.ltrans0.ltrans.o
 .text.InternalBaseLibIsListValid
                0x00000000000027c0       0xb8 /tmp/ccYQgm8F.ltrans0.ltrans.o
 .text.IsListEmpty
                0x0000000000002878       0x5c /tmp/ccYQgm8F.ltrans0.ltrans.o
 .text.RemoveEntryList
                0x00000000000028d4       0x64 /tmp/ccYQgm8F.ltrans0.ltrans.o
 .text.GetFirstNode
                0x0000000000002938       0x54 /tmp/ccYQgm8F.ltrans0.ltrans.o
 .text.IsNull   0x000000000000298c       0x5c /tmp/ccYQgm8F.ltrans0.ltrans.o
 .text.GetNextNode
                0x00000000000029e8       0x58 /tmp/ccYQgm8F.ltrans0.ltrans.o
 .text.InsertTailList
                0x0000000000002a40       0x6c /tmp/ccYQgm8F.ltrans0.ltrans.o
 .text.VirtualKeyboardUnregisterKeyNotify
                0x0000000000002aac      0x148 /tmp/ccYQgm8F.ltrans0.ltrans.o
 .text.VirtualKeyboardResetEx
                0x0000000000002bf4       0xa0 /tmp/ccYQgm8F.ltrans0.ltrans.o
 .text.VirtualKeyboardReset
                0x0000000000002c94       0xb4 /tmp/ccYQgm8F.ltrans0.ltrans.o
 .text.IsKeyRegistered
                0x0000000000002d48       0x98 /tmp/ccYQgm8F.ltrans0.ltrans.o
 .text.VirtualKeyboardDriverBindingStart
                0x0000000000002de0      0x418 /tmp/ccYQgm8F.ltrans0.ltrans.o
 .text.CopyMem  0x00000000000031f8       0xac /tmp/ccYQgm8F.ltrans0.ltrans.o
 .text.KeyNotifyProcessHandler
                0x00000000000032a4      0x170 /tmp/ccYQgm8F.ltrans0.ltrans.o
 .text.VirtualKeyboardRegisterKeyNotify
                0x0000000000003414      0x1a8 /tmp/ccYQgm8F.ltrans0.ltrans.o
 .text.Enqueue  0x00000000000035bc       0x60 /tmp/ccYQgm8F.ltrans0.ltrans.o
 .text.VirtualKeyboardTimerHandler
                0x000000000000361c      0x174 /tmp/ccYQgm8F.ltrans0.ltrans.o
 .text.KeyboardReadKeyStrokeWorker
                0x0000000000003790       0xdc /tmp/ccYQgm8F.ltrans0.ltrans.o
 .text.VirtualKeyboardReadKeyStrokeEx
                0x000000000000386c       0x78 /tmp/ccYQgm8F.ltrans0.ltrans.o
 .text.VirtualKeyboardReadKeyStroke
                0x00000000000038e4       0xf8 /tmp/ccYQgm8F.ltrans0.ltrans.o
 .text.VirtualKeyboardWaitForKey
                0x00000000000039dc       0xe8 /tmp/ccYQgm8F.ltrans0.ltrans.o
 .text.VirtualKeyboardWaitForKeyEx
                0x0000000000003ac4       0x68 /tmp/ccYQgm8F.ltrans0.ltrans.o
 .text.__stack_chk_fail
                0x0000000000003b2c       0x34 /tmp/ccYQgm8F.ltrans0.ltrans.o
                0x0000000000003b2c                __stack_chk_fail
 .text._ModuleEntryPoint
                0x0000000000003b60      0x300 /tmp/ccYQgm8F.ltrans0.ltrans.o
                0x0000000000003b60                _ModuleEntryPoint
 .text.memcpy   0x0000000000003e60       0x20 /tmp/ccYQgm8F.ltrans0.ltrans.o
                0x0000000000003e60                memcpy
 .text          0x0000000000003e80      0x218 /mnt/e/git/for-build/edk2-lithium/workspace/Build/XiaomiMIXPkg/DEBUG_GCC5/AARCH64/MdePkg/Library/BaseMemoryLibOptDxe/BaseMemoryLibOptDxe/OUTPUT/BaseMemoryLibOptDxe.lib(CopyMem.obj)
                0x0000000000003fec                InternalMemCopyMem
 *fill*         0x0000000000004098        0x8 
 .text          0x00000000000040a0      0x200 /mnt/e/git/for-build/edk2-lithium/workspace/Build/XiaomiMIXPkg/DEBUG_GCC5/AARCH64/MdePkg/Library/BaseMemoryLibOptDxe/BaseMemoryLibOptDxe/OUTPUT/BaseMemoryLibOptDxe.lib(SetMem.obj)
                0x00000000000040a0                InternalMemSetMem16
                0x00000000000040ac                InternalMemSetMem32
                0x00000000000040b8                InternalMemSetMem64
                0x00000000000040c4                InternalMemZeroMem
                0x00000000000040cc                InternalMemSetMem
 .text          0x00000000000042a0       0x20 /mnt/e/git/for-build/edk2-lithium/workspace/Build/XiaomiMIXPkg/DEBUG_GCC5/AARCH64/MdePkg/Library/BaseMemoryLibOptDxe/BaseMemoryLibOptDxe/OUTPUT/BaseMemoryLibOptDxe.lib(CompareGuid.obj)
                0x00000000000042a0                InternalMemCompareGuid
 .text.ArmCacheInfo
                0x00000000000042c0        0x8 /mnt/e/git/for-build/edk2-lithium/workspace/Build/XiaomiMIXPkg/DEBUG_GCC5/AARCH64/ArmPkg/Library/ArmLib/ArmBaseLib/OUTPUT/ArmBaseLib.lib(ArmLibSupport.obj)
                0x00000000000042c0                ArmCacheInfo
 .text.ArmGetInterruptState
                0x00000000000042c8       0x10 /mnt/e/git/for-build/edk2-lithium/workspace/Build/XiaomiMIXPkg/DEBUG_GCC5/AARCH64/ArmPkg/Library/ArmLib/ArmBaseLib/OUTPUT/ArmBaseLib.lib(ArmLibSupport.obj)
                0x00000000000042c8                ArmGetInterruptState
 .text.ArmEnableInterrupts
                0x00000000000042d8        0xc /mnt/e/git/for-build/edk2-lithium/workspace/Build/XiaomiMIXPkg/DEBUG_GCC5/AARCH64/ArmPkg/Library/ArmLib/ArmBaseLib/OUTPUT/ArmBaseLib.lib(ArmLibSupportV8.obj)
                0x00000000000042d8                ArmEnableInterrupts
 .text.ArmDisableInterrupts
                0x00000000000042e4        0xc /mnt/e/git/for-build/edk2-lithium/workspace/Build/XiaomiMIXPkg/DEBUG_GCC5/AARCH64/ArmPkg/Library/ArmLib/ArmBaseLib/OUTPUT/ArmBaseLib.lib(ArmLibSupportV8.obj)
                0x00000000000042e4                ArmDisableInterrupts
 .text.ArmCleanInvalidateDataCacheEntryByMVA
                0x00000000000042f0        0x8 /mnt/e/git/for-build/edk2-lithium/workspace/Build/XiaomiMIXPkg/DEBUG_GCC5/AARCH64/ArmPkg/Library/ArmLib/ArmBaseLib/OUTPUT/ArmBaseLib.lib(AArch64Support.obj)
                0x00000000000042f0                ArmCleanInvalidateDataCacheEntryByMVA
 .text.ArmDataSynchronizationBarrier
                0x00000000000042f8        0x8 /mnt/e/git/for-build/edk2-lithium/workspace/Build/XiaomiMIXPkg/DEBUG_GCC5/AARCH64/ArmPkg/Library/ArmLib/ArmBaseLib/OUTPUT/ArmBaseLib.lib(AArch64Support.obj)
                0x00000000000042f8                ArmDataSynchronizationBarrier
 *(.rodata .rodata.* .gnu.linkonce.r.*)
 .rodata.AsciiStrLen.str1.1
                0x0000000000004300       0x89 /tmp/ccYQgm8F.ltrans0.ltrans.o
 .rodata.BasePrintLibSPrintMarker.constprop.20.str1.1
                0x0000000000004389      0x179 /tmp/ccYQgm8F.ltrans0.ltrans.o
 .rodata.CompareGuid.constprop.11.str1.1
                0x0000000000004502       0x64 /tmp/ccYQgm8F.ltrans0.ltrans.o
 .rodata.CopyMem.str1.1
                0x0000000000004566       0xcf /tmp/ccYQgm8F.ltrans0.ltrans.o
 .rodata.DebugAssert.str1.1
                0x0000000000004635       0x2b /tmp/ccYQgm8F.ltrans0.ltrans.o
 .rodata.GetFirstNode.str1.1
                0x0000000000004660       0x22 /tmp/ccYQgm8F.ltrans0.ltrans.o
 .rodata.InternalBaseLibIsListValid.str1.1
                0x0000000000004682       0x7f /tmp/ccYQgm8F.ltrans0.ltrans.o
                                         0x94 (size before relaxing)
 .rodata.IsKeyRegistered.str1.1
                0x0000000000004701       0x3c /tmp/ccYQgm8F.ltrans0.ltrans.o
 .rodata.IsListEmpty.str1.1
                0x000000000000473d       0x26 /tmp/ccYQgm8F.ltrans0.ltrans.o
 .rodata.ReadUnaligned16.str1.1
                0x0000000000004763       0x58 /tmp/ccYQgm8F.ltrans0.ltrans.o
 .rodata.RemoveEntryList.str1.1
                0x00000000000047bb       0x15 /tmp/ccYQgm8F.ltrans0.ltrans.o
 .rodata.VirtualKeyboardDriverBindingStart.str1.1
                0x00000000000047d0       0xac /tmp/ccYQgm8F.ltrans0.ltrans.o
 .rodata.VirtualKeyboardUnregisterKeyNotify.str1.1
                0x000000000000487c       0x68 /tmp/ccYQgm8F.ltrans0.ltrans.o
 .rodata.ZeroMem.str1.1
                0x00000000000048e4       0x84 /tmp/ccYQgm8F.ltrans0.ltrans.o
 .rodata._ModuleEntryPoint.str1.1
                0x0000000000004968      0x288 /tmp/ccYQgm8F.ltrans0.ltrans.o
 .rodata.__stack_chk_fail.str1.1
                0x0000000000004bf0       0x2e /tmp/ccYQgm8F.ltrans0.ltrans.o
 .rodata.mHexStr
                0x0000000000004c1e       0x10 /tmp/ccYQgm8F.ltrans0.ltrans.o
 *fill*         0x0000000000004c2e        0x2 
 .rodata.mStatusString
                0x0000000000004c30      0x138 /tmp/ccYQgm8F.ltrans0.ltrans.o
 .rodata.str1.1
                0x0000000000004d68      0x236 /tmp/ccYQgm8F.ltrans0.ltrans.o
                                        0x247 (size before relaxing)
 *(.got .got.*)
 *fill*         0x0000000000004f9e        0x2 
 .got           0x0000000000004fa0        0x8 /mnt/e/git/for-build/edk2/ArmPkg/Library/GccLto/liblto-aarch64.a
                0x0000000000004fa0                _GLOBAL_OFFSET_TABLE_
 .got.plt       0x0000000000004fa8       0x18 /mnt/e/git/for-build/edk2/ArmPkg/Library/GccLto/liblto-aarch64.a
 *:AutoGen.obj(.data.g*Guid)

.plt            0x0000000000004fc0        0x0
 .plt           0x0000000000004fc0        0x0 /mnt/e/git/for-build/edk2/ArmPkg/Library/GccLto/liblto-aarch64.a

.data           0x0000000000005000      0x3e8
 *(.data .data.* .gnu.linkonce.d.*)
 .data.rel.ro   0x0000000000005000        0x0 /mnt/e/git/for-build/edk2/ArmPkg/Library/GccLto/liblto-aarch64.a
 .data.__stack_chk_guard
                0x0000000000005000        0x8 /tmp/ccYQgm8F.ltrans0.ltrans.o
                0x0000000000005000                __stack_chk_guard
 .data.font5x12
                0x0000000000005008      0x300 /tmp/ccYQgm8F.ltrans0.ltrans.o
 .data.gEfiDriverBindingProtocolGuid
                0x0000000000005308       0x10 /tmp/ccYQgm8F.ltrans0.ltrans.o
 .data.gEfiHobListGuid
                0x0000000000005318       0x10 /tmp/ccYQgm8F.ltrans0.ltrans.o
 .data.gEfiSimpleTextInProtocolGuid
                0x0000000000005328       0x10 /tmp/ccYQgm8F.ltrans0.ltrans.o
 .data.gEfiSimpleTextInputExProtocolGuid
                0x0000000000005338       0x10 /tmp/ccYQgm8F.ltrans0.ltrans.o
 .data.gPlatformVirtualKeyboardProtocolGuid
                0x0000000000005348       0x10 /tmp/ccYQgm8F.ltrans0.ltrans.o
 .data.gVirtualKeyboardDriverBinding
                0x0000000000005358       0x30 /tmp/ccYQgm8F.ltrans0.ltrans.o
 *(.bss .bss.*)
 .bss.gBS       0x0000000000005388        0x8 /tmp/ccYQgm8F.ltrans0.ltrans.o
 .bss.gImageHandle
                0x0000000000005390        0x8 /tmp/ccYQgm8F.ltrans0.ltrans.o
 .bss.gRT       0x0000000000005398        0x8 /tmp/ccYQgm8F.ltrans0.ltrans.o
 .bss.gST       0x00000000000053a0        0x8 /tmp/ccYQgm8F.ltrans0.ltrans.o
 .bss.mHobList  0x00000000000053a8        0x8 /tmp/ccYQgm8F.ltrans0.ltrans.o
 .bss.m_Color   0x00000000000053b0       0x10 /tmp/ccYQgm8F.ltrans0.ltrans.o
 .bss.m_Initialized
                0x00000000000053c0        0x1 /tmp/ccYQgm8F.ltrans0.ltrans.o
 *fill*         0x00000000000053c1        0x7 
 .bss.m_MaxPosition
                0x00000000000053c8       0x10 /tmp/ccYQgm8F.ltrans0.ltrans.o
 .bss.m_Position
                0x00000000000053d8       0x10 /tmp/ccYQgm8F.ltrans0.ltrans.o

.dynbss         0x00000000000053e8        0x0
 .dynbss        0x00000000000053e8        0x0 /mnt/e/git/for-build/edk2/ArmPkg/Library/GccLto/liblto-aarch64.a

.eh_frame
 *(.eh_frame)

.rela           0x00000000000053e8      0x3f0
 *(.rela .rela.*)
 .rela.got      0x00000000000053e8        0x0 /mnt/e/git/for-build/edk2/ArmPkg/Library/GccLto/liblto-aarch64.a
 .rela.plt      0x00000000000053e8        0x0 /mnt/e/git/for-build/edk2/ArmPkg/Library/GccLto/liblto-aarch64.a
 .rela.bss      0x00000000000053e8        0x0 /mnt/e/git/for-build/edk2/ArmPkg/Library/GccLto/liblto-aarch64.a
 .rela.data.rel.ro
                0x00000000000053e8        0x0 /mnt/e/git/for-build/edk2/ArmPkg/Library/GccLto/liblto-aarch64.a
 .rela.ifunc    0x00000000000053e8        0x0 /mnt/e/git/for-build/edk2/ArmPkg/Library/GccLto/liblto-aarch64.a
 .rela.data.gVirtualKeyboardDriverBinding
                0x00000000000053e8       0x48 /mnt/e/git/for-build/edk2/ArmPkg/Library/GccLto/liblto-aarch64.a
 .rela.rodata.mStatusString
                0x0000000000005430      0x3a8 /mnt/e/git/for-build/edk2/ArmPkg/Library/GccLto/liblto-aarch64.a

.hii
 *(.hii)

.build-id       0x00000000000057d8       0x24
 *(.note.gnu.build-id)
 .note.gnu.build-id
                0x00000000000057d8       0x24 /mnt/e/git/for-build/edk2/ArmPkg/Library/GccLto/liblto-aarch64.a

/DISCARD/
 *(.note.GNU-stack)
 *(.gnu_debuglink)
 *(.interp)
 *(.dynsym)
 *(.dynstr)
 *(.dynamic)
 *(.hash .gnu.hash)
 *(.comment)
 *(COMMON)
                0x0000000000000228                PECOFF_HEADER_SIZE = 0x228
OUTPUT(/mnt/e/git/for-build/edk2-lithium/workspace/Build/XiaomiMIXPkg/DEBUG_GCC5/AARCH64/EmbeddedPkg/Drivers/VirtualKeyboardDxe/VirtualKeyboardDxe/DEBUG/VirtualKeyboardDxe.dll elf64-littleaarch64)

.debug_info     0x0000000000000000     0x6e43
 .debug_info    0x0000000000000000     0x6e43 /tmp/ccYQgm8F.ltrans0.ltrans.o

.debug_abbrev   0x0000000000000000      0x671
 .debug_abbrev  0x0000000000000000      0x671 /tmp/ccYQgm8F.ltrans0.ltrans.o

.debug_loc      0x0000000000000000     0x6c78
 .debug_loc     0x0000000000000000     0x6c78 /tmp/ccYQgm8F.ltrans0.ltrans.o

.debug_aranges  0x0000000000000000      0x390
 .debug_aranges
                0x0000000000000000      0x390 /tmp/ccYQgm8F.ltrans0.ltrans.o

.debug_ranges   0x0000000000000000      0xae0
 .debug_ranges  0x0000000000000000      0xae0 /tmp/ccYQgm8F.ltrans0.ltrans.o

.debug_line     0x0000000000000000     0x1786
 .debug_line    0x0000000000000000     0x1786 /tmp/ccYQgm8F.ltrans0.ltrans.o

.debug_str      0x0000000000000000     0x28e8
 .debug_str     0x0000000000000000     0x28e8 /tmp/ccYQgm8F.ltrans0.ltrans.o
                                       0x2d0e (size before relaxing)

.debug_frame    0x0000000000000000      0xb18
 .debug_frame   0x0000000000000000      0xb18 /tmp/ccYQgm8F.ltrans0.ltrans.o
