Archive member included to satisfy reference by file (symbol)

/mnt/e/git/for-build/edk2-lithium/workspace/Build/XiaomiMIXPkg/DEBUG_GCC5/AARCH64/ArmPkg/Library/CompilerIntrinsicsLib/CompilerIntrinsicsLib/OUTPUT/CompilerIntrinsicsLib.lib(memcpy.obj)
                              /mnt/e/git/for-build/edk2/ArmPkg/Library/GccLto/liblto-aarch64.a (memcpy)
/mnt/e/git/for-build/edk2-lithium/workspace/Build/XiaomiMIXPkg/DEBUG_GCC5/AARCH64/ArmPkg/Library/CompilerIntrinsicsLib/CompilerIntrinsicsLib/OUTPUT/CompilerIntrinsicsLib.lib(memset.obj)
                              /mnt/e/git/for-build/edk2/ArmPkg/Library/GccLto/liblto-aarch64.a (memset)
/mnt/e/git/for-build/edk2-lithium/workspace/Build/XiaomiMIXPkg/DEBUG_GCC5/AARCH64/MdePkg/Library/UefiDriverEntryPoint/UefiDriverEntryPoint/OUTPUT/UefiDriverEntryPoint.lib(DriverEntryPoint.obj)
                              (_ModuleEntryPoint)
/mnt/e/git/for-build/edk2-lithium/workspace/Build/XiaomiMIXPkg/DEBUG_GCC5/AARCH64/MdePkg/Library/BaseStackCheckLib/BaseStackCheckLib/OUTPUT/BaseStackCheckLib.lib(BaseStackCheckGcc.obj)
                              /mnt/e/git/for-build/edk2/ArmPkg/Library/GccLto/liblto-aarch64.a (__stack_chk_fail)
/mnt/e/git/for-build/edk2-lithium/workspace/Build/XiaomiMIXPkg/DEBUG_GCC5/AARCH64/MdeModulePkg/Universal/BdsDxe/BdsDxe/OUTPUT/BdsDxe.lib(AutoGen.obj)
                              DriverEntryPoint.obj (symbol from plugin) (ProcessLibraryConstructorList)
/mnt/e/git/for-build/edk2-lithium/workspace/Build/XiaomiMIXPkg/DEBUG_GCC5/AARCH64/MdeModulePkg/Universal/BdsDxe/BdsDxe/OUTPUT/BdsDxe.lib(BdsEntry.obj)
                              AutoGen.obj (symbol from plugin) (BdsInitialize)
/mnt/e/git/for-build/edk2-lithium/workspace/Build/XiaomiMIXPkg/DEBUG_GCC5/AARCH64/MdeModulePkg/Universal/BdsDxe/BdsDxe/OUTPUT/BdsDxe.lib(HwErrRecSupport.obj)
                              BdsEntry.obj (symbol from plugin) (InitializeHwErrRecSupport)
/mnt/e/git/for-build/edk2-lithium/workspace/Build/XiaomiMIXPkg/DEBUG_GCC5/AARCH64/MdeModulePkg/Universal/BdsDxe/BdsDxe/OUTPUT/BdsDxe.lib(Language.obj)
                              BdsEntry.obj (symbol from plugin) (InitializeLanguage)
/mnt/e/git/for-build/edk2-lithium/workspace/Build/XiaomiMIXPkg/DEBUG_GCC5/AARCH64/MdePkg/Library/DxePcdLib/DxePcdLib/OUTPUT/DxePcdLib.lib(DxePcdLib.obj)
                              BdsEntry.obj (symbol from plugin) (LibPcdGetBool)
/mnt/e/git/for-build/edk2-lithium/workspace/Build/XiaomiMIXPkg/DEBUG_GCC5/AARCH64/MdePkg/Library/BaseMemoryLibOptDxe/BaseMemoryLibOptDxe/OUTPUT/BaseMemoryLibOptDxe.lib(MemLibGuid.obj)
                              BdsEntry.obj (symbol from plugin) (CopyGuid)
/mnt/e/git/for-build/edk2-lithium/workspace/Build/XiaomiMIXPkg/DEBUG_GCC5/AARCH64/MdePkg/Library/BaseMemoryLibOptDxe/BaseMemoryLibOptDxe/OUTPUT/BaseMemoryLibOptDxe.lib(CopyMemWrapper.obj)
                              BdsEntry.obj (symbol from plugin) (CopyMem)
/mnt/e/git/for-build/edk2-lithium/workspace/Build/XiaomiMIXPkg/DEBUG_GCC5/AARCH64/MdePkg/Library/BaseMemoryLibOptDxe/BaseMemoryLibOptDxe/OUTPUT/BaseMemoryLibOptDxe.lib(CopyMem.obj)
                              MemLibGuid.obj (symbol from plugin) (InternalMemCopyMem)
/mnt/e/git/for-build/edk2-lithium/workspace/Build/XiaomiMIXPkg/DEBUG_GCC5/AARCH64/MdePkg/Library/BaseMemoryLibOptDxe/BaseMemoryLibOptDxe/OUTPUT/BaseMemoryLibOptDxe.lib(CompareGuid.obj)
                              MemLibGuid.obj (symbol from plugin) (InternalMemCompareGuid)
/mnt/e/git/for-build/edk2-lithium/workspace/Build/XiaomiMIXPkg/DEBUG_GCC5/AARCH64/MdePkg/Library/BaseLib/BaseLib/OUTPUT/BaseLib.lib(MultU64x32.obj)
                              BdsEntry.obj (symbol from plugin) (MultU64x32)
/mnt/e/git/for-build/edk2-lithium/workspace/Build/XiaomiMIXPkg/DEBUG_GCC5/AARCH64/MdePkg/Library/BaseLib/BaseLib/OUTPUT/BaseLib.lib(LowBitSet32.obj)
                              BdsEntry.obj (symbol from plugin) (LowBitSet32)
/mnt/e/git/for-build/edk2-lithium/workspace/Build/XiaomiMIXPkg/DEBUG_GCC5/AARCH64/MdePkg/Library/BaseLib/BaseLib/OUTPUT/BaseLib.lib(CpuDeadLoop.obj)
                              BaseStackCheckGcc.obj (symbol from plugin) (CpuDeadLoop)
/mnt/e/git/for-build/edk2-lithium/workspace/Build/XiaomiMIXPkg/DEBUG_GCC5/AARCH64/MdePkg/Library/BaseLib/BaseLib/OUTPUT/BaseLib.lib(String.obj)
                              BdsEntry.obj (symbol from plugin) (StrSize)
/mnt/e/git/for-build/edk2-lithium/workspace/Build/XiaomiMIXPkg/DEBUG_GCC5/AARCH64/MdePkg/Library/BaseLib/BaseLib/OUTPUT/BaseLib.lib(Math64.obj)
                              MultU64x32.obj (symbol from plugin) (InternalMathMultU64x32)
/mnt/e/git/for-build/edk2-lithium/workspace/Build/XiaomiMIXPkg/DEBUG_GCC5/AARCH64/MdePkg/Library/BaseLib/BaseLib/OUTPUT/BaseLib.lib(CpuBreakpoint.obj)
                              BaseStackCheckGcc.obj (symbol from plugin) (CpuBreakpoint)
/mnt/e/git/for-build/edk2-lithium/workspace/Build/XiaomiMIXPkg/DEBUG_GCC5/AARCH64/MdePkg/Library/BaseLib/BaseLib/OUTPUT/BaseLib.lib(SwapBytes32.obj)
[...]
Memory Configuration

Name             Origin             Length             Attributes
*default*        0x0000000000000000 0xffffffffffffffff

Linker script and memory map

LOAD /mnt/e/git/for-build/edk2/ArmPkg/Library/GccLto/liblto-aarch64.a
LOAD /tmp/ccGMfcE0.ltrans0.ltrans.o
LOAD /tmp/ccGMfcE0.ltrans1.ltrans.o
START GROUP
LOAD /mnt/e/git/for-build/edk2-lithium/workspace/Build/XiaomiMIXPkg/DEBUG_GCC5/AARCH64/MdeModulePkg/Universal/BdsDxe/BdsDxe/OUTPUT/BdsDxe.lib
LOAD /mnt/e/git/for-build/edk2-lithium/workspace/Build/XiaomiMIXPkg/DEBUG_GCC5/AARCH64/MdePkg/Library/DxePcdLib/DxePcdLib/OUTPUT/DxePcdLib.lib
LOAD /mnt/e/git/for-build/edk2-lithium/workspace/Build/XiaomiMIXPkg/DEBUG_GCC5/AARCH64/MdePkg/Library/BaseMemoryLibOptDxe/BaseMemoryLibOptDxe/OUTPUT/BaseMemoryLibOptDxe.lib
LOAD /mnt/e/git/for-build/edk2-lithium/workspace/Build/XiaomiMIXPkg/DEBUG_GCC5/AARCH64/MdePkg/Library/BaseLib/BaseLib/OUTPUT/BaseLib.lib
LOAD /mnt/e/git/for-build/edk2-lithium/workspace/Build/XiaomiMIXPkg/DEBUG_GCC5/AARCH64/ArmPkg/Library/ArmLib/ArmBaseLib/OUTPUT/ArmBaseLib.lib
LOAD /mnt/e/git/for-build/edk2-lithium/workspace/Build/XiaomiMIXPkg/DEBUG_GCC5/AARCH64/ArmPkg/Library/ArmCacheMaintenanceLib/ArmCacheMaintenanceLib/OUTPUT/ArmCacheMaintenanceLib.lib
LOAD /mnt/e/git/for-build/edk2-lithium/workspace/Build/XiaomiMIXPkg/DEBUG_GCC5/AARCH64/MdePkg/Library/BaseIoLibIntrinsic/BaseIoLibIntrinsic/OUTPUT/BaseIoLibIntrinsic.lib
LOAD /mnt/e/git/for-build/edk2-lithium/workspace/Build/XiaomiMIXPkg/DEBUG_GCC5/AARCH64/ArmPkg/Library/CompilerIntrinsicsLib/CompilerIntrinsicsLib/OUTPUT/CompilerIntrinsicsLib.lib
LOAD /mnt/e/git/for-build/edk2-lithium/workspace/Build/XiaomiMIXPkg/DEBUG_GCC5/AARCH64/MdePkg/Library/BaseDebugPrintErrorLevelLib/BaseDebugPrintErrorLevelLib/OUTPUT/BaseDebugPrintErrorLevelLib.lib
LOAD /mnt/e/git/for-build/edk2-lithium/workspace/Build/XiaomiMIXPkg/DEBUG_GCC5/AARCH64/XiaomiMIXPkg/Library/FrameBufferSerialPortLib/FrameBufferSerialPortLib/OUTPUT/FrameBufferSerialPortLib.lib
LOAD /mnt/e/git/for-build/edk2-lithium/workspace/Build/XiaomiMIXPkg/DEBUG_GCC5/AARCH64/MdePkg/Library/BasePrintLib/BasePrintLib/OUTPUT/BasePrintLib.lib
LOAD /mnt/e/git/for-build/edk2-lithium/workspace/Build/XiaomiMIXPkg/DEBUG_GCC5/AARCH64/MdePkg/Library/BaseDebugLibSerialPort/BaseDebugLibSerialPort/OUTPUT/BaseDebugLibSerialPort.lib
LOAD /mnt/e/git/for-build/edk2-lithium/workspace/Build/XiaomiMIXPkg/DEBUG_GCC5/AARCH64/MdePkg/Library/UefiMemoryAllocationLib/UefiMemoryAllocationLib/OUTPUT/UefiMemoryAllocationLib.lib
LOAD /mnt/e/git/for-build/edk2-lithium/workspace/Build/XiaomiMIXPkg/DEBUG_GCC5/AARCH64/MdePkg/Library/UefiRuntimeServicesTableLib/UefiRuntimeServicesTableLib/OUTPUT/UefiRuntimeServicesTableLib.lib
LOAD /mnt/e/git/for-build/edk2-lithium/workspace/Build/XiaomiMIXPkg/DEBUG_GCC5/AARCH64/MdePkg/Library/UefiBootServicesTableLib/UefiBootServicesTableLib/OUTPUT/UefiBootServicesTableLib.lib
LOAD /mnt/e/git/for-build/edk2-lithium/workspace/Build/XiaomiMIXPkg/DEBUG_GCC5/AARCH64/MdePkg/Library/UefiDevicePathLib/UefiDevicePathLib/OUTPUT/UefiDevicePathLib.lib
LOAD /mnt/e/git/for-build/edk2-lithium/workspace/Build/XiaomiMIXPkg/DEBUG_GCC5/AARCH64/MdePkg/Library/UefiLib/UefiLib/OUTPUT/UefiLib.lib
LOAD /mnt/e/git/for-build/edk2-lithium/workspace/Build/XiaomiMIXPkg/DEBUG_GCC5/AARCH64/MdePkg/Library/DxeHobLib/DxeHobLib/OUTPUT/DxeHobLib.lib
LOAD /mnt/e/git/for-build/edk2-lithium/workspace/Build/XiaomiMIXPkg/DEBUG_GCC5/AARCH64/MdeModulePkg/Library/UefiHiiServicesLib/UefiHiiServicesLib/OUTPUT/UefiHiiServicesLib.lib
LOAD /mnt/e/git/for-build/edk2-lithium/workspace/Build/XiaomiMIXPkg/DEBUG_GCC5/AARCH64/MdeModulePkg/Library/UefiSortLib/UefiSortLib/OUTPUT/UefiSortLib.lib
LOAD /mnt/e/git/for-build/edk2-lithium/workspace/Build/XiaomiMIXPkg/DEBUG_GCC5/AARCH64/MdeModulePkg/Library/UefiHiiLib/UefiHiiLib/OUTPUT/UefiHiiLib.lib
LOAD /mnt/e/git/for-build/edk2-lithium/workspace/Build/XiaomiMIXPkg/DEBUG_GCC5/AARCH64/MdePkg/Library/DxeServicesTableLib/DxeServicesTableLib/OUTPUT/DxeServicesTableLib.lib
LOAD /mnt/e/git/for-build/edk2-lithium/workspace/Build/XiaomiMIXPkg/DEBUG_GCC5/AARCH64/MdePkg/Library/BasePeCoffGetEntryPointLib/BasePeCoffGetEntryPointLib/OUTPUT/BasePeCoffGetEntryPointLib.lib
LOAD /mnt/e/git/for-build/edk2-lithium/workspace/Build/XiaomiMIXPkg/DEBUG_GCC5/AARCH64/MdeModulePkg/Library/DxePerformanceLib/DxePerformanceLib/OUTPUT/DxePerformanceLib.lib
LOAD /mnt/e/git/for-build/edk2-lithium/workspace/Build/XiaomiMIXPkg/DEBUG_GCC5/AARCH64/MdePkg/Library/DxeServicesLib/DxeServicesLib/OUTPUT/DxeServicesLib.lib
LOAD /mnt/e/git/for-build/edk2-lithium/workspace/Build/XiaomiMIXPkg/DEBUG_GCC5/AARCH64/MdeModulePkg/Library/DxeReportStatusCodeLib/DxeReportStatusCodeLib/OUTPUT/DxeReportStatusCodeLib.lib
LOAD /mnt/e/git/for-build/edk2-lithium/workspace/Build/XiaomiMIXPkg/DEBUG_GCC5/AARCH64/MdeModulePkg/Library/DxeCapsuleLibNull/DxeCapsuleLibNull/OUTPUT/DxeCapsuleLibNull.lib
LOAD /mnt/e/git/for-build/edk2-lithium/workspace/Build/XiaomiMIXPkg/DEBUG_GCC5/AARCH64/MdeModulePkg/Library/BootLogoLib/BootLogoLib/OUTPUT/BootLogoLib.lib
LOAD /mnt/e/git/for-build/edk2-lithium/workspace/Build/XiaomiMIXPkg/DEBUG_GCC5/AARCH64/MdeModulePkg/Library/UefiBootManagerLib/UefiBootManagerLib/OUTPUT/UefiBootManagerLib.lib
LOAD /mnt/e/git/for-build/edk2-lithium/workspace/Build/XiaomiMIXPkg/DEBUG_GCC5/AARCH64/MdePkg/Library/UefiDriverEntryPoint/UefiDriverEntryPoint/OUTPUT/UefiDriverEntryPoint.lib
LOAD /mnt/e/git/for-build/edk2-lithium/workspace/Build/XiaomiMIXPkg/DEBUG_GCC5/AARCH64/XiaomiMIXPkg/Library/PlatformBootManagerLib/PlatformBootManagerLib/OUTPUT/PlatformBootManagerLib.lib
LOAD /mnt/e/git/for-build/edk2-lithium/workspace/Build/XiaomiMIXPkg/DEBUG_GCC5/AARCH64/MdePkg/Library/BaseStackCheckLib/BaseStackCheckLib/OUTPUT/BaseStackCheckLib.lib
END GROUP
                0x0000000000000228                . = PECOFF_HEADER_SIZE

.gnu.version_d  0x0000000000000228        0x0
 .gnu.version_d
                0x0000000000000228        0x0 /mnt/e/git/for-build/edk2/ArmPkg/Library/GccLto/liblto-aarch64.a

.gnu.version    0x0000000000000228        0x0
 .gnu.version   0x0000000000000228        0x0 /mnt/e/git/for-build/edk2/ArmPkg/Library/GccLto/liblto-aarch64.a

.gnu.version_r  0x0000000000000228        0x0
 .gnu.version_r
                0x0000000000000228        0x0 /mnt/e/git/for-build/edk2/ArmPkg/Library/GccLto/liblto-aarch64.a

.text           0x0000000000001000    0x17478
 *(.text .text.* .stub .gnu.linkonce.t.*)
 .text.BmGenerateKeyShiftState
                0x0000000000001000      0x10c /tmp/ccGMfcE0.ltrans0.ltrans.o
 .text.BmEliminateExtraSpaces
                0x000000000000110c       0x44 /tmp/ccGMfcE0.ltrans0.ltrans.o
 .text.DivU64x32.constprop.53
                0x0000000000001150       0x4c /tmp/ccGMfcE0.ltrans0.ltrans.o
 .text.InternalBaseLibIsListValid
                0x000000000000119c       0xb8 /tmp/ccGMfcE0.ltrans0.ltrans.o
 .text.RemoveEntryList
                0x0000000000001254       0x88 /tmp/ccGMfcE0.ltrans0.ltrans.o
 .text.GetFirstNode
                0x00000000000012dc       0x54 /tmp/ccGMfcE0.ltrans0.ltrans.o
 .text.InsertTailList.constprop.12
                0x0000000000001330       0x6c /tmp/ccGMfcE0.ltrans0.ltrans.o
 .text.IsNull   0x000000000000139c       0x5c /tmp/ccGMfcE0.ltrans0.ltrans.o
 .text.GetNextNode
                0x00000000000013f8       0x58 /tmp/ccGMfcE0.ltrans0.ltrans.o
 .text.BmGetActiveConsoleIn
                0x0000000000001450       0xe4 /tmp/ccGMfcE0.ltrans0.ltrans.o
 .text.EfiBootManagerFreeDriverHealthInfo
                0x0000000000001534       0x5c /tmp/ccGMfcE0.ltrans0.ltrans.o
 .text.EfiReleaseLock.constprop.24
                0x0000000000001590       0x6c /tmp/ccGMfcE0.ltrans0.ltrans.o
 .text.EfiAcquireLock.constprop.23
                0x00000000000015fc       0x74 /tmp/ccGMfcE0.ltrans0.ltrans.o
 .text.UnicodeValueToStringS.constprop.0
                0x0000000000001670      0x140 /tmp/ccGMfcE0.ltrans0.ltrans.o
 .text.SetMem.constprop.49
                0x00000000000017b0       0x54 /tmp/ccGMfcE0.ltrans0.ltrans.o
 .text.EndPerformanceMeasurementEx.constprop.43
                0x0000000000001804       0xa8 /tmp/ccGMfcE0.ltrans0.ltrans.o
 .text.BmGetLoadFileDescription
                0x00000000000018ac       0xec /tmp/ccGMfcE0.ltrans0.ltrans.o
 .text.EfiInitializeFwVolDevicepathNode
                0x0000000000001998       0x38 /tmp/ccGMfcE0.ltrans0.ltrans.o
 .text.IsZeroGuid.constprop.26
                0x00000000000019d0       0x10 /tmp/ccGMfcE0.ltrans0.ltrans.o
 .text.GetSectionFromFv.constprop.21
                0x00000000000019e0      0x170 /tmp/ccGMfcE0.ltrans0.ltrans.o
 .text.BmStopHotkeyService
                0x0000000000001b50      0x26c /tmp/ccGMfcE0.ltrans0.ltrans.o
                0x0000000000001b50                BmStopHotkeyService
 .text.BmRegisterHotkeyNotify
                0x0000000000001dbc       0xf8 /tmp/ccGMfcE0.ltrans0.ltrans.o
 .text.BmTxtInExCallback
                0x0000000000001eb4      0x1a4 /tmp/ccGMfcE0.ltrans0.ltrans.o
                0x0000000000001eb4                BmTxtInExCallback
 .text.StrCpyS.constprop.20
                0x0000000000002058      0x1a8 /tmp/ccGMfcE0.ltrans0.ltrans.o
 .text.BmGetNetworkDescription
                0x0000000000002200      0x34c /tmp/ccGMfcE0.ltrans0.ltrans.o
 .text.EfiBootManagerDeleteLoadOptionVariable
                0x000000000000254c      0x188 /tmp/ccGMfcE0.ltrans0.ltrans.o
 .text.BmGetFreeOptionNumber
                0x00000000000026d4      0x1a8 /tmp/ccGMfcE0.ltrans0.ltrans.o
 .text.BmGetSingleControllerHealthStatus
                0x000000000000287c      0x2cc /tmp/ccGMfcE0.ltrans0.ltrans.o
 .text.EfiBootManagerGetDriverHealthInfo
                0x0000000000002b48      0x290 /tmp/ccGMfcE0.ltrans0.ltrans.o
 .text.FbConFlush
                0x0000000000002dd8       0x54 /tmp/ccGMfcE0.ltrans0.ltrans.o
 .text.BmRepairNotify
                0x0000000000002e2c       0x6c /tmp/ccGMfcE0.ltrans0.ltrans.o
 .text.AddInput.lto_priv.78
                0x0000000000002e98      0x100 /tmp/ccGMfcE0.ltrans0.ltrans.o
                0x0000000000002e98                AddInput.lto_priv.78
 .text.AddOutput.lto_priv.77
                0x0000000000002f98      0x148 /tmp/ccGMfcE0.ltrans0.ltrans.o
                0x0000000000002f98                AddOutput.lto_priv.77
 .text.BmCollectKeyOptions
                0x00000000000030e0      0x25c /tmp/ccGMfcE0.ltrans0.ltrans.o
                0x00000000000030e0                BmCollectKeyOptions
 .text.EfiBootManagerIsValidLoadOptionVariableName.part.6
                0x000000000000333c      0x10c /tmp/ccGMfcE0.ltrans0.ltrans.o
 .text.BmGetBootDescription
                0x0000000000003448      0x1ac /tmp/ccGMfcE0.ltrans0.ltrans.o
 .text.BmGetUsbDescription
                0x00000000000035f4      0x208 /tmp/ccGMfcE0.ltrans0.ltrans.o
 .text.BmGetMiscDescription
                0x00000000000037fc      0x2a8 /tmp/ccGMfcE0.ltrans0.ltrans.o
 .text.BmGetDescriptionFromDiskInfo
                0x0000000000003aa4      0x2dc /tmp/ccGMfcE0.ltrans0.ltrans.o
 .text.MultU64x32.constprop.46
                0x0000000000003d80       0x10 /tmp/ccGMfcE0.ltrans0.ltrans.o
                0x0000000000003d80                MultU64x32.constprop.46
 .text.LShiftU64.constprop.44
                0x0000000000003d90        0x8 /tmp/ccGMfcE0.ltrans0.ltrans.o
                0x0000000000003d90                LShiftU64.constprop.44
 .text.ReportStatusCodeEx.constprop.40
                0x0000000000003d98      0x228 /tmp/ccGMfcE0.ltrans0.ltrans.o
                0x0000000000003d98                ReportStatusCodeEx.constprop.40
 .text.ReportStatusCode.constprop.39
                0x0000000000003fc0       0x70 /tmp/ccGMfcE0.ltrans0.ltrans.o
                0x0000000000003fc0                ReportStatusCode.constprop.39
 .text.LogPerformanceMeasurement.constprop.38
                0x0000000000004030       0xa8 /tmp/ccGMfcE0.ltrans0.ltrans.o
                0x0000000000004030                LogPerformanceMeasurement.constprop.38
 .text.LogPerformanceMeasurementEnabled.constprop.37
                0x00000000000040d8        0x8 /tmp/ccGMfcE0.ltrans0.ltrans.o
                0x00000000000040d8                LogPerformanceMeasurementEnabled.constprop.37
 .text.FileDevicePath.constprop.34
                0x00000000000040e0       0xa4 /tmp/ccGMfcE0.ltrans0.ltrans.o
                0x00000000000040e0                FileDevicePath.constprop.34
 .text.EfiCreateEventReadyToBootEx.constprop.25
                0x0000000000004184       0xcc /tmp/ccGMfcE0.ltrans0.ltrans.o
                0x0000000000004184                EfiCreateEventReadyToBootEx.constprop.25
 .text.LowBitSet32.constprop.9
                0x0000000000004250        0x8 /tmp/ccGMfcE0.ltrans0.ltrans.o
                0x0000000000004250                LowBitSet32.constprop.9
 .text.EfiGetNameGuidFromFwVolDevicePathNode
                0x0000000000004258       0x78 /tmp/ccGMfcE0.ltrans0.ltrans.o
                0x0000000000004258                EfiGetNameGuidFromFwVolDevicePathNode
 .text.SerialPortWrite
                0x00000000000042d0      0x418 /tmp/ccGMfcE0.ltrans0.ltrans.o
                0x00000000000042d0                SerialPortWrite
 .text.WriteUnaligned16
                0x00000000000046e8       0x5c /tmp/ccGMfcE0.ltrans0.ltrans.o
                0x00000000000046e8                WriteUnaligned16
 .text.WriteUnaligned32
                0x0000000000004744       0x64 /tmp/ccGMfcE0.ltrans0.ltrans.o
 .text.ReadUnaligned16
                0x00000000000047a8       0x68 /tmp/ccGMfcE0.ltrans0.ltrans.o
                0x00000000000047a8                ReadUnaligned16
 .text.ReadUnaligned32
                0x0000000000004810       0x5c /tmp/ccGMfcE0.ltrans0.ltrans.o
 .text.BasePrintLibSPrintMarker.constprop.69
                0x000000000000486c     0x10ac /tmp/ccGMfcE0.ltrans0.ltrans.o
                0x000000000000486c                BasePrintLibSPrintMarker.constprop.69
 .text.unlikely.BasePrintLibSPrint.constprop.70
                0x0000000000005918       0x9c /tmp/ccGMfcE0.ltrans0.ltrans.o
 .text.AsciiSPrint.constprop.67
                0x00000000000059b4       0xa8 /tmp/ccGMfcE0.ltrans0.ltrans.o
                0x00000000000059b4                AsciiSPrint.constprop.67
 .text.UnicodeVSPrintAsciiFormat.constprop.19
                0x0000000000005a5c       0x80 /tmp/ccGMfcE0.ltrans0.ltrans.o
 .text.AsciiPrint.constprop.17
                0x0000000000005adc      0x158 /tmp/ccGMfcE0.ltrans0.ltrans.o
                0x0000000000005adc                AsciiPrint.constprop.17
 .text.ReadUnaligned64
                0x0000000000005c34       0x64 /tmp/ccGMfcE0.ltrans0.ltrans.o
                0x0000000000005c34                ReadUnaligned64
 .text.CompareMem
                0x0000000000005c98       0xe4 /tmp/ccGMfcE0.ltrans0.ltrans.o
                0x0000000000005c98                CompareMem
 .text.ZeroMem  0x0000000000005d7c       0x7c /tmp/ccGMfcE0.ltrans0.ltrans.o
                0x0000000000005d7c                ZeroMem
 .text.UefiDevicePathLibConvertDevicePathToText.constprop.56
                0x0000000000005df8      0x164 /tmp/ccGMfcE0.ltrans0.ltrans.o
                0x0000000000005df8                UefiDevicePathLibConvertDevicePathToText.constprop.56
 .text.FilterAndProcess.constprop.4
                0x0000000000005f5c      0x160 /tmp/ccGMfcE0.ltrans0.ltrans.o
                0x0000000000005f5c                FilterAndProcess.constprop.4
 .text.BmPrintDp
                0x00000000000060bc       0x64 /tmp/ccGMfcE0.ltrans0.ltrans.o
 .text.BmGetNextLoadOptionBuffer
                0x0000000000006120      0x5d8 /tmp/ccGMfcE0.ltrans0.ltrans.o
 .text.BmGetControllerName
                0x00000000000066f8      0x168 /tmp/ccGMfcE0.ltrans0.ltrans.o
 .text.BmDisplayMessages
                0x0000000000006860      0x2cc /tmp/ccGMfcE0.ltrans0.ltrans.o
 .text.BmRepairAllControllers
                0x0000000000006b2c      0x460 /tmp/ccGMfcE0.ltrans0.ltrans.o
 .text.PrintXY.constprop.51
                0x0000000000006f8c      0x49c /tmp/ccGMfcE0.ltrans0.ltrans.o
 .text.BmGetNvmeDescription
                0x0000000000007428      0x248 /tmp/ccGMfcE0.ltrans0.ltrans.o
 .text.PlatformBootManagerWaitCallback
                0x0000000000007670      0x254 /tmp/ccGMfcE0.ltrans0.ltrans.o
                0x0000000000007670                PlatformBootManagerWaitCallback
 .text.BmMatchDevicePaths.part.0
                0x00000000000078c4       0x9c /tmp/ccGMfcE0.ltrans0.ltrans.o
                0x00000000000078c4                BmMatchDevicePaths.part.0
 .text.BdsDxeSetVariableAndReportStatusCodeOnError
                0x0000000000007960       0xf8 /tmp/ccGMfcE0.ltrans0.ltrans.o
                0x0000000000007960                BdsDxeSetVariableAndReportStatusCodeOnError
 .text.BmDelPartMatchInstance
                0x0000000000007a58      0x110 /tmp/ccGMfcE0.ltrans0.ltrans.o
                0x0000000000007a58                BmDelPartMatchInstance
 .text.BmProcessKeyOption
                0x0000000000007b68      0x254 /tmp/ccGMfcE0.ltrans0.ltrans.o
                0x0000000000007b68                BmProcessKeyOption
 .text.EfiBootManagerProcessLoadOption
                0x0000000000007dbc      0x2c0 /tmp/ccGMfcE0.ltrans0.ltrans.o
                0x0000000000007dbc                EfiBootManagerProcessLoadOption
 .text.EfiBootManagerFreeLoadOption
                0x000000000000807c       0x54 /tmp/ccGMfcE0.ltrans0.ltrans.o
                0x000000000000807c                EfiBootManagerFreeLoadOption
 .text.EfiBootManagerFreeLoadOptions
                0x00000000000080d0       0x64 /tmp/ccGMfcE0.ltrans0.ltrans.o
                0x00000000000080d0                EfiBootManagerFreeLoadOptions
 .text.EfiBootManagerFindLoadOption
                0x0000000000008134       0xc0 /tmp/ccGMfcE0.ltrans0.ltrans.o
                0x0000000000008134                EfiBootManagerFindLoadOption
 .text.EfiBootManagerInitializeLoadOption
                0x00000000000081f4       0xd8 /tmp/ccGMfcE0.ltrans0.ltrans.o
                0x00000000000081f4                EfiBootManagerInitializeLoadOption
 .text.EfiBootManagerVariableToLoadOptionEx.part.7
                0x00000000000082cc      0x274 /tmp/ccGMfcE0.ltrans0.ltrans.o
                0x00000000000082cc                EfiBootManagerVariableToLoadOptionEx.part.7
 .text.BmCollectLoadOptions
                0x0000000000008540      0x16c /tmp/ccGMfcE0.ltrans0.ltrans.o
 .text.BmHotkeyCallback
                0x00000000000086ac      0x2c0 /tmp/ccGMfcE0.ltrans0.ltrans.o
 .text.EfiBootManagerLoadOptionToVariable
                0x000000000000896c      0x274 /tmp/ccGMfcE0.ltrans0.ltrans.o
                0x000000000000896c                EfiBootManagerLoadOptionToVariable
 .text.EfiBootManagerAddLoadOptionVariable
                0x0000000000008be0      0x218 /tmp/ccGMfcE0.ltrans0.ltrans.o
 .text.BmForEachVariable
                0x0000000000008df8      0x1ac /tmp/ccGMfcE0.ltrans0.ltrans.o
                0x0000000000008df8                BmForEachVariable
 .text.EfiBootManagerAddKeyOptionVariable.constprop.5
                0x0000000000008fa4      0x324 /tmp/ccGMfcE0.ltrans0.ltrans.o
                0x0000000000008fa4                EfiBootManagerAddKeyOptionVariable.constprop.5
 .text.EfiBootManagerGetLoadOptions
                0x00000000000092c8      0x260 /tmp/ccGMfcE0.ltrans0.ltrans.o
                0x00000000000092c8                EfiBootManagerGetLoadOptions
 .text.PlatformBootManagerAfterConsole
                0x0000000000009528      0xeac /tmp/ccGMfcE0.ltrans0.ltrans.o
                0x0000000000009528                PlatformBootManagerAfterConsole
 .text.BmMatchPartitionDevicePathNode.part.6
                0x000000000000a3d4       0xc4 /tmp/ccGMfcE0.ltrans0.ltrans.o
                0x000000000000a3d4                BmMatchPartitionDevicePathNode.part.6
 .text.EfiBootManagerGetBootManagerMenu
                0x000000000000a498      0x418 /tmp/ccGMfcE0.ltrans0.ltrans.o
                0x000000000000a498                EfiBootManagerGetBootManagerMenu
 .text.EfiBootManagerBoot
                0x000000000000a8b0      0xab4 /tmp/ccGMfcE0.ltrans0.ltrans.o
                0x000000000000a8b0                EfiBootManagerBoot
 .text.ProcessLibraryDestructorList
                0x000000000000b364        0x4 /tmp/ccGMfcE0.ltrans1.ltrans.o
                0x000000000000b364                EfiEventEmptyFunction
                0x000000000000b364                ProcessLibraryDestructorList
 .text.InternalAllocatePool
                0x000000000000b368       0x64 /tmp/ccGMfcE0.ltrans1.ltrans.o
 .text.CpuDeadLoop
                0x000000000000b3cc       0x18 /tmp/ccGMfcE0.ltrans1.ltrans.o
 .text.BdsReadKeys.part.0
                0x000000000000b3e4       0x68 /tmp/ccGMfcE0.ltrans1.ltrans.o
 .text.BmEndOfBdsPerfCode
                0x000000000000b44c       0x30 /tmp/ccGMfcE0.ltrans1.ltrans.o
                0x000000000000b44c                BmEndOfBdsPerfCode
 .text.BaseDebugLibSerialPortConstructor
                0x000000000000b47c       0x84 /tmp/ccGMfcE0.ltrans1.ltrans.o
 .text.InternalGetReportStatusCode.part.0
                0x000000000000b500       0x50 /tmp/ccGMfcE0.ltrans1.ltrans.o
                0x000000000000b500                InternalGetReportStatusCode.part.0
 .text.ReportErrorCodeEnabled
                0x000000000000b550        0x8 /tmp/ccGMfcE0.ltrans1.ltrans.o
                0x000000000000b550                ReportErrorCodeEnabled
 .text.ReportProgressCodeEnabled
                0x000000000000b558        0x8 /tmp/ccGMfcE0.ltrans1.ltrans.o
                0x000000000000b558                ReportProgressCodeEnabled
 .text.DevicePathFromHandle
                0x000000000000b560       0x6c /tmp/ccGMfcE0.ltrans1.ltrans.o
                0x000000000000b560                DevicePathFromHandle
 .text.AllocateZeroPool
                0x000000000000b5cc       0x3c /tmp/ccGMfcE0.ltrans1.ltrans.o
                0x000000000000b5cc                AllocateZeroPool
 .text.AllocatePool
                0x000000000000b608        0xc /tmp/ccGMfcE0.ltrans1.ltrans.o
                0x000000000000b608                AllocatePool
 .text.DebugPrintLevelEnabled
                0x000000000000b614        0x8 /tmp/ccGMfcE0.ltrans1.ltrans.o
                0x000000000000b614                DebugPrintLevelEnabled
 .text.DebugCodeEnabled
                0x000000000000b61c        0x8 /tmp/ccGMfcE0.ltrans1.ltrans.o
                0x000000000000b61c                DebugCodeEnabled
 .text.DebugPrintEnabled
                0x000000000000b624        0x8 /tmp/ccGMfcE0.ltrans1.ltrans.o
                0x000000000000b624                DebugPrintEnabled
 .text.DebugAssertEnabled
                0x000000000000b62c        0x8 /tmp/ccGMfcE0.ltrans1.ltrans.o
                0x000000000000b62c                DebugAssertEnabled
 .text.DebugAssert
                0x000000000000b634       0x7c /tmp/ccGMfcE0.ltrans1.ltrans.o
                0x000000000000b634                DebugAssert
 .text.BmReportLoadFailure
                0x000000000000b6b0       0x90 /tmp/ccGMfcE0.ltrans1.ltrans.o
                0x000000000000b6b0                BmReportLoadFailure
 .text.GetPerformanceMeasurementProtocol
                0x000000000000b740       0xc0 /tmp/ccGMfcE0.ltrans1.ltrans.o
                0x000000000000b740                GetPerformanceMeasurementProtocol
 .text.SetDevicePathNodeLength
                0x000000000000b800       0x60 /tmp/ccGMfcE0.ltrans1.ltrans.o
                0x000000000000b800                SetDevicePathNodeLength
 .text.DevicePathNodeLength
                0x000000000000b860       0x50 /tmp/ccGMfcE0.ltrans1.ltrans.o
                0x000000000000b860                DevicePathNodeLength
 .text.NextDevicePathNode
                0x000000000000b8b0       0x50 /tmp/ccGMfcE0.ltrans1.ltrans.o
                0x000000000000b8b0                NextDevicePathNode
 .text.DevicePathSubType
                0x000000000000b900       0x48 /tmp/ccGMfcE0.ltrans1.ltrans.o
                0x000000000000b900                DevicePathSubType
 .text.DevicePathType
                0x000000000000b948       0x48 /tmp/ccGMfcE0.ltrans1.ltrans.o
                0x000000000000b948                DevicePathType
 .text.IsDevicePathEndType
                0x000000000000b990       0x58 /tmp/ccGMfcE0.ltrans1.ltrans.o
                0x000000000000b990                IsDevicePathEndType
 .text.IsDevicePathEnd
                0x000000000000b9e8       0x70 /tmp/ccGMfcE0.ltrans1.ltrans.o
                0x000000000000b9e8                IsDevicePathEnd
 .text.EfiBootManagerConnectDevicePath
                0x000000000000ba58      0x1a8 /tmp/ccGMfcE0.ltrans1.ltrans.o
                0x000000000000ba58                EfiBootManagerConnectDevicePath
 .text.IsDevicePathValid
                0x000000000000bc00       0xe0 /tmp/ccGMfcE0.ltrans1.ltrans.o
 .text.UefiDevicePathLibGetDevicePathSize
                0x000000000000bce0       0x70 /tmp/ccGMfcE0.ltrans1.ltrans.o
                0x000000000000bce0                UefiDevicePathLibGetDevicePathSize
 .text.SPrintLength
                0x000000000000bd50       0x70 /tmp/ccGMfcE0.ltrans1.ltrans.o
 .text.AsciiStrLen
                0x000000000000bdc0       0xa0 /tmp/ccGMfcE0.ltrans1.ltrans.o
 .text.AsciiStrSize
                0x000000000000be60       0x18 /tmp/ccGMfcE0.ltrans1.ltrans.o
 .text.AsciiStrnCmp
                0x000000000000be78       0xe4 /tmp/ccGMfcE0.ltrans1.ltrans.o
 .text.IsLangInSupportedLangCodes
                0x000000000000bf5c       0xd8 /tmp/ccGMfcE0.ltrans1.ltrans.o
 .text.DebugPrint
                0x000000000000c034       0xc4 /tmp/ccGMfcE0.ltrans1.ltrans.o
                0x000000000000c034                DebugPrint
 .text.FreePool
                0x000000000000c0f8       0x7c /tmp/ccGMfcE0.ltrans1.ltrans.o
                0x000000000000c0f8                FreePool
 .text.BmExpandMediaDevicePath
                0x000000000000c174      0x2e4 /tmp/ccGMfcE0.ltrans1.ltrans.o
 .text.BmConnectUsbShortFormDevicePath
                0x000000000000c458      0x190 /tmp/ccGMfcE0.ltrans1.ltrans.o
 .text.GetVariable2
                0x000000000000c5e8      0x164 /tmp/ccGMfcE0.ltrans1.ltrans.o
                0x000000000000c5e8                GetVariable2
 .text.GetEfiGlobalVariable2
                0x000000000000c74c       0x14 /tmp/ccGMfcE0.ltrans1.ltrans.o
                0x000000000000c74c                GetEfiGlobalVariable2
 .text.InitializeLangVariable
                0x000000000000c760       0xf8 /tmp/ccGMfcE0.ltrans1.ltrans.o
 .text.FreePages
                0x000000000000c858       0xc4 /tmp/ccGMfcE0.ltrans1.ltrans.o
 .text.BmDestroyRamDisk
                0x000000000000c91c      0x2a0 /tmp/ccGMfcE0.ltrans1.ltrans.o
                0x000000000000c91c                BmDestroyRamDisk
 .text.BdsFormalizeConsoleVariable
                0x000000000000cbbc       0xf8 /tmp/ccGMfcE0.ltrans1.ltrans.o
 .text.CheckDeferredLoadImageOnReadyToBoot
                0x000000000000ccb4      0x13c /tmp/ccGMfcE0.ltrans1.ltrans.o
 .text.BasePrintLibValueToString
                0x000000000000cdf0       0x28 /tmp/ccGMfcE0.ltrans1.ltrans.o
                0x000000000000cdf0                BasePrintLibValueToString
 .text.BasePrintLibFillBuffer
                0x000000000000ce18       0x34 /tmp/ccGMfcE0.ltrans1.ltrans.o
                0x000000000000ce18                BasePrintLibFillBuffer
 .text.UnicodeVSPrint
                0x000000000000ce4c       0x9c /tmp/ccGMfcE0.ltrans1.ltrans.o
                0x000000000000ce4c                UnicodeVSPrint
 .text.Print    0x000000000000cee8      0x190 /tmp/ccGMfcE0.ltrans1.ltrans.o
                0x000000000000cee8                Print
 .text.UnicodeSPrint
                0x000000000000d078       0xa0 /tmp/ccGMfcE0.ltrans1.ltrans.o
                0x000000000000d078                UnicodeSPrint
 .text.AsciiStrnLenS
                0x000000000000d118       0x3c /tmp/ccGMfcE0.ltrans1.ltrans.o
                0x000000000000d118                AsciiStrnLenS
 .text.AsciiStrToUnicodeStrS
                0x000000000000d154      0x164 /tmp/ccGMfcE0.ltrans1.ltrans.o
                0x000000000000d154                AsciiStrToUnicodeStrS
 .text.StrnLenS
                0x000000000000d2b8       0x7c /tmp/ccGMfcE0.ltrans1.ltrans.o
                0x000000000000d2b8                StrnLenS
 .text.InternalSafeStringNoStrOverlap
                0x000000000000d334       0x3c /tmp/ccGMfcE0.ltrans1.ltrans.o
                0x000000000000d334                InternalSafeStringNoStrOverlap
 .text.StrCatS  0x000000000000d370      0x224 /tmp/ccGMfcE0.ltrans1.ltrans.o
                0x000000000000d370                StrCatS
 .text.StrLen   0x000000000000d594       0xbc /tmp/ccGMfcE0.ltrans1.ltrans.o
                0x000000000000d594                StrLen
 .text.StrSize  0x000000000000d650       0x1c /tmp/ccGMfcE0.ltrans1.ltrans.o
                0x000000000000d650                StrSize
 .text.StrnCmp  0x000000000000d66c       0xe4 /tmp/ccGMfcE0.ltrans1.ltrans.o
                0x000000000000d66c                StrnCmp
 .text.StrCmp   0x000000000000d750       0x98 /tmp/ccGMfcE0.ltrans1.ltrans.o
                0x000000000000d750                StrCmp
 .text.CopyMem  0x000000000000d7e8       0xb0 /tmp/ccGMfcE0.ltrans1.ltrans.o
                0x000000000000d7e8                CopyMem
 .text.GetBestLanguage
                0x000000000000d898      0x1e0 /tmp/ccGMfcE0.ltrans1.ltrans.o
                0x000000000000d898                GetBestLanguage
 .text.SetDevicePathEndNode
                0x000000000000da78       0x54 /tmp/ccGMfcE0.ltrans1.ltrans.o
                0x000000000000da78                SetDevicePathEndNode
 .text.ReallocatePool
                0x000000000000dacc       0x6c /tmp/ccGMfcE0.ltrans1.ltrans.o
                0x000000000000dacc                ReallocatePool
 .text.UefiDevicePathLibCatPrint
                0x000000000000db38      0x188 /tmp/ccGMfcE0.ltrans1.ltrans.o
                0x000000000000db38                UefiDevicePathLibCatPrint
 .text.DevPathToTextNodeGeneric
                0x000000000000dcc0      0x104 /tmp/ccGMfcE0.ltrans1.ltrans.o
                0x000000000000dcc0                DevPathToTextNodeGeneric
 .text.DevPathToTextEndInstance
                0x000000000000ddc4        0xc /tmp/ccGMfcE0.ltrans1.ltrans.o
                0x000000000000ddc4                DevPathToTextEndInstance
 .text.DevPathToTextBBS
                0x000000000000ddd0       0xec /tmp/ccGMfcE0.ltrans1.ltrans.o
                0x000000000000ddd0                DevPathToTextBBS
 .text.DevPathRelativeOffsetRange
                0x000000000000debc       0x10 /tmp/ccGMfcE0.ltrans1.ltrans.o
                0x000000000000debc                DevPathRelativeOffsetRange
 .text.DevPathToTextFvFile
                0x000000000000decc       0x10 /tmp/ccGMfcE0.ltrans1.ltrans.o
                0x000000000000decc                DevPathToTextFvFile
 .text.DevPathToTextFv
                0x000000000000dedc       0x10 /tmp/ccGMfcE0.ltrans1.ltrans.o
                0x000000000000dedc                DevPathToTextFv
 .text.DevPathToTextMediaProtocol
                0x000000000000deec       0x10 /tmp/ccGMfcE0.ltrans1.ltrans.o
                0x000000000000deec                DevPathToTextMediaProtocol
 .text.DevPathToTextFilePath
                0x000000000000defc       0x10 /tmp/ccGMfcE0.ltrans1.ltrans.o
                0x000000000000defc                DevPathToTextFilePath
 .text.DevPathToTextCDROM
                0x000000000000df0c       0x30 /tmp/ccGMfcE0.ltrans1.ltrans.o
                0x000000000000df0c                DevPathToTextCDROM
 .text.DevPathToTextHardDrive
                0x000000000000df3c       0x8c /tmp/ccGMfcE0.ltrans1.ltrans.o
                0x000000000000df3c                DevPathToTextHardDrive
 .text.DevPathToTextUri
                0x000000000000dfc8       0x94 /tmp/ccGMfcE0.ltrans1.ltrans.o
                0x000000000000dfc8                DevPathToTextUri
 .text.DevPathToTextBluetoothLE
                0x000000000000e05c       0x44 /tmp/ccGMfcE0.ltrans1.ltrans.o
                0x000000000000e05c                DevPathToTextBluetoothLE
 .text.DevPathToTextWiFi
                0x000000000000e0a0       0x6c /tmp/ccGMfcE0.ltrans1.ltrans.o
                0x000000000000e0a0                DevPathToTextWiFi
 .text.DevPathToTextBluetooth
                0x000000000000e10c       0x24 /tmp/ccGMfcE0.ltrans1.ltrans.o
                0x000000000000e10c                DevPathToTextBluetooth
 .text.DevPathToTextVlan
                0x000000000000e130       0x10 /tmp/ccGMfcE0.ltrans1.ltrans.o
                0x000000000000e130                DevPathToTextVlan
 .text.DevPathToTextiSCSI
                0x000000000000e140      0x110 /tmp/ccGMfcE0.ltrans1.ltrans.o
                0x000000000000e140                DevPathToTextiSCSI
 .text.DevPathToTextUart
                0x000000000000e250      0x118 /tmp/ccGMfcE0.ltrans1.ltrans.o
                0x000000000000e250                DevPathToTextUart
 .text.DevPathToTextInfiniBand
                0x000000000000e368       0x1c /tmp/ccGMfcE0.ltrans1.ltrans.o
                0x000000000000e368                DevPathToTextInfiniBand
 .text.CatIPv6Address
                0x000000000000e384       0x8c /tmp/ccGMfcE0.ltrans1.ltrans.o
 .text.CatIPv4Address
                0x000000000000e410       0x1c /tmp/ccGMfcE0.ltrans1.ltrans.o
 .text.DevPathToTextDns
                0x000000000000e42c       0xc0 /tmp/ccGMfcE0.ltrans1.ltrans.o
                0x000000000000e42c                DevPathToTextDns
 .text.CatNetworkProtocol
                0x000000000000e4ec       0x38 /tmp/ccGMfcE0.ltrans1.ltrans.o
 .text.DevPathToTextIPv6
                0x000000000000e524       0xe8 /tmp/ccGMfcE0.ltrans1.ltrans.o
                0x000000000000e524                DevPathToTextIPv6
 .text.DevPathToTextIPv4
                0x000000000000e60c       0xf0 /tmp/ccGMfcE0.ltrans1.ltrans.o
                0x000000000000e60c                DevPathToTextIPv4
 .text.DevPathToTextMacAddr
                0x000000000000e6fc       0x8c /tmp/ccGMfcE0.ltrans1.ltrans.o
                0x000000000000e6fc                DevPathToTextMacAddr
 .text.DevPathToTextI2O
                0x000000000000e788       0x10 /tmp/ccGMfcE0.ltrans1.ltrans.o
                0x000000000000e788                DevPathToTextI2O
 .text.DevPathToTextSata
                0x000000000000e798       0x18 /tmp/ccGMfcE0.ltrans1.ltrans.o
                0x000000000000e798                DevPathToTextSata
 .text.DevPathToTextUsbClass
                0x000000000000e7b0      0x1bc /tmp/ccGMfcE0.ltrans1.ltrans.o
                0x000000000000e7b0                DevPathToTextUsbClass
 .text.DevPathToTextLogicalUnit
                0x000000000000e96c       0x10 /tmp/ccGMfcE0.ltrans1.ltrans.o
                0x000000000000e96c                DevPathToTextLogicalUnit
 .text.DevPathToTextUsb
                0x000000000000e97c       0x14 /tmp/ccGMfcE0.ltrans1.ltrans.o
                0x000000000000e97c                DevPathToTextUsb
 .text.DevPathToText1394
                0x000000000000e990       0x10 /tmp/ccGMfcE0.ltrans1.ltrans.o
                0x000000000000e990                DevPathToText1394
 .text.DevPathToTextEmmc
                0x000000000000e9a0       0x10 /tmp/ccGMfcE0.ltrans1.ltrans.o
                0x000000000000e9a0                DevPathToTextEmmc
 .text.DevPathToTextSd
                0x000000000000e9b0       0x10 /tmp/ccGMfcE0.ltrans1.ltrans.o
                0x000000000000e9b0                DevPathToTextSd
 .text.DevPathToTextUfs
                0x000000000000e9c0       0x14 /tmp/ccGMfcE0.ltrans1.ltrans.o
                0x000000000000e9c0                DevPathToTextUfs
 .text.DevPathToTextNVMe
                0x000000000000e9d4       0x54 /tmp/ccGMfcE0.ltrans1.ltrans.o
                0x000000000000e9d4                DevPathToTextNVMe
 .text.DevPathToTextSasEx
                0x000000000000ea28      0x184 /tmp/ccGMfcE0.ltrans1.ltrans.o
                0x000000000000ea28                DevPathToTextSasEx
 .text.DevPathToTextFibreEx
                0x000000000000ebac       0xa0 /tmp/ccGMfcE0.ltrans1.ltrans.o
                0x000000000000ebac                DevPathToTextFibreEx
 .text.DevPathToTextFibre
                0x000000000000ec4c       0x10 /tmp/ccGMfcE0.ltrans1.ltrans.o
                0x000000000000ec4c                DevPathToTextFibre
 .text.DevPathToTextScsi
                0x000000000000ec5c       0x14 /tmp/ccGMfcE0.ltrans1.ltrans.o
                0x000000000000ec5c                DevPathToTextScsi
 .text.DevPathToTextAtapi
                0x000000000000ec70       0x60 /tmp/ccGMfcE0.ltrans1.ltrans.o
                0x000000000000ec70                DevPathToTextAtapi
 .text.DevPathToTextAcpiAdr
                0x000000000000ecd0       0x90 /tmp/ccGMfcE0.ltrans1.ltrans.o
                0x000000000000ecd0                DevPathToTextAcpiAdr
 .text.DevPathToTextAcpiEx
                0x000000000000ed60      0x28c /tmp/ccGMfcE0.ltrans1.ltrans.o
                0x000000000000ed60                DevPathToTextAcpiEx
 .text.DevPathToTextAcpi
                0x000000000000efec       0xc0 /tmp/ccGMfcE0.ltrans1.ltrans.o
                0x000000000000efec                DevPathToTextAcpi
 .text.DevPathToTextBmc
                0x000000000000f0ac       0x3c /tmp/ccGMfcE0.ltrans1.ltrans.o
                0x000000000000f0ac                DevPathToTextBmc
 .text.DevPathToTextController
                0x000000000000f0e8       0x10 /tmp/ccGMfcE0.ltrans1.ltrans.o
                0x000000000000f0e8                DevPathToTextController
 .text.DevPathToTextMemMap
                0x000000000000f0f8       0x14 /tmp/ccGMfcE0.ltrans1.ltrans.o
                0x000000000000f0f8                DevPathToTextMemMap
 .text.DevPathToTextPccard
                0x000000000000f10c       0x10 /tmp/ccGMfcE0.ltrans1.ltrans.o
                0x000000000000f10c                DevPathToTextPccard
 .text.DevPathToTextPci
                0x000000000000f11c       0x14 /tmp/ccGMfcE0.ltrans1.ltrans.o
                0x000000000000f11c                DevPathToTextPci
 .text.InternalAllocateCopyPool
                0x000000000000f130       0xa0 /tmp/ccGMfcE0.ltrans1.ltrans.o
 .text.AllocateCopyPool
                0x000000000000f1d0       0x10 /tmp/ccGMfcE0.ltrans1.ltrans.o
                0x000000000000f1d0                AllocateCopyPool
 .text.DevPathToTextUsbWWID
                0x000000000000f1e0       0xb0 /tmp/ccGMfcE0.ltrans1.ltrans.o
                0x000000000000f1e0                DevPathToTextUsbWWID
 .text.UefiDevicePathLibDuplicateDevicePath
                0x000000000000f290       0x34 /tmp/ccGMfcE0.ltrans1.ltrans.o
                0x000000000000f290                UefiDevicePathLibDuplicateDevicePath
 .text.BmExpandLoadFile
                0x000000000000f2c4      0x348 /tmp/ccGMfcE0.ltrans1.ltrans.o
 .text.BmGetRamDiskDevicePath
                0x000000000000f60c       0xfc /tmp/ccGMfcE0.ltrans1.ltrans.o
                0x000000000000f60c                BmGetRamDiskDevicePath
 .text.UefiDevicePathLibGetNextDevicePathInstance
                0x000000000000f708       0xd0 /tmp/ccGMfcE0.ltrans1.ltrans.o
                0x000000000000f708                UefiDevicePathLibGetNextDevicePathInstance
 .text.UefiDevicePathLibAppendDevicePathInstance
                0x000000000000f7d8       0xdc /tmp/ccGMfcE0.ltrans1.ltrans.o
                0x000000000000f7d8                UefiDevicePathLibAppendDevicePathInstance
 .text.BmCachePartitionDevicePath
                0x000000000000f8b4       0xd8 /tmp/ccGMfcE0.ltrans1.ltrans.o
 .text.EfiBootManagerUpdateConsoleVariable
                0x000000000000f98c      0x150 /tmp/ccGMfcE0.ltrans1.ltrans.o
                0x000000000000f98c                EfiBootManagerUpdateConsoleVariable
 .text.EfiBootManagerConnectConsoleVariable.part.1
                0x000000000000fadc      0x268 /tmp/ccGMfcE0.ltrans1.ltrans.o
 .text.UefiDevicePathLibAppendDevicePath
                0x000000000000fd44       0xcc /tmp/ccGMfcE0.ltrans1.ltrans.o
                0x000000000000fd44                UefiDevicePathLibAppendDevicePath
 .text.UefiDevicePathLibAppendDevicePathNode
                0x000000000000fe10       0x9c /tmp/ccGMfcE0.ltrans1.ltrans.o
                0x000000000000fe10                UefiDevicePathLibAppendDevicePathNode
 .text.BmAdjustFvFilePath
                0x000000000000feac      0x1a4 /tmp/ccGMfcE0.ltrans1.ltrans.o
 .text.CompareGuid
                0x0000000000010050       0x6c /tmp/ccGMfcE0.ltrans1.ltrans.o
                0x0000000000010050                CompareGuid
 .text.BmIsBootManagerMenuFilePath
                0x00000000000100bc       0x90 /tmp/ccGMfcE0.ltrans1.ltrans.o
                0x00000000000100bc                BmIsBootManagerMenuFilePath
 .text.BmUpdateSystemTableConsole
                0x000000000001014c      0x20c /tmp/ccGMfcE0.ltrans1.ltrans.o
 .text.EfiBootManagerConnectAllDefaultConsoles
                0x0000000000010358      0x14c /tmp/ccGMfcE0.ltrans1.ltrans.o
 .text.EfiBootManagerConnectAll
                0x00000000000104a4       0xcc /tmp/ccGMfcE0.ltrans1.ltrans.o
                0x00000000000104a4                EfiBootManagerConnectAll
 .text.BmGetNextLoadOptionDevicePath
                0x0000000000010570      0xd78 /tmp/ccGMfcE0.ltrans1.ltrans.o
                0x0000000000010570                BmGetNextLoadOptionDevicePath
 .text.ProcessLoadOptions
                0x00000000000112e8      0x18c /tmp/ccGMfcE0.ltrans1.ltrans.o
 .text.EfiGetSystemConfigurationTable
                0x0000000000011474       0x94 /tmp/ccGMfcE0.ltrans1.ltrans.o
                0x0000000000011474                EfiGetSystemConfigurationTable
 .text.GetHobList
                0x0000000000011508       0xb4 /tmp/ccGMfcE0.ltrans1.ltrans.o
                0x0000000000011508                GetHobList
 .text.DevPathToTextRamDisk
                0x00000000000115bc      0x1a8 /tmp/ccGMfcE0.ltrans1.ltrans.o
                0x00000000000115bc                DevPathToTextRamDisk
 .text.DevPathToTextVendor
                0x0000000000011764      0x350 /tmp/ccGMfcE0.ltrans1.ltrans.o
                0x0000000000011764                DevPathToTextVendor
 .text.CopyGuid
                0x0000000000011ab4       0x70 /tmp/ccGMfcE0.ltrans1.ltrans.o
                0x0000000000011ab4                CopyGuid
 .text.BdsEntry
                0x0000000000011b24     0x166c /tmp/ccGMfcE0.ltrans1.ltrans.o
 .text.__stack_chk_fail
                0x0000000000013190       0x34 /tmp/ccGMfcE0.ltrans1.ltrans.o
                0x0000000000013190                __stack_chk_fail
 .text._ModuleEntryPoint
                0x00000000000131c4      0x4e4 /tmp/ccGMfcE0.ltrans1.ltrans.o
                0x00000000000131c4                _ModuleEntryPoint
 .text.memcpy   0x00000000000136a8       0x20 /tmp/ccGMfcE0.ltrans1.ltrans.o
                0x00000000000136a8                memcpy
 *fill*         0x00000000000136c8        0x8 
 .text          0x00000000000136d0      0x218 /mnt/e/git/for-build/edk2-lithium/workspace/Build/XiaomiMIXPkg/DEBUG_GCC5/AARCH64/MdePkg/Library/BaseMemoryLibOptDxe/BaseMemoryLibOptDxe/OUTPUT/BaseMemoryLibOptDxe.lib(CopyMem.obj)
                0x000000000001383c                InternalMemCopyMem
 *fill*         0x00000000000138e8       0x18 
 .text          0x0000000000013900       0x20 /mnt/e/git/for-build/edk2-lithium/workspace/Build/XiaomiMIXPkg/DEBUG_GCC5/AARCH64/MdePkg/Library/BaseMemoryLibOptDxe/BaseMemoryLibOptDxe/OUTPUT/BaseMemoryLibOptDxe.lib(CompareGuid.obj)
                0x0000000000013900                InternalMemCompareGuid
 .text          0x0000000000013920      0x200 /mnt/e/git/for-build/edk2-lithium/workspace/Build/XiaomiMIXPkg/DEBUG_GCC5/AARCH64/MdePkg/Library/BaseMemoryLibOptDxe/BaseMemoryLibOptDxe/OUTPUT/BaseMemoryLibOptDxe.lib(SetMem.obj)
                0x0000000000013920                InternalMemSetMem16
                0x000000000001392c                InternalMemSetMem32
                0x0000000000013938                InternalMemSetMem64
                0x0000000000013944                InternalMemZeroMem
                0x000000000001394c                InternalMemSetMem
 *fill*         0x0000000000013b20       0x20 
 .text          0x0000000000013b40       0xe0 /mnt/e/git/for-build/edk2-lithium/workspace/Build/XiaomiMIXPkg/DEBUG_GCC5/AARCH64/MdePkg/Library/BaseMemoryLibOptDxe/BaseMemoryLibOptDxe/OUTPUT/BaseMemoryLibOptDxe.lib(CompareMem.obj)
                0x0000000000013b40                InternalMemCompareMem
 .text.ArmCacheInfo
                0x0000000000013c20        0x8 /mnt/e/git/for-build/edk2-lithium/workspace/Build/XiaomiMIXPkg/DEBUG_GCC5/AARCH64/ArmPkg/Library/ArmLib/ArmBaseLib/OUTPUT/ArmBaseLib.lib(ArmLibSupport.obj)
                0x0000000000013c20                ArmCacheInfo
 .text.ArmGetInterruptState
                0x0000000000013c28       0x10 /mnt/e/git/for-build/edk2-lithium/workspace/Build/XiaomiMIXPkg/DEBUG_GCC5/AARCH64/ArmPkg/Library/ArmLib/ArmBaseLib/OUTPUT/ArmBaseLib.lib(ArmLibSupport.obj)
                0x0000000000013c28                ArmGetInterruptState
 .text.ArmEnableInterrupts
                0x0000000000013c38        0xc /mnt/e/git/for-build/edk2-lithium/workspace/Build/XiaomiMIXPkg/DEBUG_GCC5/AARCH64/ArmPkg/Library/ArmLib/ArmBaseLib/OUTPUT/ArmBaseLib.lib(ArmLibSupportV8.obj)
                0x0000000000013c38                ArmEnableInterrupts
 .text.ArmDisableInterrupts
                0x0000000000013c44        0xc /mnt/e/git/for-build/edk2-lithium/workspace/Build/XiaomiMIXPkg/DEBUG_GCC5/AARCH64/ArmPkg/Library/ArmLib/ArmBaseLib/OUTPUT/ArmBaseLib.lib(ArmLibSupportV8.obj)
                0x0000000000013c44                ArmDisableInterrupts
 .text.ArmCleanInvalidateDataCacheEntryByMVA
                0x0000000000013c50        0x8 /mnt/e/git/for-build/edk2-lithium/workspace/Build/XiaomiMIXPkg/DEBUG_GCC5/AARCH64/ArmPkg/Library/ArmLib/ArmBaseLib/OUTPUT/ArmBaseLib.lib(AArch64Support.obj)
                0x0000000000013c50                ArmCleanInvalidateDataCacheEntryByMVA
 .text.ArmDataSynchronizationBarrier
                0x0000000000013c58        0x8 /mnt/e/git/for-build/edk2-lithium/workspace/Build/XiaomiMIXPkg/DEBUG_GCC5/AARCH64/ArmPkg/Library/ArmLib/ArmBaseLib/OUTPUT/ArmBaseLib.lib(AArch64Support.obj)
                0x0000000000013c58                ArmDataSynchronizationBarrier
 *(.rodata .rodata.* .gnu.linkonce.r.*)
 .rodata.BmGenerateKeyShiftState
                0x0000000000013c60        0x5 /tmp/ccGMfcE0.ltrans0.ltrans.o
 *fill*         0x0000000000013c65        0x3 
 .rodata.PlatformBootManagerAfterConsole
                0x0000000000013c68        0x9 /tmp/ccGMfcE0.ltrans0.ltrans.o
 .rodata.AddInput.lto_priv.78.str1.1
                0x0000000000013c71       0x6b /tmp/ccGMfcE0.ltrans0.ltrans.o
 .rodata.AddOutput.lto_priv.77.str1.1
                0x0000000000013cdc       0x3c /tmp/ccGMfcE0.ltrans0.ltrans.o
 .rodata.AsciiPrint.constprop.17.str1.1
                0x0000000000013d18       0x58 /tmp/ccGMfcE0.ltrans0.ltrans.o
 .rodata.AsciiSPrint.constprop.67.str1.1
                0x0000000000013d70       0x18 /tmp/ccGMfcE0.ltrans0.ltrans.o
 .rodata.BasePrintLibSPrintMarker.constprop.69.str1.1
                0x0000000000013d88      0x227 /tmp/ccGMfcE0.ltrans0.ltrans.o
 .rodata.BmCollectKeyOptions.str1.1
                0x0000000000013faf       0x3c /tmp/ccGMfcE0.ltrans0.ltrans.o
 *fill*         0x0000000000013feb        0x1 
 .rodata.BmCollectKeyOptions.str2.2
                0x0000000000013fec       0x12 /tmp/ccGMfcE0.ltrans0.ltrans.o
 .rodata.BmCollectLoadOptions.str1.1
                0x0000000000013ffe       0x1f /tmp/ccGMfcE0.ltrans0.ltrans.o
 .rodata.BmDisplayMessages.str1.1
                0x000000000001401d       0x6a /tmp/ccGMfcE0.ltrans0.ltrans.o
 *fill*         0x0000000000014087        0x1 
 .rodata.BmDisplayMessages.str2.2
                0x0000000000014088       0x2c /tmp/ccGMfcE0.ltrans0.ltrans.o
 .rodata.BmForEachVariable.str1.1
                0x00000000000140b4       0x15 /tmp/ccGMfcE0.ltrans0.ltrans.o
 .rodata.BmGetBootDescription.str1.1
                0x00000000000140c9       0x38 /tmp/ccGMfcE0.ltrans0.ltrans.o
 .rodata.BmGetControllerName.str1.1
                0x0000000000014101        0xa /tmp/ccGMfcE0.ltrans0.ltrans.o
                                          0xb (size before relaxing)
 *fill*         0x000000000001410b        0x1 
 .rodata.BmGetControllerName.str2.2
                0x000000000001410c       0x1a /tmp/ccGMfcE0.ltrans0.ltrans.o
                                         0x24 (size before relaxing)
 .rodata.BmGetDescriptionFromDiskInfo.str2.2
                0x0000000000014126       0x2c /tmp/ccGMfcE0.ltrans0.ltrans.o
 .rodata.BmGetFreeOptionNumber.str1.1
                0x0000000000014152       0x92 /tmp/ccGMfcE0.ltrans0.ltrans.o
 .rodata.BmGetFreeOptionNumber.str2.2
                0x00000000000141e4       0x12 /tmp/ccGMfcE0.ltrans0.ltrans.o
 .rodata.BmGetMiscDescription.str1.1
                0x00000000000141f6       0x92 /tmp/ccGMfcE0.ltrans0.ltrans.o
                                         0x1b (size before relaxing)
 .rodata.BmGetMiscDescription.str2.2
                0x00000000000141f6       0xc8 /tmp/ccGMfcE0.ltrans0.ltrans.o
 .rodata.BmGetNetworkDescription.str1.1
                0x00000000000142be       0x56 /tmp/ccGMfcE0.ltrans0.ltrans.o
                                         0x72 (size before relaxing)
 .rodata.BmGetNetworkDescription.str2.2
                0x0000000000014314       0xb4 /tmp/ccGMfcE0.ltrans0.ltrans.o
 .rodata.BmGetNextLoadOptionBuffer.str1.1
                0x00000000000143c8       0x13 /tmp/ccGMfcE0.ltrans0.ltrans.o
                                         0x15 (size before relaxing)
 .rodata.BmGetSingleControllerHealthStatus.str1.1
                0x00000000000143db       0x98 /tmp/ccGMfcE0.ltrans0.ltrans.o
 *fill*         0x0000000000014473        0x1 
 .rodata.BmGetUsbDescription.str2.2
                0x0000000000014474        0x4 /tmp/ccGMfcE0.ltrans0.ltrans.o
 .rodata.BmHotkeyCallback.str1.1
                0x0000000000014478       0xad /tmp/ccGMfcE0.ltrans0.ltrans.o
 .rodata.BmPrintDp.str1.1
                0x0000000000014525        0x3 /tmp/ccGMfcE0.ltrans0.ltrans.o
 .rodata.BmProcessKeyOption.str1.1
                0x0000000000014528       0x66 /tmp/ccGMfcE0.ltrans0.ltrans.o
 .rodata.BmRegisterHotkeyNotify.str1.1
                0x000000000001458e       0x30 /tmp/ccGMfcE0.ltrans0.ltrans.o
 .rodata.BmRepairAllControllers.str1.1
                0x00000000000145be       0x76 /tmp/ccGMfcE0.ltrans0.ltrans.o
 .rodata.BmRepairNotify.str1.1
                0x0000000000014634       0x1a /tmp/ccGMfcE0.ltrans0.ltrans.o
 .rodata.BmRepairNotify.str2.2
                0x000000000001464e       0x34 /tmp/ccGMfcE0.ltrans0.ltrans.o
 .rodata.BmStopHotkeyService.str1.1
                0x0000000000014682       0xa5 /tmp/ccGMfcE0.ltrans0.ltrans.o
 .rodata.CompareMem.str1.1
                0x0000000000014727      0x111 /tmp/ccGMfcE0.ltrans0.ltrans.o
 .rodata.DivU64x32.constprop.53.str1.1
                0x0000000000014838       0x4a /tmp/ccGMfcE0.ltrans0.ltrans.o
 .rodata.EfiAcquireLock.constprop.23.str1.1
                0x0000000000014882       0x1e /tmp/ccGMfcE0.ltrans0.ltrans.o
 .rodata.EfiBootManagerAddKeyOptionVariable.constprop.5.str2.2
                0x00000000000148a0       0x10 /tmp/ccGMfcE0.ltrans0.ltrans.o
 .rodata.EfiBootManagerAddLoadOptionVariable.str1.1
                0x00000000000148b0       0x1f /tmp/ccGMfcE0.ltrans0.ltrans.o
 .rodata.EfiBootManagerBoot.str1.1
                0x00000000000148cf      0x27f /tmp/ccGMfcE0.ltrans0.ltrans.o
 .rodata.EfiBootManagerBoot.str2.2
                0x0000000000014b4e       0x44 /tmp/ccGMfcE0.ltrans0.ltrans.o
 .rodata.EfiBootManagerDeleteLoadOptionVariable.str1.1
                0x0000000000014b92       0xc0 /tmp/ccGMfcE0.ltrans0.ltrans.o
 .rodata.EfiBootManagerDeleteLoadOptionVariable.str2.2
                0x0000000000014c52        0xe /tmp/ccGMfcE0.ltrans0.ltrans.o
 .rodata.EfiBootManagerGetBootManagerMenu.str1.1
                0x0000000000014c60       0xa4 /tmp/ccGMfcE0.ltrans0.ltrans.o
 .rodata.EfiBootManagerGetBootManagerMenu.str2.2
                0x0000000000014d04       0x24 /tmp/ccGMfcE0.ltrans0.ltrans.o
 .rodata.EfiBootManagerGetDriverHealthInfo.str1.1
                0x0000000000014d28       0x24 /tmp/ccGMfcE0.ltrans0.ltrans.o
 .rodata.EfiBootManagerGetLoadOptions.str1.1
                0x0000000000014d4c       0x7f /tmp/ccGMfcE0.ltrans0.ltrans.o
                                         0x97 (size before relaxing)
 .rodata.EfiBootManagerLoadOptionToVariable.str1.1
                0x0000000000014dcb       0x19 /tmp/ccGMfcE0.ltrans0.ltrans.o
 .rodata.EfiBootManagerProcessLoadOption.str1.1
                0x0000000000014de4       0x34 /tmp/ccGMfcE0.ltrans0.ltrans.o
 .rodata.EfiBootManagerVariableToLoadOptionEx.part.7.str1.1
                0x0000000000014e18       0x23 /tmp/ccGMfcE0.ltrans0.ltrans.o
 .rodata.EfiCreateEventReadyToBootEx.constprop.25.str1.1
                0x0000000000014e3b       0x67 /tmp/ccGMfcE0.ltrans0.ltrans.o
 .rodata.EfiGetNameGuidFromFwVolDevicePathNode.str1.1
                0x0000000000014ea2       0x21 /tmp/ccGMfcE0.ltrans0.ltrans.o
 .rodata.EfiReleaseLock.constprop.24.str1.1
                0x0000000000014ec3       0x59 /tmp/ccGMfcE0.ltrans0.ltrans.o
 .rodata.EndPerformanceMeasurementEx.constprop.43.str1.1
                0x0000000000014f1c       0x72 /tmp/ccGMfcE0.ltrans0.ltrans.o
 .rodata.FileDevicePath.constprop.34.str2.2
                0x0000000000014f8e       0x2e /tmp/ccGMfcE0.ltrans0.ltrans.o
 .rodata.FilterAndProcess.constprop.4.str1.1
                0x0000000000014fbc       0x75 /tmp/ccGMfcE0.ltrans0.ltrans.o
 .rodata.GetFirstNode.str1.1
                0x0000000000015031       0x22 /tmp/ccGMfcE0.ltrans0.ltrans.o
 .rodata.GetSectionFromFv.constprop.21.str1.1
                0x0000000000015053       0x7e /tmp/ccGMfcE0.ltrans0.ltrans.o
                                         0x9a (size before relaxing)
 .rodata.InternalBaseLibIsListValid.str1.1
                0x00000000000150d1       0x7f /tmp/ccGMfcE0.ltrans0.ltrans.o
                                         0x94 (size before relaxing)
 .rodata.PlatformBootManagerAfterConsole.str1.1
                0x0000000000015150      0x124 /tmp/ccGMfcE0.ltrans0.ltrans.o
 .rodata.PlatformBootManagerAfterConsole.str2.2
                0x0000000000015274       0x22 /tmp/ccGMfcE0.ltrans0.ltrans.o
 .rodata.PlatformBootManagerWaitCallback.str2.2
                0x0000000000015296        0x4 /tmp/ccGMfcE0.ltrans0.ltrans.o
 .rodata.PrintXY.constprop.51.str1.1
                0x000000000001529a       0xd6 /tmp/ccGMfcE0.ltrans0.ltrans.o
 .rodata.PrintXY.constprop.51.str2.2
                0x0000000000015370       0x4c /tmp/ccGMfcE0.ltrans0.ltrans.o
 .rodata.RemoveEntryList.str1.1
                0x00000000000153bc       0x3b /tmp/ccGMfcE0.ltrans0.ltrans.o
 .rodata.ReportStatusCodeEx.constprop.40.str1.1
                0x00000000000153f7       0xd6 /tmp/ccGMfcE0.ltrans0.ltrans.o
 .rodata.SetMem.constprop.49.str1.1
                0x00000000000154cd       0x85 /tmp/ccGMfcE0.ltrans0.ltrans.o
 .rodata.StrCpyS.constprop.20.str1.1
                0x0000000000015552      0x140 /tmp/ccGMfcE0.ltrans0.ltrans.o
 .rodata.UefiDevicePathLibConvertDevicePathToText.constprop.56.str2.2
                0x0000000000015692        0x4 /tmp/ccGMfcE0.ltrans0.ltrans.o
 .rodata.UnicodeVSPrintAsciiFormat.constprop.19.str1.1
                0x0000000000015696       0x87 /tmp/ccGMfcE0.ltrans0.ltrans.o
 .rodata.UnicodeValueToStringS.constprop.0.str1.1
                0x000000000001571d       0xc4 /tmp/ccGMfcE0.ltrans0.ltrans.o
 .rodata.WriteUnaligned16.str1.1
                0x00000000000157e1       0x41 /tmp/ccGMfcE0.ltrans0.ltrans.o
                                         0x58 (size before relaxing)
 .rodata.ZeroMem.str1.1
                0x0000000000015822       0x84 /tmp/ccGMfcE0.ltrans0.ltrans.o
 .rodata.__FUNCTION__.15236
                0x00000000000158a6       0x11 /tmp/ccGMfcE0.ltrans0.ltrans.o
 .rodata.__FUNCTION__.15248
                0x00000000000158b7        0xa /tmp/ccGMfcE0.ltrans0.ltrans.o
 .rodata.__FUNCTION__.15255
                0x00000000000158c1        0x9 /tmp/ccGMfcE0.ltrans0.ltrans.o
 .rodata.__FUNCTION__.18445
                0x00000000000158ca       0x17 /tmp/ccGMfcE0.ltrans0.ltrans.o
 .rodata._gPcd_FixedAtBuild_PcdBootManagerMenuFile
                0x00000000000158e1       0x10 /tmp/ccGMfcE0.ltrans0.ltrans.o
                0x00000000000158e1                _gPcd_FixedAtBuild_PcdBootManagerMenuFile
 .rodata._gPcd_FixedAtBuild_PcdDriverHealthConfigureForm
                0x00000000000158f1       0x10 /tmp/ccGMfcE0.ltrans0.ltrans.o
 *fill*         0x0000000000015901        0x7 
 .rodata.mBdsLoadOptionName
                0x0000000000015908       0x20 /tmp/ccGMfcE0.ltrans0.ltrans.o
                0x0000000000015908                mBdsLoadOptionName
 .rodata.mBmBootDescriptionHandlers
                0x0000000000015928       0x30 /tmp/ccGMfcE0.ltrans0.ltrans.o
 .rodata.mBmHealthStatusText
                0x0000000000015958       0x30 /tmp/ccGMfcE0.ltrans0.ltrans.o
 .rodata.mBmLoadOptionOrderName
                0x0000000000015988       0x20 /tmp/ccGMfcE0.ltrans0.ltrans.o
 .rodata.mStatusString
                0x00000000000159a8      0x138 /tmp/ccGMfcE0.ltrans0.ltrans.o
 .rodata.mUefiDevicePathLibToTextTable
                0x0000000000015ae0      0x320 /tmp/ccGMfcE0.ltrans0.ltrans.o
 .rodata.str1.1
                0x0000000000015e00      0x224 /tmp/ccGMfcE0.ltrans0.ltrans.o
                                        0x235 (size before relaxing)
 .rodata.str2.2
                0x0000000000016024      0x116 /tmp/ccGMfcE0.ltrans0.ltrans.o
                                        0x138 (size before relaxing)
 *fill*         0x000000000001613a        0x2 
 .rodata.DevPathToTextBBS
                0x000000000001613c        0x6 /tmp/ccGMfcE0.ltrans1.ltrans.o
 *fill*         0x0000000000016142        0x2 
 .rodata.DevPathToTextUart
                0x0000000000016144        0x4 /tmp/ccGMfcE0.ltrans1.ltrans.o
 .rodata.AsciiStrLen.str1.1
                0x0000000000016148       0x89 /tmp/ccGMfcE0.ltrans1.ltrans.o
 .rodata.AsciiStrToUnicodeStrS.str1.1
                0x00000000000161d1       0x64 /tmp/ccGMfcE0.ltrans1.ltrans.o
                                         0xfe (size before relaxing)
 .rodata.AsciiStrnCmp.str1.1
                0x0000000000016235       0x70 /tmp/ccGMfcE0.ltrans1.ltrans.o
 .rodata.BdsEntry.str1.1
                0x00000000000162a5      0x406 /tmp/ccGMfcE0.ltrans1.ltrans.o
                                        0x573 (size before relaxing)
 *fill*         0x00000000000166ab        0x1 
 .rodata.BdsEntry.str2.2
                0x00000000000166ac      0x12e /tmp/ccGMfcE0.ltrans1.ltrans.o
                                        0x178 (size before relaxing)
 .rodata.BdsFormalizeConsoleVariable.str1.1
                0x00000000000167da       0x43 /tmp/ccGMfcE0.ltrans1.ltrans.o
 .rodata.BmDestroyRamDisk.str1.1
                0x000000000001681d       0x82 /tmp/ccGMfcE0.ltrans1.ltrans.o
 .rodata.BmEndOfBdsPerfCode.str1.1
                0x000000000001689f        0x4 /tmp/ccGMfcE0.ltrans1.ltrans.o
 .rodata.BmExpandLoadFile.str1.1
                0x00000000000168a3       0x56 /tmp/ccGMfcE0.ltrans1.ltrans.o
 .rodata.BmExpandMediaDevicePath.str1.1
                0x00000000000168f9       0x21 /tmp/ccGMfcE0.ltrans1.ltrans.o
                                         0x6c (size before relaxing)
 .rodata.BmGetNextLoadOptionDevicePath.str1.1
                0x000000000001691a       0x19 /tmp/ccGMfcE0.ltrans1.ltrans.o
 *fill*         0x0000000000016933        0x1 
 .rodata.BmGetNextLoadOptionDevicePath.str2.2
                0x0000000000016934        0xa /tmp/ccGMfcE0.ltrans1.ltrans.o
 .rodata.BmUpdateSystemTableConsole.str1.1
                0x000000000001693e       0xa2 /tmp/ccGMfcE0.ltrans1.ltrans.o
                                         0xc0 (size before relaxing)
 .rodata.CSWTCH.42
                0x00000000000169e0        0x6 /tmp/ccGMfcE0.ltrans1.ltrans.o
 .rodata.CatIPv4Address.str2.2
                0x00000000000169e6       0x18 /tmp/ccGMfcE0.ltrans1.ltrans.o
 .rodata.CatIPv6Address.str2.2
                0x00000000000169fe       0x90 /tmp/ccGMfcE0.ltrans1.ltrans.o
 .rodata.CatNetworkProtocol.str2.2
                0x0000000000016a8e        0x8 /tmp/ccGMfcE0.ltrans1.ltrans.o
                                         0x12 (size before relaxing)
 .rodata.CheckDeferredLoadImageOnReadyToBoot.str1.1
                0x0000000000016a96       0x2e /tmp/ccGMfcE0.ltrans1.ltrans.o
 .rodata.CompareGuid.str1.1
                0x0000000000016ac4       0x7a /tmp/ccGMfcE0.ltrans1.ltrans.o
 .rodata.CopyGuid.str1.1
                0x0000000000016b3e       0x3b /tmp/ccGMfcE0.ltrans1.ltrans.o
 .rodata.CopyMem.str1.1
                0x0000000000016b79       0x4e /tmp/ccGMfcE0.ltrans1.ltrans.o
                                         0xcf (size before relaxing)
 .rodata.DebugAssert.str1.1
                0x0000000000016bc7        0x7 /tmp/ccGMfcE0.ltrans1.ltrans.o
                                         0x1f (size before relaxing)
 .rodata.DevPathRelativeOffsetRange.str2.2
                0x0000000000016bce       0x28 /tmp/ccGMfcE0.ltrans1.ltrans.o
 .rodata.DevPathToText1394.str2.2
                0x0000000000016bf6       0x1c /tmp/ccGMfcE0.ltrans1.ltrans.o
 .rodata.DevPathToTextAcpi.str2.2
                0x0000000000016c12       0xc2 /tmp/ccGMfcE0.ltrans1.ltrans.o
 .rodata.DevPathToTextAcpiAdr.str2.2
                0x0000000000016cd4       0x26 /tmp/ccGMfcE0.ltrans1.ltrans.o
 .rodata.DevPathToTextAcpiEx.str2.2
                0x0000000000016cfa      0x12c /tmp/ccGMfcE0.ltrans1.ltrans.o
                                        0x148 (size before relaxing)
 .rodata.DevPathToTextAtapi.str2.2
                0x0000000000016e26       0x72 /tmp/ccGMfcE0.ltrans1.ltrans.o
 .rodata.DevPathToTextBBS.str2.2
                0x0000000000016e98       0x58 /tmp/ccGMfcE0.ltrans1.ltrans.o
                                         0x80 (size before relaxing)
 .rodata.DevPathToTextBluetooth.str2.2
                0x0000000000016ef0       0x48 /tmp/ccGMfcE0.ltrans1.ltrans.o
 .rodata.DevPathToTextBluetoothLE.str2.2
                0x0000000000016f38       0x5a /tmp/ccGMfcE0.ltrans1.ltrans.o
 .rodata.DevPathToTextBmc.str2.2
                0x0000000000016f92       0x20 /tmp/ccGMfcE0.ltrans1.ltrans.o
 .rodata.DevPathToTextCDROM.str2.2
                0x0000000000016fb2       0x48 /tmp/ccGMfcE0.ltrans1.ltrans.o
 .rodata.DevPathToTextController.str2.2
                0x0000000000016ffa       0x16 /tmp/ccGMfcE0.ltrans1.ltrans.o
 .rodata.DevPathToTextDns.str2.2
                0x0000000000017010        0xa /tmp/ccGMfcE0.ltrans1.ltrans.o
 .rodata.DevPathToTextEmmc.str2.2
                0x000000000001701a       0x16 /tmp/ccGMfcE0.ltrans1.ltrans.o
 .rodata.DevPathToTextFibre.str2.2
                0x0000000000017030       0x26 /tmp/ccGMfcE0.ltrans1.ltrans.o
 .rodata.DevPathToTextFibreEx.str2.2
                0x0000000000017056       0x16 /tmp/ccGMfcE0.ltrans1.ltrans.o
 .rodata.DevPathToTextFilePath.str2.2
                0x000000000001706c        0x6 /tmp/ccGMfcE0.ltrans1.ltrans.o
 .rodata.DevPathToTextFv.str2.2
                0x0000000000017072        0xe /tmp/ccGMfcE0.ltrans1.ltrans.o
 .rodata.DevPathToTextFvFile.str2.2
                0x0000000000017080       0x16 /tmp/ccGMfcE0.ltrans1.ltrans.o
 .rodata.DevPathToTextHardDrive.str2.2
                0x0000000000017096       0x64 /tmp/ccGMfcE0.ltrans1.ltrans.o
                                         0x7e (size before relaxing)
 .rodata.DevPathToTextI2O.str2.2
                0x00000000000170fa       0x14 /tmp/ccGMfcE0.ltrans1.ltrans.o
 .rodata.DevPathToTextIPv4.str2.2
                0x000000000001710e       0x24 /tmp/ccGMfcE0.ltrans1.ltrans.o
 .rodata.DevPathToTextIPv6.str2.2
                0x0000000000017132       0x80 /tmp/ccGMfcE0.ltrans1.ltrans.o
                                         0x8e (size before relaxing)
 .rodata.DevPathToTextInfiniBand.str2.2
                0x00000000000171b2       0x4c /tmp/ccGMfcE0.ltrans1.ltrans.o
 .rodata.DevPathToTextLogicalUnit.str2.2
                0x00000000000171fe       0x16 /tmp/ccGMfcE0.ltrans1.ltrans.o
 .rodata.DevPathToTextMacAddr.str2.2
                0x0000000000017214        0xa /tmp/ccGMfcE0.ltrans1.ltrans.o
 .rodata.DevPathToTextMediaProtocol.str2.2
                0x000000000001721e       0x14 /tmp/ccGMfcE0.ltrans1.ltrans.o
 .rodata.DevPathToTextMemMap.str2.2
                0x0000000000017232       0x3e /tmp/ccGMfcE0.ltrans1.ltrans.o
 .rodata.DevPathToTextNVMe.str2.2
                0x0000000000017270       0x66 /tmp/ccGMfcE0.ltrans1.ltrans.o
 .rodata.DevPathToTextNodeGeneric.str2.2
                0x00000000000172d6       0x22 /tmp/ccGMfcE0.ltrans1.ltrans.o
                                         0x34 (size before relaxing)
 .rodata.DevPathToTextPccard.str2.2
                0x00000000000172f8       0x1a /tmp/ccGMfcE0.ltrans1.ltrans.o
 .rodata.DevPathToTextPci.str2.2
                0x0000000000017312       0x1e /tmp/ccGMfcE0.ltrans1.ltrans.o
 .rodata.DevPathToTextRamDisk.str2.2
                0x0000000000017330       0xca /tmp/ccGMfcE0.ltrans1.ltrans.o
                                        0x136 (size before relaxing)
 .rodata.DevPathToTextSasEx.str2.2
                0x00000000000173fa       0xb4 /tmp/ccGMfcE0.ltrans1.ltrans.o
                                         0xc0 (size before relaxing)
 .rodata.DevPathToTextSata.str2.2
                0x00000000000174ae       0x2a /tmp/ccGMfcE0.ltrans1.ltrans.o
 .rodata.DevPathToTextScsi.str2.2
                0x00000000000174d8       0x20 /tmp/ccGMfcE0.ltrans1.ltrans.o
 .rodata.DevPathToTextSd.str2.2
                0x00000000000174f8       0x12 /tmp/ccGMfcE0.ltrans1.ltrans.o
 .rodata.DevPathToTextUart.str2.2
                0x000000000001750a       0x5c /tmp/ccGMfcE0.ltrans1.ltrans.o
                                         0x74 (size before relaxing)
 .rodata.DevPathToTextUfs.str2.2
                0x0000000000017566       0x1e /tmp/ccGMfcE0.ltrans1.ltrans.o
 .rodata.DevPathToTextUri.str1.1
                0x0000000000017584       0x17 /tmp/ccGMfcE0.ltrans1.ltrans.o
 *fill*         0x000000000001759b        0x1 
 .rodata.DevPathToTextUri.str2.2
                0x000000000001759c       0x10 /tmp/ccGMfcE0.ltrans1.ltrans.o
 .rodata.DevPathToTextUsb.str2.2
                0x00000000000175ac       0x1e /tmp/ccGMfcE0.ltrans1.ltrans.o
 .rodata.DevPathToTextUsbClass.str2.2
                0x00000000000175ca      0x250 /tmp/ccGMfcE0.ltrans1.ltrans.o
 .rodata.DevPathToTextUsbWWID.str1.1
                0x000000000001781a       0x17 /tmp/ccGMfcE0.ltrans1.ltrans.o
 *fill*         0x0000000000017831        0x1 
 .rodata.DevPathToTextUsbWWID.str2.2
                0x0000000000017832       0x3a /tmp/ccGMfcE0.ltrans1.ltrans.o
 .rodata.DevPathToTextVendor.str2.2
                0x000000000001786c      0x154 /tmp/ccGMfcE0.ltrans1.ltrans.o
                                        0x166 (size before relaxing)
 .rodata.DevPathToTextVlan.str2.2
                0x00000000000179c0       0x12 /tmp/ccGMfcE0.ltrans1.ltrans.o
 .rodata.DevPathToTextWiFi.str2.2
                0x00000000000179d2       0x14 /tmp/ccGMfcE0.ltrans1.ltrans.o
 .rodata.DevPathToTextiSCSI.str2.2
                0x00000000000179e6       0x76 /tmp/ccGMfcE0.ltrans1.ltrans.o
                                         0x90 (size before relaxing)
 .rodata.DevicePathNodeLength.str1.1
                0x0000000000017a5c       0x17 /tmp/ccGMfcE0.ltrans1.ltrans.o
                                         0x15 (size before relaxing)
 .rodata.EfiBootManagerConnectAllDefaultConsoles.str1.1
                0x0000000000017a5c       0x23 /tmp/ccGMfcE0.ltrans1.ltrans.o
 *fill*         0x0000000000017a7f        0x1 
 .rodata.EfiBootManagerConnectAllDefaultConsoles.str2.2
                0x0000000000017a80       0x28 /tmp/ccGMfcE0.ltrans1.ltrans.o
 .rodata.EfiBootManagerConnectDevicePath.str1.1
                0x0000000000017aa8       0x9d /tmp/ccGMfcE0.ltrans1.ltrans.o
 .rodata.FreePages.str1.1
                0x0000000000017b45        0xb /tmp/ccGMfcE0.ltrans1.ltrans.o
 .rodata.FreePool.str1.1
                0x0000000000017b50       0x57 /tmp/ccGMfcE0.ltrans1.ltrans.o
                                         0x8c (size before relaxing)
 .rodata.GetBestLanguage.str1.1
                0x0000000000017ba7       0x23 /tmp/ccGMfcE0.ltrans1.ltrans.o
 .rodata.GetHobList.str1.1
                0x0000000000017bca       0x19 /tmp/ccGMfcE0.ltrans1.ltrans.o
                                         0x55 (size before relaxing)
 .rodata.GetPerformanceMeasurementProtocol.str1.1
                0x0000000000017be3       0x27 /tmp/ccGMfcE0.ltrans1.ltrans.o
                                         0x7c (size before relaxing)
 .rodata.GetVariable2.str1.1
                0x0000000000017c0a       0x5d /tmp/ccGMfcE0.ltrans1.ltrans.o
                                         0x98 (size before relaxing)
 .rodata.InitializeLangVariable.str1.1
                0x0000000000017c67       0x8b /tmp/ccGMfcE0.ltrans1.ltrans.o
 .rodata.InternalAllocateCopyPool.str1.1
                0x0000000000017cf2       0x3f /tmp/ccGMfcE0.ltrans1.ltrans.o
 .rodata.Print.str1.1
                0x0000000000017d31       0x23 /tmp/ccGMfcE0.ltrans1.ltrans.o
                                         0x92 (size before relaxing)
 .rodata.ProcessLoadOptions.str1.1
                0x0000000000017d54       0x55 /tmp/ccGMfcE0.ltrans1.ltrans.o
 .rodata.SPrintLength.str1.1
                0x0000000000017da9       0x27 /tmp/ccGMfcE0.ltrans1.ltrans.o
                                         0x68 (size before relaxing)
 .rodata.SetDevicePathNodeLength.str1.1
                0x0000000000017dd0       0x98 /tmp/ccGMfcE0.ltrans1.ltrans.o
 .rodata.StrCatS.str1.1
                0x0000000000017e68       0x61 /tmp/ccGMfcE0.ltrans1.ltrans.o
                                        0x107 (size before relaxing)
 .rodata.StrLen.str1.1
                0x0000000000017ec9       0x3a /tmp/ccGMfcE0.ltrans1.ltrans.o
 .rodata.StrnCmp.str1.1
                0x0000000000017f03       0x72 /tmp/ccGMfcE0.ltrans1.ltrans.o
 .rodata.StrnLenS.str1.1
                0x0000000000017f75       0x23 /tmp/ccGMfcE0.ltrans1.ltrans.o
 .rodata.UefiDevicePathLibCatPrint.str1.1
                0x0000000000017f75       0x67 /tmp/ccGMfcE0.ltrans1.ltrans.o
 .rodata.UnicodeVSPrint.str1.1
                0x0000000000017fdc       0x28 /tmp/ccGMfcE0.ltrans1.ltrans.o
 .rodata._ModuleEntryPoint.str1.1
                0x0000000000017fdc      0x285 /tmp/ccGMfcE0.ltrans1.ltrans.o
 .rodata.__FUNCTION__.18591
                0x0000000000018261       0x11 /tmp/ccGMfcE0.ltrans1.ltrans.o
 .rodata.__stack_chk_fail.str1.1
                0x0000000000018272       0x2e /tmp/ccGMfcE0.ltrans1.ltrans.o
 .rodata._gPcd_FixedAtBuild_PcdFirmwareVendor
                0x00000000000182a0        0xe /tmp/ccGMfcE0.ltrans1.ltrans.o
 .rodata._gPcd_FixedAtBuild_PcdUefiVariableDefaultLang
                0x00000000000182ae        0x4 /tmp/ccGMfcE0.ltrans1.ltrans.o
 .rodata._gPcd_FixedAtBuild_PcdUefiVariableDefaultLangCodes
                0x00000000000182b2        0xd /tmp/ccGMfcE0.ltrans1.ltrans.o
 .rodata._gPcd_FixedAtBuild_PcdUefiVariableDefaultPlatformLang
                0x00000000000182bf        0x6 /tmp/ccGMfcE0.ltrans1.ltrans.o
 .rodata._gPcd_FixedAtBuild_PcdUefiVariableDefaultPlatformLangCodes
                0x00000000000182c5       0x12 /tmp/ccGMfcE0.ltrans1.ltrans.o
 *fill*         0x00000000000182d7        0x1 
 .rodata.mConVarName
                0x00000000000182d8       0x30 /tmp/ccGMfcE0.ltrans1.ltrans.o
 .rodata.mHexStr
                0x0000000000018308       0x10 /tmp/ccGMfcE0.ltrans1.ltrans.o
 .rodata.mReadOnlyVariables
                0x0000000000018318       0x28 /tmp/ccGMfcE0.ltrans1.ltrans.o
 .rodata.mUefiDevicePathLibEndDevicePath
                0x0000000000018340        0x4 /tmp/ccGMfcE0.ltrans1.ltrans.o
 *fill*         0x0000000000018344        0x4 
 .rodata.mUefiDevicePathLibToTextTableGeneric
                0x0000000000018348       0x60 /tmp/ccGMfcE0.ltrans1.ltrans.o
 .rodata.str2.2
                0x00000000000183a8       0xaa /tmp/ccGMfcE0.ltrans1.ltrans.o
 *(.got .got.*)
 *fill*         0x0000000000018452        0x6 
 .got           0x0000000000018458        0x8 /mnt/e/git/for-build/edk2/ArmPkg/Library/GccLto/liblto-aarch64.a
                0x0000000000018458                _GLOBAL_OFFSET_TABLE_
 .got.plt       0x0000000000018460       0x18 /mnt/e/git/for-build/edk2/ArmPkg/Library/GccLto/liblto-aarch64.a
 *:AutoGen.obj(.data.g*Guid)

.plt            0x0000000000018478        0x0
 .plt           0x0000000000018478        0x0 /mnt/e/git/for-build/edk2/ArmPkg/Library/GccLto/liblto-aarch64.a

.data           0x0000000000019000      0x928
 *(.data .data.* .gnu.linkonce.d.*)
 .data.rel.ro   0x0000000000019000        0x0 /mnt/e/git/for-build/edk2/ArmPkg/Library/GccLto/liblto-aarch64.a
 .data.Fallback.15238
                0x0000000000019000       0x34 /tmp/ccGMfcE0.ltrans0.ltrans.o
 .data.font5x12
                0x0000000000019034      0x300 /tmp/ccGMfcE0.ltrans0.ltrans.o
 .data.gEdkiiBootLogo2ProtocolGuid
                0x0000000000019334       0x10 /tmp/ccGMfcE0.ltrans0.ltrans.o
 .data.gEdkiiPlatformBootManagerProtocolGuid
                0x0000000000019344       0x10 /tmp/ccGMfcE0.ltrans0.ltrans.o
 .data.gEdkiiPlatformLogoProtocolGuid
                0x0000000000019354       0x10 /tmp/ccGMfcE0.ltrans0.ltrans.o
 .data.gEdkiiStatusCodeDataTypeVariableGuid
                0x0000000000019364       0x10 /tmp/ccGMfcE0.ltrans0.ltrans.o
 .data.gEdkiiVariableLockProtocolGuid
                0x0000000000019374       0x10 /tmp/ccGMfcE0.ltrans0.ltrans.o
                0x0000000000019374                gEdkiiVariableLockProtocolGuid
 .data.gEfiBlockIoProtocolGuid
                0x0000000000019384       0x10 /tmp/ccGMfcE0.ltrans0.ltrans.o
                0x0000000000019384                gEfiBlockIoProtocolGuid
 .data.gEfiBootLogoProtocolGuid
                0x0000000000019394       0x10 /tmp/ccGMfcE0.ltrans0.ltrans.o
 .data.gEfiCallerIdGuid
                0x00000000000193a4       0x10 /tmp/ccGMfcE0.ltrans0.ltrans.o
                0x00000000000193a4                gEfiCallerIdGuid
 .data.gEfiComponentName2ProtocolGuid
                0x00000000000193b4       0x10 /tmp/ccGMfcE0.ltrans0.ltrans.o
 .data.gEfiComponentNameProtocolGuid
                0x00000000000193c4       0x10 /tmp/ccGMfcE0.ltrans0.ltrans.o
 .data.gEfiDevicePathProtocolGuid
                0x00000000000193d4       0x10 /tmp/ccGMfcE0.ltrans0.ltrans.o
                0x00000000000193d4                gEfiDevicePathProtocolGuid
 .data.gEfiDiskInfoAhciInterfaceGuid
                0x00000000000193e4       0x10 /tmp/ccGMfcE0.ltrans0.ltrans.o
 .data.gEfiDiskInfoIdeInterfaceGuid
                0x00000000000193f4       0x10 /tmp/ccGMfcE0.ltrans0.ltrans.o
 .data.gEfiDiskInfoProtocolGuid
                0x0000000000019404       0x10 /tmp/ccGMfcE0.ltrans0.ltrans.o
 .data.gEfiDiskInfoScsiInterfaceGuid
                0x0000000000019414       0x10 /tmp/ccGMfcE0.ltrans0.ltrans.o
 .data.gEfiDiskInfoSdMmcInterfaceGuid
                0x0000000000019424       0x10 /tmp/ccGMfcE0.ltrans0.ltrans.o
 .data.gEfiDriverHealthProtocolGuid
                0x0000000000019434       0x10 /tmp/ccGMfcE0.ltrans0.ltrans.o
 .data.gEfiEventReadyToBootGuid
                0x0000000000019444       0x10 /tmp/ccGMfcE0.ltrans0.ltrans.o
                0x0000000000019444                gEfiEventReadyToBootGuid
 .data.gEfiFileInfoGuid
                0x0000000000019454       0x10 /tmp/ccGMfcE0.ltrans0.ltrans.o
 .data.gEfiFirmwareVolume2ProtocolGuid
                0x0000000000019464       0x10 /tmp/ccGMfcE0.ltrans0.ltrans.o
                0x0000000000019464                gEfiFirmwareVolume2ProtocolGuid
 .data.gEfiFormBrowser2ProtocolGuid
                0x0000000000019474       0x10 /tmp/ccGMfcE0.ltrans0.ltrans.o
 .data.gEfiGlobalVariableGuid
                0x0000000000019484       0x10 /tmp/ccGMfcE0.ltrans0.ltrans.o
                0x0000000000019484                gEfiGlobalVariableGuid
 .data.gEfiGraphicsOutputProtocolGuid
                0x0000000000019494       0x10 /tmp/ccGMfcE0.ltrans0.ltrans.o
                0x0000000000019494                gEfiGraphicsOutputProtocolGuid
 .data.gEfiHiiFontProtocolGuid
                0x00000000000194a4       0x10 /tmp/ccGMfcE0.ltrans0.ltrans.o
                0x00000000000194a4                gEfiHiiFontProtocolGuid
 .data.gEfiLoadFileProtocolGuid
                0x00000000000194b4       0x10 /tmp/ccGMfcE0.ltrans0.ltrans.o
                0x00000000000194b4                gEfiLoadFileProtocolGuid
 .data.gEfiLoadedImageProtocolGuid
                0x00000000000194c4       0x10 /tmp/ccGMfcE0.ltrans0.ltrans.o
                0x00000000000194c4                gEfiLoadedImageProtocolGuid
 .data.gEfiMemoryTypeInformationGuid
                0x00000000000194d4       0x10 /tmp/ccGMfcE0.ltrans0.ltrans.o
 .data.gEfiNvmExpressPassThruProtocolGuid
                0x00000000000194e4       0x10 /tmp/ccGMfcE0.ltrans0.ltrans.o
 .data.gEfiSimpleFileSystemProtocolGuid
                0x00000000000194f4       0x10 /tmp/ccGMfcE0.ltrans0.ltrans.o
                0x00000000000194f4                gEfiSimpleFileSystemProtocolGuid
 .data.gEfiSimpleTextInputExProtocolGuid
                0x0000000000019504       0x10 /tmp/ccGMfcE0.ltrans0.ltrans.o
                0x0000000000019504                gEfiSimpleTextInputExProtocolGuid
 .data.gEfiSimpleTextOutProtocolGuid
                0x0000000000019514       0x10 /tmp/ccGMfcE0.ltrans0.ltrans.o
                0x0000000000019514                gEfiSimpleTextOutProtocolGuid
 .data.gEfiStatusCodeSpecificDataGuid
                0x0000000000019524       0x10 /tmp/ccGMfcE0.ltrans0.ltrans.o
 .data.gEfiUgaDrawProtocolGuid
                0x0000000000019534       0x10 /tmp/ccGMfcE0.ltrans0.ltrans.o
 .data.gEfiUsbIoProtocolGuid
                0x0000000000019544       0x10 /tmp/ccGMfcE0.ltrans0.ltrans.o
                0x0000000000019544                gEfiUsbIoProtocolGuid
 .data.gEsrtManagementProtocolGuid
                0x0000000000019554       0x10 /tmp/ccGMfcE0.ltrans0.ltrans.o
                0x0000000000019554                gEsrtManagementProtocolGuid
 .data.gUefiShellFileGuid
                0x0000000000019564       0x10 /tmp/ccGMfcE0.ltrans0.ltrans.o
 .data.mBmAutoCreateBootOptionGuid
                0x0000000000019574       0x10 /tmp/ccGMfcE0.ltrans0.ltrans.o
 *fill*         0x0000000000019584        0x4 
 .data.mBmHotkeyBootOption
                0x0000000000019588       0x58 /tmp/ccGMfcE0.ltrans0.ltrans.o
                0x0000000000019588                mBmHotkeyBootOption
 .data.mBmHotkeyList
                0x00000000000195e0       0x10 /tmp/ccGMfcE0.ltrans0.ltrans.o
 .data.mBmHotkeyLock
                0x00000000000195f0       0x18 /tmp/ccGMfcE0.ltrans0.ltrans.o
 .data.mBmUefiPrefix
                0x0000000000019608        0xc /tmp/ccGMfcE0.ltrans0.ltrans.o
 *fill*         0x0000000000019614        0x4 
 .data.mPlatformBootDescriptionHandlers
                0x0000000000019618       0x10 /tmp/ccGMfcE0.ltrans0.ltrans.o
 .data.__stack_chk_guard
                0x0000000000019628        0x8 /tmp/ccGMfcE0.ltrans1.ltrans.o
                0x0000000000019628                __stack_chk_guard
 .data.gBds     0x0000000000019630        0x8 /tmp/ccGMfcE0.ltrans1.ltrans.o
 .data.gEFIDroidKeypadDeviceProtocolGuid
                0x0000000000019638       0x10 /tmp/ccGMfcE0.ltrans1.ltrans.o
 .data.gEdkiiPerformanceMeasurementProtocolGuid
                0x0000000000019648       0x10 /tmp/ccGMfcE0.ltrans1.ltrans.o
 .data.gEfiBdsArchProtocolGuid
                0x0000000000019658       0x10 /tmp/ccGMfcE0.ltrans1.ltrans.o
 .data.gEfiDebugPortProtocolGuid
                0x0000000000019668       0x10 /tmp/ccGMfcE0.ltrans1.ltrans.o
 .data.gEfiDeferredImageLoadProtocolGuid
                0x0000000000019678       0x10 /tmp/ccGMfcE0.ltrans1.ltrans.o
 .data.gEfiDxeServicesTableGuid
                0x0000000000019688       0x10 /tmp/ccGMfcE0.ltrans1.ltrans.o
 .data.gEfiEndOfDxeEventGroupGuid
                0x0000000000019698       0x10 /tmp/ccGMfcE0.ltrans1.ltrans.o
 .data.gEfiHiiConfigRoutingProtocolGuid
                0x00000000000196a8       0x10 /tmp/ccGMfcE0.ltrans1.ltrans.o
 .data.gEfiHiiDatabaseProtocolGuid
                0x00000000000196b8       0x10 /tmp/ccGMfcE0.ltrans1.ltrans.o
 .data.gEfiHiiImageProtocolGuid
                0x00000000000196c8       0x10 /tmp/ccGMfcE0.ltrans1.ltrans.o
 .data.gEfiHiiStringProtocolGuid
                0x00000000000196d8       0x10 /tmp/ccGMfcE0.ltrans1.ltrans.o
 .data.gEfiHobListGuid
                0x00000000000196e8       0x10 /tmp/ccGMfcE0.ltrans1.ltrans.o
 .data.gEfiPcAnsiGuid
                0x00000000000196f8       0x10 /tmp/ccGMfcE0.ltrans1.ltrans.o
 .data.gEfiPciIoProtocolGuid
                0x0000000000019708       0x10 /tmp/ccGMfcE0.ltrans1.ltrans.o
 .data.gEfiPersistentVirtualCdGuid
                0x0000000000019718       0x10 /tmp/ccGMfcE0.ltrans1.ltrans.o
 .data.gEfiPersistentVirtualDiskGuid
                0x0000000000019728       0x10 /tmp/ccGMfcE0.ltrans1.ltrans.o
 .data.gEfiRamDiskProtocolGuid
                0x0000000000019738       0x10 /tmp/ccGMfcE0.ltrans1.ltrans.o
 .data.gEfiSasDevicePathGuid
                0x0000000000019748       0x10 /tmp/ccGMfcE0.ltrans1.ltrans.o
 .data.gEfiSimpleTextInProtocolGuid
                0x0000000000019758       0x10 /tmp/ccGMfcE0.ltrans1.ltrans.o
 .data.gEfiStatusCodeRuntimeProtocolGuid
                0x0000000000019768       0x10 /tmp/ccGMfcE0.ltrans1.ltrans.o
 .data.gEfiTtyTermGuid
                0x0000000000019778       0x10 /tmp/ccGMfcE0.ltrans1.ltrans.o
 .data.gEfiUartDevicePathGuid
                0x0000000000019788       0x10 /tmp/ccGMfcE0.ltrans1.ltrans.o
 .data.gEfiVT100Guid
                0x0000000000019798       0x10 /tmp/ccGMfcE0.ltrans1.ltrans.o
 .data.gEfiVT100PlusGuid
                0x00000000000197a8       0x10 /tmp/ccGMfcE0.ltrans1.ltrans.o
 .data.gEfiVTUTF8Guid
                0x00000000000197b8       0x10 /tmp/ccGMfcE0.ltrans1.ltrans.o
 .data.gEfiVirtualCdGuid
                0x00000000000197c8       0x10 /tmp/ccGMfcE0.ltrans1.ltrans.o
 .data.gEfiVirtualDiskGuid
                0x00000000000197d8       0x10 /tmp/ccGMfcE0.ltrans1.ltrans.o
 .data.gPcdProtocolGuid
                0x00000000000197e8       0x10 /tmp/ccGMfcE0.ltrans1.ltrans.o
 .data.mBmHardDriveBootVariableGuid
                0x00000000000197f8       0x10 /tmp/ccGMfcE0.ltrans1.ltrans.o
 .data.mSerialConsole
                0x0000000000019808       0x3f /tmp/ccGMfcE0.ltrans1.ltrans.o
 .data.mUsbKeyboard
                0x0000000000019847        0xf /tmp/ccGMfcE0.ltrans1.ltrans.o
 *(.bss .bss.*)
 *fill*         0x0000000000019856        0x2 
 .bss.gBS       0x0000000000019858        0x8 /tmp/ccGMfcE0.ltrans0.ltrans.o
                0x0000000000019858                gBS
 .bss.gHiiDatabase
                0x0000000000019860        0x8 /tmp/ccGMfcE0.ltrans0.ltrans.o
                0x0000000000019860                gHiiDatabase
 .bss.gHiiString
                0x0000000000019868        0x8 /tmp/ccGMfcE0.ltrans0.ltrans.o
                0x0000000000019868                gHiiString
 .bss.gImageHandle
                0x0000000000019870        0x8 /tmp/ccGMfcE0.ltrans0.ltrans.o
                0x0000000000019870                gImageHandle
 .bss.gRT       0x0000000000019878        0x8 /tmp/ccGMfcE0.ltrans0.ltrans.o
                0x0000000000019878                gRT
 .bss.gST       0x0000000000019880        0x8 /tmp/ccGMfcE0.ltrans0.ltrans.o
                0x0000000000019880                gST
 .bss.mBmHotkeyServiceStarted
                0x0000000000019888        0x1 /tmp/ccGMfcE0.ltrans0.ltrans.o
                0x0000000000019888                mBmHotkeyServiceStarted
 *fill*         0x0000000000019889        0x7 
 .bss.mBmHotkeySupportCount
                0x0000000000019890        0x8 /tmp/ccGMfcE0.ltrans0.ltrans.o
                0x0000000000019890                mBmHotkeySupportCount
 .bss.mBmHotkeyTriggered
                0x0000000000019898        0x8 /tmp/ccGMfcE0.ltrans0.ltrans.o
                0x0000000000019898                mBmHotkeyTriggered
 .bss.mBmTxtInExRegistration
                0x00000000000198a0        0x8 /tmp/ccGMfcE0.ltrans0.ltrans.o
                0x00000000000198a0                mBmTxtInExRegistration
 .bss.mPerformanceMeasurement
                0x00000000000198a8        0x8 /tmp/ccGMfcE0.ltrans0.ltrans.o
                0x00000000000198a8                mPerformanceMeasurement
 .bss.mReportStatusCodeLibStatusCodeProtocol
                0x00000000000198b0        0x8 /tmp/ccGMfcE0.ltrans0.ltrans.o
                0x00000000000198b0                mReportStatusCodeLibStatusCodeProtocol
 .bss.m_Color   0x00000000000198b8       0x10 /tmp/ccGMfcE0.ltrans0.ltrans.o
                0x00000000000198b8                m_Color
 .bss.m_Initialized
                0x00000000000198c8        0x1 /tmp/ccGMfcE0.ltrans0.ltrans.o
                0x00000000000198c8                m_Initialized
 *fill*         0x00000000000198c9        0x7 
 .bss.m_MaxPosition
                0x00000000000198d0       0x10 /tmp/ccGMfcE0.ltrans0.ltrans.o
                0x00000000000198d0                m_MaxPosition
 .bss.m_Position
                0x00000000000198e0       0x10 /tmp/ccGMfcE0.ltrans0.ltrans.o
                0x00000000000198e0                m_Position
 .bss.gDS       0x00000000000198f0        0x8 /tmp/ccGMfcE0.ltrans1.ltrans.o
 .bss.gHiiConfigRouting
                0x00000000000198f8        0x8 /tmp/ccGMfcE0.ltrans1.ltrans.o
 .bss.gHiiFont  0x0000000000019900        0x8 /tmp/ccGMfcE0.ltrans1.ltrans.o
 .bss.gHiiImage
                0x0000000000019908        0x8 /tmp/ccGMfcE0.ltrans1.ltrans.o
 .bss.mHobList  0x0000000000019910        0x8 /tmp/ccGMfcE0.ltrans1.ltrans.o
 .bss.mPcd      0x0000000000019918        0x8 /tmp/ccGMfcE0.ltrans1.ltrans.o
 .bss.mRamDisk  0x0000000000019920        0x8 /tmp/ccGMfcE0.ltrans1.ltrans.o

.dynbss         0x0000000000019928        0x0
 .dynbss        0x0000000000019928        0x0 /mnt/e/git/for-build/edk2/ArmPkg/Library/GccLto/liblto-aarch64.a

.eh_frame
 *(.eh_frame)

.rela           0x0000000000019928      0xc00
 *(.rela .rela.*)
 .rela.got      0x0000000000019928        0x0 /mnt/e/git/for-build/edk2/ArmPkg/Library/GccLto/liblto-aarch64.a
 .rela.plt      0x0000000000019928        0x0 /mnt/e/git/for-build/edk2/ArmPkg/Library/GccLto/liblto-aarch64.a
 .rela.bss      0x0000000000019928        0x0 /mnt/e/git/for-build/edk2/ArmPkg/Library/GccLto/liblto-aarch64.a
 .rela.data.rel.ro
                0x0000000000019928        0x0 /mnt/e/git/for-build/edk2/ArmPkg/Library/GccLto/liblto-aarch64.a
 .rela.ifunc    0x0000000000019928        0x0 /mnt/e/git/for-build/edk2/ArmPkg/Library/GccLto/liblto-aarch64.a
 .rela.data.mBmHotkeyList
                0x0000000000019928       0x30 /mnt/e/git/for-build/edk2/ArmPkg/Library/GccLto/liblto-aarch64.a
 .rela.data.mPlatformBootDescriptionHandlers
                0x0000000000019958       0x30 /mnt/e/git/for-build/edk2/ArmPkg/Library/GccLto/liblto-aarch64.a
 .rela.rodata.mBdsLoadOptionName
                0x0000000000019988       0x60 /mnt/e/git/for-build/edk2/ArmPkg/Library/GccLto/liblto-aarch64.a
 .rela.rodata.mBmBootDescriptionHandlers
                0x00000000000199e8       0x90 /mnt/e/git/for-build/edk2/ArmPkg/Library/GccLto/liblto-aarch64.a
 .rela.rodata.mBmHealthStatusText
                0x0000000000019a78       0x90 /mnt/e/git/for-build/edk2/ArmPkg/Library/GccLto/liblto-aarch64.a
 .rela.rodata.mBmLoadOptionOrderName
                0x0000000000019b08       0x48 /mnt/e/git/for-build/edk2/ArmPkg/Library/GccLto/liblto-aarch64.a
 .rela.rodata.mStatusString
                0x0000000000019b50      0x3a8 /mnt/e/git/for-build/edk2/ArmPkg/Library/GccLto/liblto-aarch64.a
 .rela.rodata.mUefiDevicePathLibToTextTable
                0x0000000000019ef8      0x498 /mnt/e/git/for-build/edk2/ArmPkg/Library/GccLto/liblto-aarch64.a
 .rela.data.gBds
                0x000000000001a390       0x18 /mnt/e/git/for-build/edk2/ArmPkg/Library/GccLto/liblto-aarch64.a
 .rela.rodata.mConVarName
                0x000000000001a3a8       0x90 /mnt/e/git/for-build/edk2/ArmPkg/Library/GccLto/liblto-aarch64.a
 .rela.rodata.mReadOnlyVariables
                0x000000000001a438       0x78 /mnt/e/git/for-build/edk2/ArmPkg/Library/GccLto/liblto-aarch64.a
 .rela.rodata.mUefiDevicePathLibToTextTableGeneric
                0x000000000001a4b0       0x78 /mnt/e/git/for-build/edk2/ArmPkg/Library/GccLto/liblto-aarch64.a

.hii
 *(.hii)

.build-id       0x000000000001a528       0x24
 *(.note.gnu.build-id)
 .note.gnu.build-id
                0x000000000001a528       0x24 /mnt/e/git/for-build/edk2/ArmPkg/Library/GccLto/liblto-aarch64.a

/DISCARD/
 *(.note.GNU-stack)
 *(.gnu_debuglink)
 *(.interp)
 *(.dynsym)
 *(.dynstr)
 *(.dynamic)
 *(.hash .gnu.hash)
 *(.comment)
 *(COMMON)
                0x0000000000000228                PECOFF_HEADER_SIZE = 0x228
OUTPUT(/mnt/e/git/for-build/edk2-lithium/workspace/Build/XiaomiMIXPkg/DEBUG_GCC5/AARCH64/MdeModulePkg/Universal/BdsDxe/BdsDxe/DEBUG/BdsDxe.dll elf64-littleaarch64)

.debug_info     0x0000000000000000    0x2b36c
 .debug_info    0x0000000000000000    0x1627a /tmp/ccGMfcE0.ltrans0.ltrans.o
 .debug_info    0x000000000001627a    0x150f2 /tmp/ccGMfcE0.ltrans1.ltrans.o

.debug_abbrev   0x0000000000000000     0x1061
 .debug_abbrev  0x0000000000000000      0x878 /tmp/ccGMfcE0.ltrans0.ltrans.o
 .debug_abbrev  0x0000000000000878      0x7e9 /tmp/ccGMfcE0.ltrans1.ltrans.o

.debug_loc      0x0000000000000000    0x1dbd6
 .debug_loc     0x0000000000000000     0xf3a9 /tmp/ccGMfcE0.ltrans0.ltrans.o
 .debug_loc     0x000000000000f3a9     0xe82d /tmp/ccGMfcE0.ltrans1.ltrans.o

.debug_aranges  0x0000000000000000      0xf40
 .debug_aranges
                0x0000000000000000      0x600 /tmp/ccGMfcE0.ltrans0.ltrans.o
 .debug_aranges
                0x0000000000000600      0x940 /tmp/ccGMfcE0.ltrans1.ltrans.o

.debug_ranges   0x0000000000000000     0x2db0
 .debug_ranges  0x0000000000000000     0x1860 /tmp/ccGMfcE0.ltrans0.ltrans.o
 .debug_ranges  0x0000000000001860     0x1550 /tmp/ccGMfcE0.ltrans1.ltrans.o

.debug_line     0x0000000000000000     0x58dc
 .debug_line    0x0000000000000000     0x2d50 /tmp/ccGMfcE0.ltrans0.ltrans.o
 .debug_line    0x0000000000002d50     0x2b8c /tmp/ccGMfcE0.ltrans1.ltrans.o

.debug_str      0x0000000000000000     0xa690
 .debug_str     0x0000000000000000     0x7575 /tmp/ccGMfcE0.ltrans0.ltrans.o
                                       0x829e (size before relaxing)
 .debug_str     0x0000000000007575     0x311b /tmp/ccGMfcE0.ltrans1.ltrans.o
                                       0x6e36 (size before relaxing)

.debug_frame    0x0000000000000000     0x3228
 .debug_frame   0x0000000000000000     0x16a0 /tmp/ccGMfcE0.ltrans0.ltrans.o
 .debug_frame   0x00000000000016a0     0x1b88 /tmp/ccGMfcE0.ltrans1.ltrans.o
